Archive member included to satisfy reference by file (symbol)

c:/program files/atollic/truestudio for stm32 9.3.0/armtools/bin/../lib/gcc/arm-atollic-eabi/6.3.1/../../../../arm-atollic-eabi/lib/armv7-m\libc_nano.a(lib_a-atoi.o)
                              Src\shell_cmd.o (atoi)
c:/program files/atollic/truestudio for stm32 9.3.0/armtools/bin/../lib/gcc/arm-atollic-eabi/6.3.1/../../../../arm-atollic-eabi/lib/armv7-m\libc_nano.a(lib_a-errno.o)
                              Src\syscalls.o (__errno)
c:/program files/atollic/truestudio for stm32 9.3.0/armtools/bin/../lib/gcc/arm-atollic-eabi/6.3.1/../../../../arm-atollic-eabi/lib/armv7-m\libc_nano.a(lib_a-impure.o)
                              c:/program files/atollic/truestudio for stm32 9.3.0/armtools/bin/../lib/gcc/arm-atollic-eabi/6.3.1/../../../../arm-atollic-eabi/lib/armv7-m\libc_nano.a(lib_a-errno.o) (_impure_ptr)
c:/program files/atollic/truestudio for stm32 9.3.0/armtools/bin/../lib/gcc/arm-atollic-eabi/6.3.1/../../../../arm-atollic-eabi/lib/armv7-m\libc_nano.a(lib_a-init.o)
                              startup\startup_stm32f103xb.o (__libc_init_array)
c:/program files/atollic/truestudio for stm32 9.3.0/armtools/bin/../lib/gcc/arm-atollic-eabi/6.3.1/../../../../arm-atollic-eabi/lib/armv7-m\libc_nano.a(lib_a-malloc.o)
                              Src\dmx512_config.o (malloc)
c:/program files/atollic/truestudio for stm32 9.3.0/armtools/bin/../lib/gcc/arm-atollic-eabi/6.3.1/../../../../arm-atollic-eabi/lib/armv7-m\libc_nano.a(lib_a-memset.o)
                              Drivers\STM32F1xx_HAL_Driver\Src\stm32f1xx_hal_rcc.o (memset)
c:/program files/atollic/truestudio for stm32 9.3.0/armtools/bin/../lib/gcc/arm-atollic-eabi/6.3.1/../../../../arm-atollic-eabi/lib/armv7-m\libc_nano.a(lib_a-nano-freer.o)
                              c:/program files/atollic/truestudio for stm32 9.3.0/armtools/bin/../lib/gcc/arm-atollic-eabi/6.3.1/../../../../arm-atollic-eabi/lib/armv7-m\libc_nano.a(lib_a-malloc.o) (_free_r)
c:/program files/atollic/truestudio for stm32 9.3.0/armtools/bin/../lib/gcc/arm-atollic-eabi/6.3.1/../../../../arm-atollic-eabi/lib/armv7-m\libc_nano.a(lib_a-nano-mallocr.o)
                              c:/program files/atollic/truestudio for stm32 9.3.0/armtools/bin/../lib/gcc/arm-atollic-eabi/6.3.1/../../../../arm-atollic-eabi/lib/armv7-m\libc_nano.a(lib_a-malloc.o) (_malloc_r)
c:/program files/atollic/truestudio for stm32 9.3.0/armtools/bin/../lib/gcc/arm-atollic-eabi/6.3.1/../../../../arm-atollic-eabi/lib/armv7-m\libc_nano.a(lib_a-sbrkr.o)
                              c:/program files/atollic/truestudio for stm32 9.3.0/armtools/bin/../lib/gcc/arm-atollic-eabi/6.3.1/../../../../arm-atollic-eabi/lib/armv7-m\libc_nano.a(lib_a-nano-mallocr.o) (_sbrk_r)
c:/program files/atollic/truestudio for stm32 9.3.0/armtools/bin/../lib/gcc/arm-atollic-eabi/6.3.1/../../../../arm-atollic-eabi/lib/armv7-m\libc_nano.a(lib_a-strcat.o)
                              Src\shell.o (strcat)
c:/program files/atollic/truestudio for stm32 9.3.0/armtools/bin/../lib/gcc/arm-atollic-eabi/6.3.1/../../../../arm-atollic-eabi/lib/armv7-m\libc_nano.a(lib_a-strlen.o)
                              Src\shell.o (strlen)
c:/program files/atollic/truestudio for stm32 9.3.0/armtools/bin/../lib/gcc/arm-atollic-eabi/6.3.1/../../../../arm-atollic-eabi/lib/armv7-m\libc_nano.a(lib_a-strncmp.o)
                              Src\shell.o (strncmp)
c:/program files/atollic/truestudio for stm32 9.3.0/armtools/bin/../lib/gcc/arm-atollic-eabi/6.3.1/../../../../arm-atollic-eabi/lib/armv7-m\libc_nano.a(lib_a-strncpy.o)
                              Src\shell.o (strncpy)
c:/program files/atollic/truestudio for stm32 9.3.0/armtools/bin/../lib/gcc/arm-atollic-eabi/6.3.1/../../../../arm-atollic-eabi/lib/armv7-m\libc_nano.a(lib_a-strtok.o)
                              Src\shell.o (strtok)
c:/program files/atollic/truestudio for stm32 9.3.0/armtools/bin/../lib/gcc/arm-atollic-eabi/6.3.1/../../../../arm-atollic-eabi/lib/armv7-m\libc_nano.a(lib_a-strtok_r.o)
                              c:/program files/atollic/truestudio for stm32 9.3.0/armtools/bin/../lib/gcc/arm-atollic-eabi/6.3.1/../../../../arm-atollic-eabi/lib/armv7-m\libc_nano.a(lib_a-strtok.o) (__strtok_r)
c:/program files/atollic/truestudio for stm32 9.3.0/armtools/bin/../lib/gcc/arm-atollic-eabi/6.3.1/../../../../arm-atollic-eabi/lib/armv7-m\libc_nano.a(lib_a-strtol.o)
                              c:/program files/atollic/truestudio for stm32 9.3.0/armtools/bin/../lib/gcc/arm-atollic-eabi/6.3.1/../../../../arm-atollic-eabi/lib/armv7-m\libc_nano.a(lib_a-atoi.o) (_strtol_r)
c:/program files/atollic/truestudio for stm32 9.3.0/armtools/bin/../lib/gcc/arm-atollic-eabi/6.3.1/../../../../arm-atollic-eabi/lib/armv7-m\libc_nano.a(lib_a-vsnprintf.o)
                              Src\shell.o (vsnprintf)
[...]
Memory Configuration

Name             Origin             Length             Attributes
RAM              0x20000000         0x00005000         xrw
FLASH            0x08000000         0x00020000         xr
*default*        0x00000000         0xffffffff

Linker script and memory map

LOAD c:/program files/atollic/truestudio for stm32 9.3.0/armtools/bin/../lib/gcc/arm-atollic-eabi/6.3.1/armv7-m/crti.o
LOAD c:/program files/atollic/truestudio for stm32 9.3.0/armtools/bin/../lib/gcc/arm-atollic-eabi/6.3.1/armv7-m/crtbegin.o
LOAD Drivers\STM32F1xx_HAL_Driver\Src\stm32f1xx_hal.o
LOAD Drivers\STM32F1xx_HAL_Driver\Src\stm32f1xx_hal_adc.o
LOAD Drivers\STM32F1xx_HAL_Driver\Src\stm32f1xx_hal_adc_ex.o
LOAD Drivers\STM32F1xx_HAL_Driver\Src\stm32f1xx_hal_cortex.o
LOAD Drivers\STM32F1xx_HAL_Driver\Src\stm32f1xx_hal_dma.o
LOAD Drivers\STM32F1xx_HAL_Driver\Src\stm32f1xx_hal_exti.o
LOAD Drivers\STM32F1xx_HAL_Driver\Src\stm32f1xx_hal_flash.o
LOAD Drivers\STM32F1xx_HAL_Driver\Src\stm32f1xx_hal_flash_ex.o
LOAD Drivers\STM32F1xx_HAL_Driver\Src\stm32f1xx_hal_gpio.o
LOAD Drivers\STM32F1xx_HAL_Driver\Src\stm32f1xx_hal_gpio_ex.o
LOAD Drivers\STM32F1xx_HAL_Driver\Src\stm32f1xx_hal_iwdg.o
LOAD Drivers\STM32F1xx_HAL_Driver\Src\stm32f1xx_hal_pcd.o
LOAD Drivers\STM32F1xx_HAL_Driver\Src\stm32f1xx_hal_pcd_ex.o
LOAD Drivers\STM32F1xx_HAL_Driver\Src\stm32f1xx_hal_pwr.o
LOAD Drivers\STM32F1xx_HAL_Driver\Src\stm32f1xx_hal_rcc.o
LOAD Drivers\STM32F1xx_HAL_Driver\Src\stm32f1xx_hal_rcc_ex.o
LOAD Drivers\STM32F1xx_HAL_Driver\Src\stm32f1xx_hal_tim.o
LOAD Drivers\STM32F1xx_HAL_Driver\Src\stm32f1xx_hal_tim_ex.o
LOAD Drivers\STM32F1xx_HAL_Driver\Src\stm32f1xx_hal_uart.o
LOAD Drivers\STM32F1xx_HAL_Driver\Src\stm32f1xx_ll_usb.o
LOAD Middlewares\ST\STM32_USB_Device_Library\Class\CDC\Src\usbd_cdc.o
LOAD Middlewares\ST\STM32_USB_Device_Library\Core\Src\usbd_core.o
LOAD Middlewares\ST\STM32_USB_Device_Library\Core\Src\usbd_ctlreq.o
LOAD Middlewares\ST\STM32_USB_Device_Library\Core\Src\usbd_ioreq.o
LOAD Src\dmx512_config.o
LOAD Src\dmx512_rec.o
LOAD Src\eeprom.o
LOAD Src\gpio_control.o
LOAD Src\light_update.o
LOAD Src\main.o
LOAD Src\pwm_control.o
LOAD Src\serial_tracer.o
LOAD Src\settings.o
LOAD Src\shell.o
LOAD Src\shell_cmd.o
LOAD Src\stm32f1xx_hal_msp.o
LOAD Src\stm32f1xx_it.o
LOAD Src\syscalls.o
LOAD Src\system_stm32f1xx.o
LOAD Src\usb_device.o
LOAD Src\usbd_cdc_if.o
LOAD Src\usbd_conf.o
LOAD Src\usbd_desc.o
LOAD Src\vt100.o
LOAD startup\startup_stm32f103xb.o
                0x00000080                malloc_getpagesize_P = 0x80
START GROUP
LOAD c:/program files/atollic/truestudio for stm32 9.3.0/armtools/bin/../lib/gcc/arm-atollic-eabi/6.3.1/../../../../arm-atollic-eabi/lib/armv7-m\libc_nano.a
LOAD c:/program files/atollic/truestudio for stm32 9.3.0/armtools/bin/../lib/gcc/arm-atollic-eabi/6.3.1/../../../../arm-atollic-eabi/lib/armv7-m\libm.a
END GROUP
START GROUP
LOAD c:/program files/atollic/truestudio for stm32 9.3.0/armtools/bin/../lib/gcc/arm-atollic-eabi/6.3.1/armv7-m\libgcc.a
LOAD c:/program files/atollic/truestudio for stm32 9.3.0/armtools/bin/../lib/gcc/arm-atollic-eabi/6.3.1/../../../../arm-atollic-eabi/lib/armv7-m\libc_nano.a
END GROUP
START GROUP
LOAD c:/program files/atollic/truestudio for stm32 9.3.0/armtools/bin/../lib/gcc/arm-atollic-eabi/6.3.1/armv7-m\libgcc.a
LOAD c:/program files/atollic/truestudio for stm32 9.3.0/armtools/bin/../lib/gcc/arm-atollic-eabi/6.3.1/../../../../arm-atollic-eabi/lib/armv7-m\libc_nano.a
LOAD c:/program files/atollic/truestudio for stm32 9.3.0/armtools/bin/../lib/gcc/arm-atollic-eabi/6.3.1/../../../../arm-atollic-eabi/lib/armv7-m\libnosys.a
END GROUP
START GROUP
LOAD c:/program files/atollic/truestudio for stm32 9.3.0/armtools/bin/../lib/gcc/arm-atollic-eabi/6.3.1/armv7-m\libgcc.a
LOAD c:/program files/atollic/truestudio for stm32 9.3.0/armtools/bin/../lib/gcc/arm-atollic-eabi/6.3.1/../../../../arm-atollic-eabi/lib/armv7-m\libc_nano.a
LOAD c:/program files/atollic/truestudio for stm32 9.3.0/armtools/bin/../lib/gcc/arm-atollic-eabi/6.3.1/../../../../arm-atollic-eabi/lib/armv7-m\libnosys.a
END GROUP
LOAD c:/program files/atollic/truestudio for stm32 9.3.0/armtools/bin/../lib/gcc/arm-atollic-eabi/6.3.1/armv7-m/crtend.o
LOAD c:/program files/atollic/truestudio for stm32 9.3.0/armtools/bin/../lib/gcc/arm-atollic-eabi/6.3.1/armv7-m/crtn.o
                0x20005000                _estack = 0x20005000
                0x00000200                _Min_Heap_Size = 0x200
                0x00000400                _Min_Stack_Size = 0x400

.isr_vector     0x08000000      0x10c
                0x08000000                . = ALIGN (0x4)
 *(.isr_vector)
 .isr_vector    0x08000000      0x10c startup\startup_stm32f103xb.o
                0x08000000                g_pfnVectors
                0x0800010c                . = ALIGN (0x4)

.text           0x0800010c     0x485c
                0x0800010c                . = ALIGN (0x4)
 *(.text)
 .text          0x0800010c       0x40 c:/program files/atollic/truestudio for stm32 9.3.0/armtools/bin/../lib/gcc/arm-atollic-eabi/6.3.1/armv7-m/crtbegin.o
 .text          0x0800014c       0x10 c:/program files/atollic/truestudio for stm32 9.3.0/armtools/bin/../lib/gcc/arm-atollic-eabi/6.3.1/../../../../arm-atollic-eabi/lib/armv7-m\libc_nano.a(lib_a-strlen.o)
                0x0800014c                strlen
 *(.text*)
 .text.HAL_InitTick
                0x0800015c       0x48 Drivers\STM32F1xx_HAL_Driver\Src\stm32f1xx_hal.o
                0x0800015c                HAL_InitTick
 .text.HAL_Init
                0x080001a4       0x24 Drivers\STM32F1xx_HAL_Driver\Src\stm32f1xx_hal.o
                0x080001a4                HAL_Init
 .text.HAL_IncTick
                0x080001c8       0x18 Drivers\STM32F1xx_HAL_Driver\Src\stm32f1xx_hal.o
                0x080001c8                HAL_IncTick
 .text.HAL_GetTick
                0x080001e0        0xc Drivers\STM32F1xx_HAL_Driver\Src\stm32f1xx_hal.o
                0x080001e0                HAL_GetTick
 .text.HAL_ADC_ConfigChannel
                0x080001ec      0x108 Drivers\STM32F1xx_HAL_Driver\Src\stm32f1xx_hal_adc.o
                0x080001ec                HAL_ADC_ConfigChannel
 .text.ADC_ConversionStop_Disable
                0x080002f4       0x44 Drivers\STM32F1xx_HAL_Driver\Src\stm32f1xx_hal_adc.o
                0x080002f4                ADC_ConversionStop_Disable
 .text.HAL_ADC_Init
                0x08000338      0x100 Drivers\STM32F1xx_HAL_Driver\Src\stm32f1xx_hal_adc.o
                0x08000338                HAL_ADC_Init
 .text.HAL_NVIC_SetPriorityGrouping
                0x08000438       0x24 Drivers\STM32F1xx_HAL_Driver\Src\stm32f1xx_hal_cortex.o
                0x08000438                HAL_NVIC_SetPriorityGrouping
 .text.HAL_NVIC_SetPriority
                0x0800045c       0x68 Drivers\STM32F1xx_HAL_Driver\Src\stm32f1xx_hal_cortex.o
                0x0800045c                HAL_NVIC_SetPriority
 .text.HAL_NVIC_EnableIRQ
                0x080004c4       0x1c Drivers\STM32F1xx_HAL_Driver\Src\stm32f1xx_hal_cortex.o
                0x080004c4                HAL_NVIC_EnableIRQ
 .text.HAL_SYSTICK_Config
                0x080004e0       0x2c Drivers\STM32F1xx_HAL_Driver\Src\stm32f1xx_hal_cortex.o
                0x080004e0                HAL_SYSTICK_Config
 .text.HAL_DMA_Abort_IT
                0x0800050c       0x90 Drivers\STM32F1xx_HAL_Driver\Src\stm32f1xx_hal_dma.o
                0x0800050c                HAL_DMA_Abort_IT
 .text.HAL_GPIO_Init
                0x0800059c      0x1c4 Drivers\STM32F1xx_HAL_Driver\Src\stm32f1xx_hal_gpio.o
                0x0800059c                HAL_GPIO_Init
 .text.HAL_GPIO_ReadPin
                0x08000760        0xc Drivers\STM32F1xx_HAL_Driver\Src\stm32f1xx_hal_gpio.o
                0x08000760                HAL_GPIO_ReadPin
 .text.HAL_GPIO_WritePin
                0x0800076c        0xa Drivers\STM32F1xx_HAL_Driver\Src\stm32f1xx_hal_gpio.o
                0x0800076c                HAL_GPIO_WritePin
 .text.HAL_PCD_SetAddress
                0x08000776       0x28 Drivers\STM32F1xx_HAL_Driver\Src\stm32f1xx_hal_pcd.o
                0x08000776                HAL_PCD_SetAddress
 .text.HAL_PCD_EP_Open
                0x0800079e       0x66 Drivers\STM32F1xx_HAL_Driver\Src\stm32f1xx_hal_pcd.o
                0x0800079e                HAL_PCD_EP_Open
 .text.HAL_PCD_EP_Receive
                0x08000804       0x30 Drivers\STM32F1xx_HAL_Driver\Src\stm32f1xx_hal_pcd.o
                0x08000804                HAL_PCD_EP_Receive
 .text.HAL_PCD_EP_Transmit
                0x08000834       0x2c Drivers\STM32F1xx_HAL_Driver\Src\stm32f1xx_hal_pcd.o
                0x08000834                HAL_PCD_EP_Transmit
 .text.HAL_PCD_IRQHandler
                0x08000860      0x44c Drivers\STM32F1xx_HAL_Driver\Src\stm32f1xx_hal_pcd.o
                0x08000860                HAL_PCD_IRQHandler
 .text.HAL_PCD_EP_SetStall
                0x08000cac       0x68 Drivers\STM32F1xx_HAL_Driver\Src\stm32f1xx_hal_pcd.o
                0x08000cac                HAL_PCD_EP_SetStall
 .text.HAL_PCD_EP_ClrStall
                0x08000d14       0x64 Drivers\STM32F1xx_HAL_Driver\Src\stm32f1xx_hal_pcd.o
                0x08000d14                HAL_PCD_EP_ClrStall
 .text.HAL_RCC_OscConfig
                0x08000d78      0x33c Drivers\STM32F1xx_HAL_Driver\Src\stm32f1xx_hal_rcc.o
                0x08000d78                HAL_RCC_OscConfig
 .text.HAL_RCC_GetSysClockFreq
                0x080010b4       0x78 Drivers\STM32F1xx_HAL_Driver\Src\stm32f1xx_hal_rcc.o
                0x080010b4                HAL_RCC_GetSysClockFreq
 .text.HAL_RCC_ClockConfig
                0x0800112c      0x13c Drivers\STM32F1xx_HAL_Driver\Src\stm32f1xx_hal_rcc.o
                0x0800112c                HAL_RCC_ClockConfig
 .text.HAL_RCC_GetPCLK1Freq
                0x08001268       0x20 Drivers\STM32F1xx_HAL_Driver\Src\stm32f1xx_hal_rcc.o
                0x08001268                HAL_RCC_GetPCLK1Freq
 .text.HAL_RCC_GetPCLK2Freq
                0x08001288       0x20 Drivers\STM32F1xx_HAL_Driver\Src\stm32f1xx_hal_rcc.o
                0x08001288                HAL_RCC_GetPCLK2Freq
 .text.HAL_RCCEx_PeriphCLKConfig
                0x080012a8       0xf0 Drivers\STM32F1xx_HAL_Driver\Src\stm32f1xx_hal_rcc_ex.o
                0x080012a8                HAL_RCCEx_PeriphCLKConfig
 .text.TIM_OC1_SetConfig
                0x08001398       0x50 Drivers\STM32F1xx_HAL_Driver\Src\stm32f1xx_hal_tim.o
 .text.TIM_OC3_SetConfig
                0x080013e8       0x54 Drivers\STM32F1xx_HAL_Driver\Src\stm32f1xx_hal_tim.o
 .text.TIM_OC4_SetConfig
                0x0800143c       0x44 Drivers\STM32F1xx_HAL_Driver\Src\stm32f1xx_hal_tim.o
 .text.HAL_TIM_Base_MspInit
                0x08001480        0x2 Drivers\STM32F1xx_HAL_Driver\Src\stm32f1xx_hal_tim.o
                0x08001480                HAL_TIM_Base_MspInit
 .text.HAL_TIM_Base_Start
                0x08001482       0x24 Drivers\STM32F1xx_HAL_Driver\Src\stm32f1xx_hal_tim.o
                0x08001482                HAL_TIM_Base_Start
 .text.HAL_TIM_PWM_MspInit
                0x080014a6        0x2 Drivers\STM32F1xx_HAL_Driver\Src\stm32f1xx_hal_tim.o
                0x080014a6                HAL_TIM_PWM_MspInit
 .text.TIM_Base_SetConfig
                0x080014a8       0x70 Drivers\STM32F1xx_HAL_Driver\Src\stm32f1xx_hal_tim.o
                0x080014a8                TIM_Base_SetConfig
 .text.HAL_TIM_Base_Init
                0x08001518       0x34 Drivers\STM32F1xx_HAL_Driver\Src\stm32f1xx_hal_tim.o
                0x08001518                HAL_TIM_Base_Init
 .text.HAL_TIM_PWM_Init
                0x0800154c       0x34 Drivers\STM32F1xx_HAL_Driver\Src\stm32f1xx_hal_tim.o
                0x0800154c                HAL_TIM_PWM_Init
 .text.TIM_OC2_SetConfig
                0x08001580       0x58 Drivers\STM32F1xx_HAL_Driver\Src\stm32f1xx_hal_tim.o
                0x08001580                TIM_OC2_SetConfig
 .text.HAL_TIM_PWM_ConfigChannel
                0x080015d8       0xc4 Drivers\STM32F1xx_HAL_Driver\Src\stm32f1xx_hal_tim.o
                0x080015d8                HAL_TIM_PWM_ConfigChannel
 .text.TIM_ETR_SetConfig
                0x0800169c       0x14 Drivers\STM32F1xx_HAL_Driver\Src\stm32f1xx_hal_tim.o
                0x0800169c                TIM_ETR_SetConfig
 .text.HAL_TIM_ConfigClockSource
                0x080016b0      0x128 Drivers\STM32F1xx_HAL_Driver\Src\stm32f1xx_hal_tim.o
                0x080016b0                HAL_TIM_ConfigClockSource
 .text.TIM_CCxChannelCmd
                0x080017d8       0x1c Drivers\STM32F1xx_HAL_Driver\Src\stm32f1xx_hal_tim.o
                0x080017d8                TIM_CCxChannelCmd
 .text.HAL_TIM_PWM_Start
                0x080017f4       0x38 Drivers\STM32F1xx_HAL_Driver\Src\stm32f1xx_hal_tim.o
                0x080017f4                HAL_TIM_PWM_Start
 .text.UART_EndRxTransfer
                0x0800182c       0x1a Drivers\STM32F1xx_HAL_Driver\Src\stm32f1xx_hal_uart.o
 *fill*         0x08001846        0x2 
 .text.UART_SetConfig
                0x08001848       0x74 Drivers\STM32F1xx_HAL_Driver\Src\stm32f1xx_hal_uart.o
 .text.UART_WaitOnFlagUntilTimeout.constprop.3
                0x080018bc       0x50 Drivers\STM32F1xx_HAL_Driver\Src\stm32f1xx_hal_uart.o
 .text.HAL_UART_Init
                0x0800190c       0x5c Drivers\STM32F1xx_HAL_Driver\Src\stm32f1xx_hal_uart.o
                0x0800190c                HAL_UART_Init
 .text.HAL_HalfDuplex_Init
                0x08001968       0x64 Drivers\STM32F1xx_HAL_Driver\Src\stm32f1xx_hal_uart.o
                0x08001968                HAL_HalfDuplex_Init
 .text.HAL_UART_Transmit
                0x080019cc       0xb8 Drivers\STM32F1xx_HAL_Driver\Src\stm32f1xx_hal_uart.o
                0x080019cc                HAL_UART_Transmit
 .text.HAL_UART_Receive
                0x08001a84       0xbe Drivers\STM32F1xx_HAL_Driver\Src\stm32f1xx_hal_uart.o
                0x08001a84                HAL_UART_Receive
 .text.HAL_UART_Receive_IT
                0x08001b42       0x4e Drivers\STM32F1xx_HAL_Driver\Src\stm32f1xx_hal_uart.o
                0x08001b42                HAL_UART_Receive_IT
 .text.HAL_UART_TxCpltCallback
                0x08001b90        0x2 Drivers\STM32F1xx_HAL_Driver\Src\stm32f1xx_hal_uart.o
                0x08001b90                HAL_UART_TxCpltCallback
 .text.UART_Receive_IT
                0x08001b92       0x7c Drivers\STM32F1xx_HAL_Driver\Src\stm32f1xx_hal_uart.o
 .text.HAL_UART_ErrorCallback
                0x08001c0e        0x2 Drivers\STM32F1xx_HAL_Driver\Src\stm32f1xx_hal_uart.o
                0x08001c0e                HAL_UART_ErrorCallback
 .text.HAL_UART_IRQHandler
                0x08001c10      0x140 Drivers\STM32F1xx_HAL_Driver\Src\stm32f1xx_hal_uart.o
                0x08001c10                HAL_UART_IRQHandler
 .text.UART_DMAAbortOnError
                0x08001d50       0x10 Drivers\STM32F1xx_HAL_Driver\Src\stm32f1xx_hal_uart.o
 .text.HAL_HalfDuplex_EnableReceiver
                0x08001d60       0x30 Drivers\STM32F1xx_HAL_Driver\Src\stm32f1xx_hal_uart.o
                0x08001d60                HAL_HalfDuplex_EnableReceiver
 .text.USB_ActivateEndpoint
                0x08001d90      0x2f0 Drivers\STM32F1xx_HAL_Driver\Src\stm32f1xx_ll_usb.o
                0x08001d90                USB_ActivateEndpoint
 .text.USB_EPSetStall
                0x08002080       0x40 Drivers\STM32F1xx_HAL_Driver\Src\stm32f1xx_ll_usb.o
                0x08002080                USB_EPSetStall
 .text.USB_EPClearStall
                0x080020c0       0x96 Drivers\STM32F1xx_HAL_Driver\Src\stm32f1xx_ll_usb.o
                0x080020c0                USB_EPClearStall
 .text.USB_SetDevAddress
                0x08002156        0xc Drivers\STM32F1xx_HAL_Driver\Src\stm32f1xx_ll_usb.o
                0x08002156                USB_SetDevAddress
 .text.USB_ReadInterrupts
                0x08002162        0x8 Drivers\STM32F1xx_HAL_Driver\Src\stm32f1xx_ll_usb.o
                0x08002162                USB_ReadInterrupts
 .text.USB_EP0_OutStart
                0x0800216a        0x4 Drivers\STM32F1xx_HAL_Driver\Src\stm32f1xx_ll_usb.o
                0x0800216a                USB_EP0_OutStart
 .text.USB_WritePMA
                0x0800216e       0x20 Drivers\STM32F1xx_HAL_Driver\Src\stm32f1xx_ll_usb.o
                0x0800216e                USB_WritePMA
 *fill*         0x0800218e        0x2 
 .text.USB_EPStartXfer
                0x08002190      0x1d0 Drivers\STM32F1xx_HAL_Driver\Src\stm32f1xx_ll_usb.o
                0x08002190                USB_EPStartXfer
 .text.USB_ReadPMA
                0x08002360       0x38 Drivers\STM32F1xx_HAL_Driver\Src\stm32f1xx_ll_usb.o
                0x08002360                USB_ReadPMA
 .text.USBD_SetClassConfig
                0x08002398       0x16 Middlewares\ST\STM32_USB_Device_Library\Core\Src\usbd_core.o
                0x08002398                USBD_SetClassConfig
 .text.USBD_ClrClassConfig
                0x080023ae        0xe Middlewares\ST\STM32_USB_Device_Library\Core\Src\usbd_core.o
                0x080023ae                USBD_ClrClassConfig
 .text.USBD_LL_SetupStage
                0x080023bc       0x5a Middlewares\ST\STM32_USB_Device_Library\Core\Src\usbd_core.o
                0x080023bc                USBD_LL_SetupStage
 .text.USBD_LL_DataOutStage
                0x08002416       0x74 Middlewares\ST\STM32_USB_Device_Library\Core\Src\usbd_core.o
                0x08002416                USBD_LL_DataOutStage
 .text.USBD_LL_DataInStage
                0x0800248a       0xb6 Middlewares\ST\STM32_USB_Device_Library\Core\Src\usbd_core.o
                0x0800248a                USBD_LL_DataInStage
 .text.USBD_LL_Reset
                0x08002540       0x4e Middlewares\ST\STM32_USB_Device_Library\Core\Src\usbd_core.o
                0x08002540                USBD_LL_Reset
 .text.USBD_LL_SetSpeed
                0x0800258e        0x6 Middlewares\ST\STM32_USB_Device_Library\Core\Src\usbd_core.o
                0x0800258e                USBD_LL_SetSpeed
 .text.USBD_LL_Suspend
                0x08002594       0x12 Middlewares\ST\STM32_USB_Device_Library\Core\Src\usbd_core.o
                0x08002594                USBD_LL_Suspend
 .text.USBD_LL_Resume
                0x080025a6       0x14 Middlewares\ST\STM32_USB_Device_Library\Core\Src\usbd_core.o
                0x080025a6                USBD_LL_Resume
 .text.USBD_LL_SOF
                0x080025ba       0x18 Middlewares\ST\STM32_USB_Device_Library\Core\Src\usbd_core.o
                0x080025ba                USBD_LL_SOF
 .text.USBD_CtlError.constprop.1
                0x080025d2       0x16 Middlewares\ST\STM32_USB_Device_Library\Core\Src\usbd_ctlreq.o
 .text.USBD_StdDevReq
                0x080025e8      0x248 Middlewares\ST\STM32_USB_Device_Library\Core\Src\usbd_ctlreq.o
                0x080025e8                USBD_StdDevReq
 .text.USBD_StdItfReq
                0x08002830       0x4a Middlewares\ST\STM32_USB_Device_Library\Core\Src\usbd_ctlreq.o
                0x08002830                USBD_StdItfReq
 .text.USBD_StdEPReq
                0x0800287a      0x112 Middlewares\ST\STM32_USB_Device_Library\Core\Src\usbd_ctlreq.o
                0x0800287a                USBD_StdEPReq
 .text.USBD_ParseSetupRequest
                0x0800298c       0x28 Middlewares\ST\STM32_USB_Device_Library\Core\Src\usbd_ctlreq.o
                0x0800298c                USBD_ParseSetupRequest
 .text.USBD_CtlSendData
                0x080029b4       0x1a Middlewares\ST\STM32_USB_Device_Library\Core\Src\usbd_ioreq.o
                0x080029b4                USBD_CtlSendData
 .text.USBD_CtlContinueSendData
                0x080029ce       0x10 Middlewares\ST\STM32_USB_Device_Library\Core\Src\usbd_ioreq.o
                0x080029ce                USBD_CtlContinueSendData
 .text.USBD_CtlContinueRx
                0x080029de       0x10 Middlewares\ST\STM32_USB_Device_Library\Core\Src\usbd_ioreq.o
                0x080029de                USBD_CtlContinueRx
 .text.USBD_CtlSendStatus
                0x080029ee       0x16 Middlewares\ST\STM32_USB_Device_Library\Core\Src\usbd_ioreq.o
                0x080029ee                USBD_CtlSendStatus
 .text.USBD_CtlReceiveStatus
                0x08002a04       0x16 Middlewares\ST\STM32_USB_Device_Library\Core\Src\usbd_ioreq.o
                0x08002a04                USBD_CtlReceiveStatus
 *fill*         0x08002a1a        0x2 
 .text.get_addr
                0x08002a1c        0xc Src\dmx512_config.o
                0x08002a1c                get_addr
 .text.get_mode
                0x08002a28        0xc Src\dmx512_config.o
                0x08002a28                get_mode
 .text.get_reg_length
                0x08002a34        0xc Src\dmx512_config.o
                0x08002a34                get_reg_length
 .text.init_regs
                0x08002a40       0x2c Src\dmx512_config.o
                0x08002a40                init_regs
 .text.dmx512_init
                0x08002a6c       0x28 Src\dmx512_config.o
                0x08002a6c                dmx512_init
 .text.set_reg  0x08002a94       0x1c Src\dmx512_config.o
                0x08002a94                set_reg
 .text.get_reg  0x08002ab0       0x20 Src\dmx512_config.o
                0x08002ab0                get_reg
 .text.get_reg_name
                0x08002ad0       0x1c Src\dmx512_config.o
                0x08002ad0                get_reg_name
 .text.USART1_IRQHandler
                0x08002aec       0x34 Src\dmx512_rec.o
                0x08002aec                USART1_IRQHandler
 .text.HAL_UART_RxCpltCallback
                0x08002b20       0xe8 Src\dmx512_rec.o
                0x08002b20                HAL_UART_RxCpltCallback
 .text.dmx512_setRx
                0x08002c08       0x20 Src\dmx512_rec.o
                0x08002c08                dmx512_setRx
 .text.dmx512_rec_enable.part.0
                0x08002c28       0x28 Src\dmx512_rec.o
 .text.dmx512_rec_init
                0x08002c50        0x4 Src\dmx512_rec.o
                0x08002c50                dmx512_rec_init
 .text.get_mode_from_pins
                0x08002c54       0x2c Src\gpio_control.o
                0x08002c54                get_mode_from_pins
 .text.get_addr_from_pins
                0x08002c80       0x8c Src\gpio_control.o
                0x08002c80                get_addr_from_pins
 .text.scale_value
                0x08002d0c       0x20 Src\light_update.o
                0x08002d0c                scale_value
 .text.update_pwm_lights
                0x08002d2c      0x214 Src\light_update.o
                0x08002d2c                update_pwm_lights
 .text.init_update_lights
                0x08002f40       0x3c Src\light_update.o
                0x08002f40                init_update_lights
 .text.SystemClock_Config
                0x08002f7c       0x78 Src\main.o
                0x08002f7c                SystemClock_Config
 .text.startup.main
                0x08002ff4      0x2c4 Src\main.o
                0x08002ff4                main
 .text.Error_Handler
                0x080032b8        0x2 Src\main.o
                0x080032b8                Error_Handler
 *fill*         0x080032ba        0x2 
 .text.PWM_Timer_Init
                0x080032bc      0x12c Src\pwm_control.o
                0x080032bc                PWM_Timer_Init
 .text.init_timers
                0x080033e8       0x58 Src\pwm_control.o
                0x080033e8                init_timers
 .text.configPWM
                0x08003440       0x38 Src\pwm_control.o
                0x08003440                configPWM
 .text.tracer_puts
                0x08003478       0x14 Src\serial_tracer.o
                0x08003478                tracer_puts
 .text.tracer_getchar
                0x0800348c       0x24 Src\serial_tracer.o
                0x0800348c                tracer_getchar
 .text.cmd_buf_reset
                0x080034b0       0x18 Src\shell.o
 .text.load_command_from_command_history
                0x080034c8       0x7c Src\shell.o
 .text.send_vt100_key
                0x08003544       0x16 Src\shell.o
 .text.uart_receive_byte
                0x0800355a       0x12 Src\shell.o
                0x0800355a                uart_receive_byte
 .text.print    0x0800356c       0x40 Src\shell.o
                0x0800356c                print
 .text.print_no_newline
                0x080035ac       0x34 Src\shell.o
                0x080035ac                print_no_newline
 .text.shell_process
                0x080035e0      0x1fc Src\shell.o
                0x080035e0                shell_process
 .text.shell_cmd_dumpconfig
                0x080037dc       0x10 Src\shell_cmd.o
 .text.shell_cmd_getaddr
                0x080037ec       0x18 Src\shell_cmd.o
 .text.shell_cmd_getmode
                0x08003804       0x30 Src\shell_cmd.o
 .text.shell_cmd_dumpregs
                0x08003834       0x78 Src\shell_cmd.o
 .text.shell_cmd_setbrightness
                0x080038ac       0x1e Src\shell_cmd.o
 .text.shell_cmd_setpwm
                0x080038ca       0x30 Src\shell_cmd.o
 *fill*         0x080038fa        0x2 
 .text.shell_cmd_test
                0x080038fc       0x1c Src\shell_cmd.o
 .text.HAL_MspInit
                0x08003918       0x44 Src\stm32f1xx_hal_msp.o
                0x08003918                HAL_MspInit
 .text.HAL_ADC_MspInit
                0x0800395c       0xa0 Src\stm32f1xx_hal_msp.o
                0x0800395c                HAL_ADC_MspInit
 .text.HAL_UART_MspInit
                0x080039fc       0xd4 Src\stm32f1xx_hal_msp.o
                0x080039fc                HAL_UART_MspInit
 .text.NMI_Handler
                0x08003ad0        0x2 Src\stm32f1xx_it.o
                0x08003ad0                NMI_Handler
 .text.HardFault_Handler
                0x08003ad2        0x2 Src\stm32f1xx_it.o
                0x08003ad2                HardFault_Handler
 .text.MemManage_Handler
                0x08003ad4        0x2 Src\stm32f1xx_it.o
                0x08003ad4                MemManage_Handler
 .text.BusFault_Handler
                0x08003ad6        0x2 Src\stm32f1xx_it.o
                0x08003ad6                BusFault_Handler
 .text.UsageFault_Handler
                0x08003ad8        0x2 Src\stm32f1xx_it.o
                0x08003ad8                UsageFault_Handler
 .text.SVC_Handler
                0x08003ada        0x2 Src\stm32f1xx_it.o
                0x08003ada                SVC_Handler
 .text.DebugMon_Handler
                0x08003adc        0x2 Src\stm32f1xx_it.o
                0x08003adc                DebugMon_Handler
 .text.PendSV_Handler
                0x08003ade        0x2 Src\stm32f1xx_it.o
                0x08003ade                PendSV_Handler
 .text.SysTick_Handler
                0x08003ae0        0x4 Src\stm32f1xx_it.o
                0x08003ae0                SysTick_Handler
 .text.USB_LP_CAN1_RX0_IRQHandler
                0x08003ae4        0xc Src\stm32f1xx_it.o
                0x08003ae4                USB_LP_CAN1_RX0_IRQHandler
 .text._sbrk    0x08003af0       0x34 Src\syscalls.o
                0x08003af0                _sbrk
 .text.SystemInit
                0x08003b24       0x4c Src\system_stm32f1xx.o
                0x08003b24                SystemInit
 .text.HAL_PCD_SetupStageCallback
                0x08003b70        0xc Src\usbd_conf.o
                0x08003b70                HAL_PCD_SetupStageCallback
 .text.HAL_PCD_DataOutStageCallback
                0x08003b7c       0x10 Src\usbd_conf.o
                0x08003b7c                HAL_PCD_DataOutStageCallback
 .text.HAL_PCD_DataInStageCallback
                0x08003b8c        0xe Src\usbd_conf.o
                0x08003b8c                HAL_PCD_DataInStageCallback
 .text.HAL_PCD_SOFCallback
                0x08003b9a        0x8 Src\usbd_conf.o
                0x08003b9a                HAL_PCD_SOFCallback
 .text.HAL_PCD_ResetCallback
                0x08003ba2       0x24 Src\usbd_conf.o
                0x08003ba2                HAL_PCD_ResetCallback
 *fill*         0x08003bc6        0x2 
 .text.HAL_PCD_SuspendCallback
                0x08003bc8       0x20 Src\usbd_conf.o
                0x08003bc8                HAL_PCD_SuspendCallback
 .text.HAL_PCD_ResumeCallback
                0x08003be8        0x8 Src\usbd_conf.o
                0x08003be8                HAL_PCD_ResumeCallback
 .text.USBD_LL_OpenEP
                0x08003bf0       0x20 Src\usbd_conf.o
                0x08003bf0                USBD_LL_OpenEP
 .text.USBD_LL_StallEP
                0x08003c10       0x1c Src\usbd_conf.o
                0x08003c10                USBD_LL_StallEP
 .text.USBD_LL_ClearStallEP
                0x08003c2c       0x1c Src\usbd_conf.o
                0x08003c2c                USBD_LL_ClearStallEP
 .text.USBD_LL_IsStallEP
                0x08003c48       0x20 Src\usbd_conf.o
                0x08003c48                USBD_LL_IsStallEP
 .text.USBD_LL_SetUSBAddress
                0x08003c68       0x1c Src\usbd_conf.o
                0x08003c68                USBD_LL_SetUSBAddress
 .text.USBD_LL_Transmit
                0x08003c84       0x1c Src\usbd_conf.o
                0x08003c84                USBD_LL_Transmit
 .text.USBD_LL_PrepareReceive
                0x08003ca0       0x1c Src\usbd_conf.o
                0x08003ca0                USBD_LL_PrepareReceive
 .text.vt100_process_byte
                0x08003cbc       0x90 Src\vt100.o
                0x08003cbc                vt100_process_byte
 .text.vt100_get_keycode
                0x08003d4c       0x28 Src\vt100.o
                0x08003d4c                vt100_get_keycode
 .text.Reset_Handler
                0x08003d74       0x48 startup\startup_stm32f103xb.o
                0x08003d74                Reset_Handler
 .text.Default_Handler
                0x08003dbc        0x2 startup\startup_stm32f103xb.o
                0x08003dbc                RTC_Alarm_IRQHandler
                0x08003dbc                EXTI2_IRQHandler
                0x08003dbc                TIM1_CC_IRQHandler
                0x08003dbc                PVD_IRQHandler
                0x08003dbc                EXTI3_IRQHandler
                0x08003dbc                EXTI0_IRQHandler
                0x08003dbc                I2C2_EV_IRQHandler
                0x08003dbc                ADC1_2_IRQHandler
                0x08003dbc                SPI1_IRQHandler
                0x08003dbc                TAMPER_IRQHandler
                0x08003dbc                DMA1_Channel4_IRQHandler
                0x08003dbc                USART3_IRQHandler
                0x08003dbc                RTC_IRQHandler
                0x08003dbc                DMA1_Channel7_IRQHandler
                0x08003dbc                CAN1_RX1_IRQHandler
                0x08003dbc                TIM4_IRQHandler
                0x08003dbc                I2C1_EV_IRQHandler
                0x08003dbc                DMA1_Channel6_IRQHandler
                0x08003dbc                TIM3_IRQHandler
                0x08003dbc                RCC_IRQHandler
                0x08003dbc                TIM1_TRG_COM_IRQHandler
                0x08003dbc                DMA1_Channel1_IRQHandler
                0x08003dbc                Default_Handler
                0x08003dbc                EXTI15_10_IRQHandler
                0x08003dbc                EXTI9_5_IRQHandler
                0x08003dbc                SPI2_IRQHandler
                0x08003dbc                DMA1_Channel5_IRQHandler
                0x08003dbc                EXTI4_IRQHandler
                0x08003dbc                USB_HP_CAN1_TX_IRQHandler
                0x08003dbc                DMA1_Channel3_IRQHandler
                0x08003dbc                TIM1_UP_IRQHandler
                0x08003dbc                WWDG_IRQHandler
                0x08003dbc                TIM2_IRQHandler
                0x08003dbc                TIM1_BRK_IRQHandler
                0x08003dbc                EXTI1_IRQHandler
                0x08003dbc                USART2_IRQHandler
                0x08003dbc                I2C2_ER_IRQHandler
                0x08003dbc                DMA1_Channel2_IRQHandler
                0x08003dbc                CAN1_SCE_IRQHandler
                0x08003dbc                FLASH_IRQHandler
                0x08003dbc                I2C1_ER_IRQHandler
                0x08003dbc                USBWakeUp_IRQHandler
 .text.atoi     0x08003dbe        0x8 c:/program files/atollic/truestudio for stm32 9.3.0/armtools/bin/../lib/gcc/arm-atollic-eabi/6.3.1/../../../../arm-atollic-eabi/lib/armv7-m\libc_nano.a(lib_a-atoi.o)
                0x08003dbe                atoi
 *fill*         0x08003dc6        0x2 
 .text.__errno  0x08003dc8        0xc c:/program files/atollic/truestudio for stm32 9.3.0/armtools/bin/../lib/gcc/arm-atollic-eabi/6.3.1/../../../../arm-atollic-eabi/lib/armv7-m\libc_nano.a(lib_a-errno.o)
                0x08003dc8                __errno
 .text.__libc_init_array
                0x08003dd4       0x48 c:/program files/atollic/truestudio for stm32 9.3.0/armtools/bin/../lib/gcc/arm-atollic-eabi/6.3.1/../../../../arm-atollic-eabi/lib/armv7-m\libc_nano.a(lib_a-init.o)
                0x08003dd4                __libc_init_array
 .text.malloc   0x08003e1c       0x10 c:/program files/atollic/truestudio for stm32 9.3.0/armtools/bin/../lib/gcc/arm-atollic-eabi/6.3.1/../../../../arm-atollic-eabi/lib/armv7-m\libc_nano.a(lib_a-malloc.o)
                0x08003e1c                malloc
 .text.free     0x08003e2c       0x10 c:/program files/atollic/truestudio for stm32 9.3.0/armtools/bin/../lib/gcc/arm-atollic-eabi/6.3.1/../../../../arm-atollic-eabi/lib/armv7-m\libc_nano.a(lib_a-malloc.o)
                0x08003e2c                free
 .text.memset   0x08003e3c       0x10 c:/program files/atollic/truestudio for stm32 9.3.0/armtools/bin/../lib/gcc/arm-atollic-eabi/6.3.1/../../../../arm-atollic-eabi/lib/armv7-m\libc_nano.a(lib_a-memset.o)
                0x08003e3c                memset
 .text._free_r  0x08003e4c       0x98 c:/program files/atollic/truestudio for stm32 9.3.0/armtools/bin/../lib/gcc/arm-atollic-eabi/6.3.1/../../../../arm-atollic-eabi/lib/armv7-m\libc_nano.a(lib_a-nano-freer.o)
                0x08003e4c                _free_r
 .text._malloc_r
                0x08003ee4       0xbc c:/program files/atollic/truestudio for stm32 9.3.0/armtools/bin/../lib/gcc/arm-atollic-eabi/6.3.1/../../../../arm-atollic-eabi/lib/armv7-m\libc_nano.a(lib_a-nano-mallocr.o)
                0x08003ee4                _malloc_r
 .text._sbrk_r  0x08003fa0       0x20 c:/program files/atollic/truestudio for stm32 9.3.0/armtools/bin/../lib/gcc/arm-atollic-eabi/6.3.1/../../../../arm-atollic-eabi/lib/armv7-m\libc_nano.a(lib_a-sbrkr.o)
                0x08003fa0                _sbrk_r
 .text.strcat   0x08003fc0       0x1e c:/program files/atollic/truestudio for stm32 9.3.0/armtools/bin/../lib/gcc/arm-atollic-eabi/6.3.1/../../../../arm-atollic-eabi/lib/armv7-m\libc_nano.a(lib_a-strcat.o)
                0x08003fc0                strcat
 .text.strncmp  0x08003fde       0x24 c:/program files/atollic/truestudio for stm32 9.3.0/armtools/bin/../lib/gcc/arm-atollic-eabi/6.3.1/../../../../arm-atollic-eabi/lib/armv7-m\libc_nano.a(lib_a-strncmp.o)
                0x08003fde                strncmp
 .text.strncpy  0x08004002       0x2a c:/program files/atollic/truestudio for stm32 9.3.0/armtools/bin/../lib/gcc/arm-atollic-eabi/6.3.1/../../../../arm-atollic-eabi/lib/armv7-m\libc_nano.a(lib_a-strncpy.o)
                0x08004002                strncpy
 .text.strtok   0x0800402c       0x54 c:/program files/atollic/truestudio for stm32 9.3.0/armtools/bin/../lib/gcc/arm-atollic-eabi/6.3.1/../../../../arm-atollic-eabi/lib/armv7-m\libc_nano.a(lib_a-strtok.o)
                0x0800402c                strtok
 .text.__strtok_r
                0x08004080       0x52 c:/program files/atollic/truestudio for stm32 9.3.0/armtools/bin/../lib/gcc/arm-atollic-eabi/6.3.1/../../../../arm-atollic-eabi/lib/armv7-m\libc_nano.a(lib_a-strtok_r.o)
                0x08004080                __strtok_r
 .text._strtol_l.isra.0
                0x080040d2      0x100 c:/program files/atollic/truestudio for stm32 9.3.0/armtools/bin/../lib/gcc/arm-atollic-eabi/6.3.1/../../../../arm-atollic-eabi/lib/armv7-m\libc_nano.a(lib_a-strtol.o)
 *fill*         0x080041d2        0x2 
 .text.strtol   0x080041d4       0x2c c:/program files/atollic/truestudio for stm32 9.3.0/armtools/bin/../lib/gcc/arm-atollic-eabi/6.3.1/../../../../arm-atollic-eabi/lib/armv7-m\libc_nano.a(lib_a-strtol.o)
                0x080041d4                strtol
 .text._vsnprintf_r
                0x08004200       0x58 c:/program files/atollic/truestudio for stm32 9.3.0/armtools/bin/../lib/gcc/arm-atollic-eabi/6.3.1/../../../../arm-atollic-eabi/lib/armv7-m\libc_nano.a(lib_a-vsnprintf.o)
                0x08004200                _vsniprintf_r
                0x08004200                _vsnprintf_r
 .text.vsnprintf
                0x08004258       0x1c c:/program files/atollic/truestudio for stm32 9.3.0/armtools/bin/../lib/gcc/arm-atollic-eabi/6.3.1/../../../../arm-atollic-eabi/lib/armv7-m\libc_nano.a(lib_a-vsnprintf.o)
                0x08004258                vsniprintf
                0x08004258                vsnprintf
 .text.__locale_ctype_ptr_l
                0x08004274        0x6 c:/program files/atollic/truestudio for stm32 9.3.0/armtools/bin/../lib/gcc/arm-atollic-eabi/6.3.1/../../../../arm-atollic-eabi/lib/armv7-m\libc_nano.a(lib_a-locale.o)
                0x08004274                __locale_ctype_ptr_l
 .text.__ascii_mbtowc
                0x0800427a       0x24 c:/program files/atollic/truestudio for stm32 9.3.0/armtools/bin/../lib/gcc/arm-atollic-eabi/6.3.1/../../../../arm-atollic-eabi/lib/armv7-m\libc_nano.a(lib_a-mbtowc_r.o)
                0x0800427a                __ascii_mbtowc
 .text.__malloc_lock
                0x0800429e        0x2 c:/program files/atollic/truestudio for stm32 9.3.0/armtools/bin/../lib/gcc/arm-atollic-eabi/6.3.1/../../../../arm-atollic-eabi/lib/armv7-m\libc_nano.a(lib_a-mlock.o)
                0x0800429e                __malloc_lock
 .text.__malloc_unlock
                0x080042a0        0x2 c:/program files/atollic/truestudio for stm32 9.3.0/armtools/bin/../lib/gcc/arm-atollic-eabi/6.3.1/../../../../arm-atollic-eabi/lib/armv7-m\libc_nano.a(lib_a-mlock.o)
                0x080042a0                __malloc_unlock
 .text.__ssputs_r
                0x080042a2       0xb6 c:/program files/atollic/truestudio for stm32 9.3.0/armtools/bin/../lib/gcc/arm-atollic-eabi/6.3.1/../../../../arm-atollic-eabi/lib/armv7-m\libc_nano.a(lib_a-nano-svfprintf.o)
                0x080042a2                __ssputs_r
 .text._svfprintf_r
                0x08004358      0x1e8 c:/program files/atollic/truestudio for stm32 9.3.0/armtools/bin/../lib/gcc/arm-atollic-eabi/6.3.1/../../../../arm-atollic-eabi/lib/armv7-m\libc_nano.a(lib_a-nano-svfprintf.o)
                0x08004358                _svfiprintf_r
                0x08004358                _svfprintf_r
 .text._printf_common
                0x08004540       0xee c:/program files/atollic/truestudio for stm32 9.3.0/armtools/bin/../lib/gcc/arm-atollic-eabi/6.3.1/../../../../arm-atollic-eabi/lib/armv7-m\libc_nano.a(lib_a-nano-vfprintf_i.o)
                0x08004540                _printf_common
 *fill*         0x0800462e        0x2 
 .text._printf_i
                0x08004630      0x240 c:/program files/atollic/truestudio for stm32 9.3.0/armtools/bin/../lib/gcc/arm-atollic-eabi/6.3.1/../../../../arm-atollic-eabi/lib/armv7-m\libc_nano.a(lib_a-nano-vfprintf_i.o)
                0x08004630                _printf_i
 .text.__ascii_wctomb
                0x08004870       0x1a c:/program files/atollic/truestudio for stm32 9.3.0/armtools/bin/../lib/gcc/arm-atollic-eabi/6.3.1/../../../../arm-atollic-eabi/lib/armv7-m\libc_nano.a(lib_a-wctomb_r.o)
                0x08004870                __ascii_wctomb
 .text.memchr   0x0800488a       0x1c c:/program files/atollic/truestudio for stm32 9.3.0/armtools/bin/../lib/gcc/arm-atollic-eabi/6.3.1/../../../../arm-atollic-eabi/lib/armv7-m\libc_nano.a(lib_a-memchr-stub.o)
                0x0800488a                memchr
 .text.memcpy   0x080048a6       0x16 c:/program files/atollic/truestudio for stm32 9.3.0/armtools/bin/../lib/gcc/arm-atollic-eabi/6.3.1/../../../../arm-atollic-eabi/lib/armv7-m\libc_nano.a(lib_a-memcpy-stub.o)
                0x080048a6                memcpy
 .text.memmove  0x080048bc       0x34 c:/program files/atollic/truestudio for stm32 9.3.0/armtools/bin/../lib/gcc/arm-atollic-eabi/6.3.1/../../../../arm-atollic-eabi/lib/armv7-m\libc_nano.a(lib_a-memmove.o)
                0x080048bc                memmove
 .text._realloc_r
                0x080048f0       0x4c c:/program files/atollic/truestudio for stm32 9.3.0/armtools/bin/../lib/gcc/arm-atollic-eabi/6.3.1/../../../../arm-atollic-eabi/lib/armv7-m\libc_nano.a(lib_a-nano-reallocr.o)
                0x080048f0                _realloc_r
 .text._malloc_usable_size_r
                0x0800493c       0x12 c:/program files/atollic/truestudio for stm32 9.3.0/armtools/bin/../lib/gcc/arm-atollic-eabi/6.3.1/../../../../arm-atollic-eabi/lib/armv7-m\libc_nano.a(lib_a-nano-msizer.o)
                0x0800493c                _malloc_usable_size_r
 *(.glue_7)
 .glue_7        0x0800494e        0x0 linker stubs
 *(.glue_7t)
 .glue_7t       0x0800494e        0x0 linker stubs
 *(.eh_frame)
 *fill*         0x0800494e        0x2 
 .eh_frame      0x08004950        0x0 c:/program files/atollic/truestudio for stm32 9.3.0/armtools/bin/../lib/gcc/arm-atollic-eabi/6.3.1/armv7-m/crtbegin.o
 *(.init)
 .init          0x08004950        0x4 c:/program files/atollic/truestudio for stm32 9.3.0/armtools/bin/../lib/gcc/arm-atollic-eabi/6.3.1/armv7-m/crti.o
                0x08004950                _init
 .init          0x08004954        0x8 c:/program files/atollic/truestudio for stm32 9.3.0/armtools/bin/../lib/gcc/arm-atollic-eabi/6.3.1/armv7-m/crtn.o
 *(.fini)
 .fini          0x0800495c        0x4 c:/program files/atollic/truestudio for stm32 9.3.0/armtools/bin/../lib/gcc/arm-atollic-eabi/6.3.1/armv7-m/crti.o
                0x0800495c                _fini
 .fini          0x08004960        0x8 c:/program files/atollic/truestudio for stm32 9.3.0/armtools/bin/../lib/gcc/arm-atollic-eabi/6.3.1/armv7-m/crtn.o
                0x08004968                . = ALIGN (0x4)
                0x08004968                _etext = .

.vfp11_veneer   0x08004968        0x0
 .vfp11_veneer  0x08004968        0x0 linker stubs

.v4_bx          0x08004968        0x0
 .v4_bx         0x08004968        0x0 linker stubs

.iplt           0x08004968        0x0
 .iplt          0x08004968        0x0 c:/program files/atollic/truestudio for stm32 9.3.0/armtools/bin/../lib/gcc/arm-atollic-eabi/6.3.1/armv7-m/crtbegin.o

.rodata         0x08004968      0x658
                0x08004968                . = ALIGN (0x4)
 *(.rodata)
 .rodata        0x08004968       0x10 Drivers\STM32F1xx_HAL_Driver\Src\stm32f1xx_hal_rcc.o
 *(.rodata*)
 .rodata.str1.1
                0x08004978      0x11c Src\dmx512_config.o
 .rodata.main.str1.1
                0x08004a94       0x79 Src\main.o
                                 0x88 (size before relaxing)
 .rodata.PWM_Timer_Init.str1.1
                0x08004b0d       0x5f Src\pwm_control.o
 .rodata.channelinfo
                0x08004b6c       0x30 Src\pwm_control.o
                0x08004b6c                channelinfo
 .rodata.print.str1.1
                0x08004b9c        0x3 Src\shell.o
 .rodata.shell_process.str1.1
                0x08004b9f        0xd Src\shell.o
                                 0x15 (size before relaxing)
 .rodata.SHELL_CMD_NUM
                0x08004bac        0x4 Src\shell_cmd.o
                0x08004bac                SHELL_CMD_NUM
 .rodata.shell_cmd_dumpconfig.str1.1
                0x08004bb0        0x4 Src\shell_cmd.o
 .rodata.shell_cmd_dumpregs.str1.1
                0x08004bb4       0x5e Src\shell_cmd.o
 .rodata.shell_cmd_getaddr.str1.1
                0x08004c12       0x13 Src\shell_cmd.o
 .rodata.shell_cmd_getmode.str1.1
                0x08004c25       0x3c Src\shell_cmd.o
 *fill*         0x08004c61        0x3 
 .rodata.shell_cmd_list
                0x08004c64       0x54 Src\shell_cmd.o
                0x08004c64                shell_cmd_list
 .rodata.shell_cmd_test.str1.1
                0x08004cb8       0x12 Src\shell_cmd.o
 .rodata.str1.1
                0x08004cca       0xc3 Src\shell_cmd.o
 .rodata.AHBPrescTable
                0x08004d8d       0x10 Src\system_stm32f1xx.o
                0x08004d8d                AHBPrescTable
 .rodata.APBPrescTable
                0x08004d9d        0x8 Src\system_stm32f1xx.o
                0x08004d9d                APBPrescTable
 .rodata.CSWTCH.4
                0x08004da5        0x4 Src\usbd_conf.o
 .rodata.key_backspace_seq
                0x08004da9        0x1 Src\vt100.o
 .rodata.key_clear_entire_line
                0x08004daa        0x4 Src\vt100.o
 .rodata.key_clear_eol
                0x08004dae        0x3 Src\vt100.o
 .rodata.key_clear_screen
                0x08004db1        0x4 Src\vt100.o
 .rodata.key_cursor_down_seq
                0x08004db5        0x3 Src\vt100.o
 .rodata.key_cursor_left_seq
                0x08004db8        0x3 Src\vt100.o
 .rodata.key_cursor_right_seq
                0x08004dbb        0x3 Src\vt100.o
 .rodata.key_cursor_up_seq
                0x08004dbe        0x3 Src\vt100.o
 .rodata.key_delete_seq
                0x08004dc1        0x1 Src\vt100.o
 .rodata.key_move_cursor_home
                0x08004dc2        0x3 Src\vt100.o
 .rodata.key_move_cursor_left
                0x08004dc5        0x4 Src\vt100.o
 .rodata.key_tab_seq
                0x08004dc9        0x1 Src\vt100.o
 *fill*         0x08004dca        0x2 
 .rodata.vt100_keycodes
                0x08004dcc       0xb4 Src\vt100.o
 .rodata._setlocale_r.str1.1
                0x08004e80        0x8 c:/program files/atollic/truestudio for stm32 9.3.0/armtools/bin/../lib/gcc/arm-atollic-eabi/6.3.1/../../../../arm-atollic-eabi/lib/armv7-m\libc_nano.a(lib_a-locale.o)
                                  0x9 (size before relaxing)
 .rodata.str1.1
                0x08004e88        0x2 c:/program files/atollic/truestudio for stm32 9.3.0/armtools/bin/../lib/gcc/arm-atollic-eabi/6.3.1/../../../../arm-atollic-eabi/lib/armv7-m\libc_nano.a(lib_a-locale.o)
 .rodata._svfprintf_r.str1.1
                0x08004e8a       0x11 c:/program files/atollic/truestudio for stm32 9.3.0/armtools/bin/../lib/gcc/arm-atollic-eabi/6.3.1/../../../../arm-atollic-eabi/lib/armv7-m\libc_nano.a(lib_a-nano-svfprintf.o)
 .rodata._printf_i.str1.1
                0x08004e9b       0x22 c:/program files/atollic/truestudio for stm32 9.3.0/armtools/bin/../lib/gcc/arm-atollic-eabi/6.3.1/../../../../arm-atollic-eabi/lib/armv7-m\libc_nano.a(lib_a-nano-vfprintf_i.o)
 .rodata._ctype_
                0x08004ebd      0x101 c:/program files/atollic/truestudio for stm32 9.3.0/armtools/bin/../lib/gcc/arm-atollic-eabi/6.3.1/../../../../arm-atollic-eabi/lib/armv7-m\libc_nano.a(lib_a-ctype_.o)
                0x08004ebd                _ctype_
                0x08004fc0                . = ALIGN (0x4)
 *fill*         0x08004fbe        0x2 

.rel.dyn        0x08004fc0        0x0
 .rel.iplt      0x08004fc0        0x0 c:/program files/atollic/truestudio for stm32 9.3.0/armtools/bin/../lib/gcc/arm-atollic-eabi/6.3.1/armv7-m/crtbegin.o

.ARM.extab
 *(.ARM.extab* .gnu.linkonce.armextab.*)

.ARM            0x08004fc0        0x0
                0x08004fc0                __exidx_start = .
 *(.ARM.exidx*)
                0x08004fc0                __exidx_end = .

.preinit_array  0x08004fc0        0x0
                0x08004fc0                PROVIDE (__preinit_array_start, .)
 *(.preinit_array*)
                0x08004fc0                PROVIDE (__preinit_array_end, .)

.init_array     0x08004fc0        0x4
                0x08004fc0                PROVIDE (__init_array_start, .)
 *(SORT(.init_array.*))
 *(.init_array*)
 .init_array    0x08004fc0        0x4 c:/program files/atollic/truestudio for stm32 9.3.0/armtools/bin/../lib/gcc/arm-atollic-eabi/6.3.1/armv7-m/crtbegin.o
                0x08004fc4                PROVIDE (__init_array_end, .)

.fini_array     0x08004fc4        0x4
                [!provide]                PROVIDE (__fini_array_start, .)
 *(SORT(.fini_array.*))
 *(.fini_array*)
 .fini_array    0x08004fc4        0x4 c:/program files/atollic/truestudio for stm32 9.3.0/armtools/bin/../lib/gcc/arm-atollic-eabi/6.3.1/armv7-m/crtbegin.o
                [!provide]                PROVIDE (__fini_array_end, .)
                0x08004fc8                _sidata = LOADADDR (.data)

.data           0x20000000      0x248 load address 0x08004fc8
                0x20000000                . = ALIGN (0x4)
                0x20000000                _sdata = .
 *(.data)
 *(.data*)
 .data.uwTickFreq
                0x20000000        0x1 Drivers\STM32F1xx_HAL_Driver\Src\stm32f1xx_hal.o
                0x20000000                uwTickFreq
 *fill*         0x20000001        0x3 
 .data.uwTickPrio
                0x20000004        0x4 Drivers\STM32F1xx_HAL_Driver\Src\stm32f1xx_hal.o
                0x20000004                uwTickPrio
 .data.regnames
                0x20000008       0x68 Src\dmx512_config.o
                0x20000008                regnames
 .data.dmx_error
                0x20000070        0x1 Src\dmx512_rec.o
 *fill*         0x20000071        0x3 
 .data.SystemCoreClock
                0x20000074        0x4 Src\system_stm32f1xx.o
                0x20000074                SystemCoreClock
 .data._impure_ptr
                0x20000078        0x4 c:/program files/atollic/truestudio for stm32 9.3.0/armtools/bin/../lib/gcc/arm-atollic-eabi/6.3.1/../../../../arm-atollic-eabi/lib/armv7-m\libc_nano.a(lib_a-impure.o)
                0x20000078                _impure_ptr
 .data.impure_data
                0x2000007c       0x60 c:/program files/atollic/truestudio for stm32 9.3.0/armtools/bin/../lib/gcc/arm-atollic-eabi/6.3.1/../../../../arm-atollic-eabi/lib/armv7-m\libc_nano.a(lib_a-impure.o)
 .data.__global_locale
                0x200000dc      0x16c c:/program files/atollic/truestudio for stm32 9.3.0/armtools/bin/../lib/gcc/arm-atollic-eabi/6.3.1/../../../../arm-atollic-eabi/lib/armv7-m\libc_nano.a(lib_a-locale.o)
                0x200000dc                __global_locale
                0x20000248                . = ALIGN (0x4)
                0x20000248                _edata = .

.igot.plt       0x20000248        0x0 load address 0x08005210
 .igot.plt      0x20000248        0x0 c:/program files/atollic/truestudio for stm32 9.3.0/armtools/bin/../lib/gcc/arm-atollic-eabi/6.3.1/armv7-m/crtbegin.o
                0x20000248                . = ALIGN (0x4)

.bss            0x20000248      0x984 load address 0x08005210
                0x20000248                _sbss = .
                0x20000248                __bss_start__ = _sbss
 *(.bss)
 .bss           0x20000248       0x1c c:/program files/atollic/truestudio for stm32 9.3.0/armtools/bin/../lib/gcc/arm-atollic-eabi/6.3.1/armv7-m/crtbegin.o
 *(.bss*)
 .bss.cfgidx.8346
                0x20000264        0x1 Middlewares\ST\STM32_USB_Device_Library\Core\Src\usbd_ctlreq.o
 .bss.dmx_mode  0x20000265        0x1 Src\dmx512_config.o
 *fill*         0x20000266        0x2 
 .bss.reg_addr  0x20000268        0x4 Src\dmx512_config.o
 .bss.reg_data  0x2000026c        0x4 Src\dmx512_config.o
 .bss.reg_len   0x20000270        0x4 Src\dmx512_config.o
 .bss.buffer    0x20000274        0x1 Src\dmx512_rec.o
 *fill*         0x20000275        0x1 
 .bss.byte_count
                0x20000276        0x2 Src\dmx512_rec.o
 .bss.led_status
                0x20000278        0x1 Src\dmx512_rec.o
 .bss.msg_cnt   0x20000279        0x1 Src\dmx512_rec.o
 .bss.packet_type
                0x2000027a        0x1 Src\dmx512_rec.o
 *fill*         0x2000027b        0x1 
 .bss.start_addr
                0x2000027c        0x4 Src\dmx512_rec.o
 .bss.start_flag
                0x20000280        0x1 Src\dmx512_rec.o
 *fill*         0x20000281        0x1 
 .bss.brightness_scale
                0x20000282        0x2 Src\light_update.o
                0x20000282                brightness_scale
 .bss.reg_shadow
                0x20000284        0x4 Src\light_update.o
 .bss.cmd_buf   0x20000288       0x80 Src\shell.o
 .bss.cmd_buf_idx
                0x20000308        0x4 Src\shell.o
 .bss.cmd_hist  0x2000030c      0x400 Src\shell.o
 .bss.cmd_hist_get_idx
                0x2000070c        0x4 Src\shell.o
 .bss.cmd_hist_put_idx
                0x20000710        0x4 Src\shell.o
 .bss.dbgMsg    0x20000714       0x80 Src\shell.o
 .bss.heap_end.5887
                0x20000794        0x4 Src\syscalls.o
 .bss.cbuf.4586
                0x20000798        0x8 Src\vt100.o
 .bss.cbuf_idx.4587
                0x200007a0        0x1 Src\vt100.o
 *fill*         0x200007a1        0x3 
 .bss.__malloc_free_list
                0x200007a4        0x4 c:/program files/atollic/truestudio for stm32 9.3.0/armtools/bin/../lib/gcc/arm-atollic-eabi/6.3.1/../../../../arm-atollic-eabi/lib/armv7-m\libc_nano.a(lib_a-nano-mallocr.o)
                0x200007a4                __malloc_free_list
 .bss.__malloc_sbrk_start
                0x200007a8        0x4 c:/program files/atollic/truestudio for stm32 9.3.0/armtools/bin/../lib/gcc/arm-atollic-eabi/6.3.1/../../../../arm-atollic-eabi/lib/armv7-m\libc_nano.a(lib_a-nano-mallocr.o)
                0x200007a8                __malloc_sbrk_start
 *(COMMON)
 COMMON         0x200007ac        0x4 Drivers\STM32F1xx_HAL_Driver\Src\stm32f1xx_hal.o
                0x200007ac                uwTick
 COMMON         0x200007b0       0xec Src\main.o
                0x200007b0                huart3
                0x200007f0                hadc2
                0x20000820                hiwdg
                0x2000082c                hadc1
                0x2000085c                huart1
 COMMON         0x2000089c       0xc0 Src\pwm_control.o
                0x2000089c                timerinfo
 COMMON         0x2000095c      0x26c Src\usbd_conf.o
                0x2000095c                hpcd_USB_FS
 COMMON         0x20000bc8        0x4 c:/program files/atollic/truestudio for stm32 9.3.0/armtools/bin/../lib/gcc/arm-atollic-eabi/6.3.1/../../../../arm-atollic-eabi/lib/armv7-m\libc_nano.a(lib_a-reent.o)
                0x20000bc8                errno
                0x20000bcc                . = ALIGN (0x4)
                0x20000bcc                _ebss = .
                0x20000bcc                __bss_end__ = _ebss

._user_heap_stack
                0x20000bcc      0x600 load address 0x08005210
                0x20000bcc                . = ALIGN (0x4)
                0x20000bcc                PROVIDE (end, .)
                [!provide]                PROVIDE (_end, .)
                0x20000dcc                . = (. + _Min_Heap_Size)
 *fill*         0x20000bcc      0x200 
                0x200011cc                . = (. + _Min_Stack_Size)
 *fill*         0x20000dcc      0x400 
                0x200011cc                . = ALIGN (0x4)

/DISCARD/
 libc.a(*)
 libm.a(*)
 libgcc.a(*)

.ARM.attributes
                0x00000000       0x29
 *(.ARM.attributes)
 .ARM.attributes
                0x00000000       0x1d c:/program files/atollic/truestudio for stm32 9.3.0/armtools/bin/../lib/gcc/arm-atollic-eabi/6.3.1/armv7-m/crti.o
 .ARM.attributes
                0x0000001d       0x2d c:/program files/atollic/truestudio for stm32 9.3.0/armtools/bin/../lib/gcc/arm-atollic-eabi/6.3.1/armv7-m/crtbegin.o
 .ARM.attributes
                0x0000004a       0x33 Drivers\STM32F1xx_HAL_Driver\Src\stm32f1xx_hal.o
 .ARM.attributes
                0x0000007d       0x33 Drivers\STM32F1xx_HAL_Driver\Src\stm32f1xx_hal_adc.o
 .ARM.attributes
                0x000000b0       0x33 Drivers\STM32F1xx_HAL_Driver\Src\stm32f1xx_hal_cortex.o
 .ARM.attributes
                0x000000e3       0x33 Drivers\STM32F1xx_HAL_Driver\Src\stm32f1xx_hal_dma.o
 .ARM.attributes
                0x00000116       0x33 Drivers\STM32F1xx_HAL_Driver\Src\stm32f1xx_hal_gpio.o
 .ARM.attributes
                0x00000149       0x33 Drivers\STM32F1xx_HAL_Driver\Src\stm32f1xx_hal_pcd.o
 .ARM.attributes
                0x0000017c       0x33 Drivers\STM32F1xx_HAL_Driver\Src\stm32f1xx_hal_rcc.o
 .ARM.attributes
                0x000001af       0x33 Drivers\STM32F1xx_HAL_Driver\Src\stm32f1xx_hal_rcc_ex.o
 .ARM.attributes
                0x000001e2       0x33 Drivers\STM32F1xx_HAL_Driver\Src\stm32f1xx_hal_tim.o
 .ARM.attributes
                0x00000215       0x33 Drivers\STM32F1xx_HAL_Driver\Src\stm32f1xx_hal_uart.o
 .ARM.attributes
                0x00000248       0x33 Drivers\STM32F1xx_HAL_Driver\Src\stm32f1xx_ll_usb.o
 .ARM.attributes
                0x0000027b       0x33 Middlewares\ST\STM32_USB_Device_Library\Core\Src\usbd_core.o
 .ARM.attributes
                0x000002ae       0x33 Middlewares\ST\STM32_USB_Device_Library\Core\Src\usbd_ctlreq.o
 .ARM.attributes
                0x000002e1       0x33 Middlewares\ST\STM32_USB_Device_Library\Core\Src\usbd_ioreq.o
 .ARM.attributes
                0x00000314       0x33 Src\dmx512_config.o
 .ARM.attributes
                0x00000347       0x33 Src\dmx512_rec.o
 .ARM.attributes
                0x0000037a       0x33 Src\gpio_control.o
 .ARM.attributes
                0x000003ad       0x33 Src\light_update.o
 .ARM.attributes
                0x000003e0       0x33 Src\main.o
 .ARM.attributes
                0x00000413       0x33 Src\pwm_control.o
 .ARM.attributes
                0x00000446       0x33 Src\serial_tracer.o
 .ARM.attributes
                0x00000479       0x33 Src\shell.o
 .ARM.attributes
                0x000004ac       0x33 Src\shell_cmd.o
 .ARM.attributes
                0x000004df       0x33 Src\stm32f1xx_hal_msp.o
 .ARM.attributes
                0x00000512       0x33 Src\stm32f1xx_it.o
 .ARM.attributes
                0x00000545       0x33 Src\syscalls.o
 .ARM.attributes
                0x00000578       0x33 Src\system_stm32f1xx.o
 .ARM.attributes
                0x000005ab       0x33 Src\usbd_conf.o
 .ARM.attributes
                0x000005de       0x33 Src\vt100.o
 .ARM.attributes
                0x00000611       0x21 startup\startup_stm32f103xb.o
 .ARM.attributes
                0x00000632       0x2d c:/program files/atollic/truestudio for stm32 9.3.0/armtools/bin/../lib/gcc/arm-atollic-eabi/6.3.1/../../../../arm-atollic-eabi/lib/armv7-m\libc_nano.a(lib_a-atoi.o)
 .ARM.attributes
                0x0000065f       0x2d c:/program files/atollic/truestudio for stm32 9.3.0/armtools/bin/../lib/gcc/arm-atollic-eabi/6.3.1/../../../../arm-atollic-eabi/lib/armv7-m\libc_nano.a(lib_a-errno.o)
 .ARM.attributes
                0x0000068c       0x2d c:/program files/atollic/truestudio for stm32 9.3.0/armtools/bin/../lib/gcc/arm-atollic-eabi/6.3.1/../../../../arm-atollic-eabi/lib/armv7-m\libc_nano.a(lib_a-impure.o)
 .ARM.attributes
                0x000006b9       0x2d c:/program files/atollic/truestudio for stm32 9.3.0/armtools/bin/../lib/gcc/arm-atollic-eabi/6.3.1/../../../../arm-atollic-eabi/lib/armv7-m\libc_nano.a(lib_a-init.o)
 .ARM.attributes
                0x000006e6       0x2d c:/program files/atollic/truestudio for stm32 9.3.0/armtools/bin/../lib/gcc/arm-atollic-eabi/6.3.1/../../../../arm-atollic-eabi/lib/armv7-m\libc_nano.a(lib_a-malloc.o)
 .ARM.attributes
                0x00000713       0x2d c:/program files/atollic/truestudio for stm32 9.3.0/armtools/bin/../lib/gcc/arm-atollic-eabi/6.3.1/../../../../arm-atollic-eabi/lib/armv7-m\libc_nano.a(lib_a-memset.o)
 .ARM.attributes
                0x00000740       0x2d c:/program files/atollic/truestudio for stm32 9.3.0/armtools/bin/../lib/gcc/arm-atollic-eabi/6.3.1/../../../../arm-atollic-eabi/lib/armv7-m\libc_nano.a(lib_a-nano-freer.o)
 .ARM.attributes
                0x0000076d       0x2d c:/program files/atollic/truestudio for stm32 9.3.0/armtools/bin/../lib/gcc/arm-atollic-eabi/6.3.1/../../../../arm-atollic-eabi/lib/armv7-m\libc_nano.a(lib_a-nano-mallocr.o)
 .ARM.attributes
                0x0000079a       0x2d c:/program files/atollic/truestudio for stm32 9.3.0/armtools/bin/../lib/gcc/arm-atollic-eabi/6.3.1/../../../../arm-atollic-eabi/lib/armv7-m\libc_nano.a(lib_a-sbrkr.o)
 .ARM.attributes
                0x000007c7       0x2d c:/program files/atollic/truestudio for stm32 9.3.0/armtools/bin/../lib/gcc/arm-atollic-eabi/6.3.1/../../../../arm-atollic-eabi/lib/armv7-m\libc_nano.a(lib_a-strcat.o)
 .ARM.attributes
                0x000007f4       0x17 c:/program files/atollic/truestudio for stm32 9.3.0/armtools/bin/../lib/gcc/arm-atollic-eabi/6.3.1/../../../../arm-atollic-eabi/lib/armv7-m\libc_nano.a(lib_a-strlen.o)
 .ARM.attributes
                0x0000080b       0x2d c:/program files/atollic/truestudio for stm32 9.3.0/armtools/bin/../lib/gcc/arm-atollic-eabi/6.3.1/../../../../arm-atollic-eabi/lib/armv7-m\libc_nano.a(lib_a-strncmp.o)
 .ARM.attributes
                0x00000838       0x2d c:/program files/atollic/truestudio for stm32 9.3.0/armtools/bin/../lib/gcc/arm-atollic-eabi/6.3.1/../../../../arm-atollic-eabi/lib/armv7-m\libc_nano.a(lib_a-strncpy.o)
 .ARM.attributes
                0x00000865       0x2d c:/program files/atollic/truestudio for stm32 9.3.0/armtools/bin/../lib/gcc/arm-atollic-eabi/6.3.1/../../../../arm-atollic-eabi/lib/armv7-m\libc_nano.a(lib_a-strtok.o)
 .ARM.attributes
                0x00000892       0x2d c:/program files/atollic/truestudio for stm32 9.3.0/armtools/bin/../lib/gcc/arm-atollic-eabi/6.3.1/../../../../arm-atollic-eabi/lib/armv7-m\libc_nano.a(lib_a-strtok_r.o)
 .ARM.attributes
                0x000008bf       0x2d c:/program files/atollic/truestudio for stm32 9.3.0/armtools/bin/../lib/gcc/arm-atollic-eabi/6.3.1/../../../../arm-atollic-eabi/lib/armv7-m\libc_nano.a(lib_a-strtol.o)
 .ARM.attributes
                0x000008ec       0x2d c:/program files/atollic/truestudio for stm32 9.3.0/armtools/bin/../lib/gcc/arm-atollic-eabi/6.3.1/../../../../arm-atollic-eabi/lib/armv7-m\libc_nano.a(lib_a-vsnprintf.o)
 .ARM.attributes
                0x00000919       0x2d c:/program files/atollic/truestudio for stm32 9.3.0/armtools/bin/../lib/gcc/arm-atollic-eabi/6.3.1/../../../../arm-atollic-eabi/lib/armv7-m\libc_nano.a(lib_a-locale.o)
 .ARM.attributes
                0x00000946       0x2d c:/program files/atollic/truestudio for stm32 9.3.0/armtools/bin/../lib/gcc/arm-atollic-eabi/6.3.1/../../../../arm-atollic-eabi/lib/armv7-m\libc_nano.a(lib_a-mbtowc_r.o)
 .ARM.attributes
                0x00000973       0x2d c:/program files/atollic/truestudio for stm32 9.3.0/armtools/bin/../lib/gcc/arm-atollic-eabi/6.3.1/../../../../arm-atollic-eabi/lib/armv7-m\libc_nano.a(lib_a-mlock.o)
 .ARM.attributes
                0x000009a0       0x2d c:/program files/atollic/truestudio for stm32 9.3.0/armtools/bin/../lib/gcc/arm-atollic-eabi/6.3.1/../../../../arm-atollic-eabi/lib/armv7-m\libc_nano.a(lib_a-nano-svfprintf.o)
 .ARM.attributes
                0x000009cd       0x2d c:/program files/atollic/truestudio for stm32 9.3.0/armtools/bin/../lib/gcc/arm-atollic-eabi/6.3.1/../../../../arm-atollic-eabi/lib/armv7-m\libc_nano.a(lib_a-nano-vfprintf_i.o)
 .ARM.attributes
                0x000009fa       0x2d c:/program files/atollic/truestudio for stm32 9.3.0/armtools/bin/../lib/gcc/arm-atollic-eabi/6.3.1/../../../../arm-atollic-eabi/lib/armv7-m\libc_nano.a(lib_a-reent.o)
 .ARM.attributes
                0x00000a27       0x2d c:/program files/atollic/truestudio for stm32 9.3.0/armtools/bin/../lib/gcc/arm-atollic-eabi/6.3.1/../../../../arm-atollic-eabi/lib/armv7-m\libc_nano.a(lib_a-wctomb_r.o)
 .ARM.attributes
                0x00000a54       0x2d c:/program files/atollic/truestudio for stm32 9.3.0/armtools/bin/../lib/gcc/arm-atollic-eabi/6.3.1/../../../../arm-atollic-eabi/lib/armv7-m\libc_nano.a(lib_a-ctype_.o)
 .ARM.attributes
                0x00000a81       0x2d c:/program files/atollic/truestudio for stm32 9.3.0/armtools/bin/../lib/gcc/arm-atollic-eabi/6.3.1/../../../../arm-atollic-eabi/lib/armv7-m\libc_nano.a(lib_a-memchr-stub.o)
 .ARM.attributes
                0x00000aae       0x2d c:/program files/atollic/truestudio for stm32 9.3.0/armtools/bin/../lib/gcc/arm-atollic-eabi/6.3.1/../../../../arm-atollic-eabi/lib/armv7-m\libc_nano.a(lib_a-memcpy-stub.o)
 .ARM.attributes
                0x00000adb       0x2d c:/program files/atollic/truestudio for stm32 9.3.0/armtools/bin/../lib/gcc/arm-atollic-eabi/6.3.1/../../../../arm-atollic-eabi/lib/armv7-m\libc_nano.a(lib_a-memmove.o)
 .ARM.attributes
                0x00000b08       0x2d c:/program files/atollic/truestudio for stm32 9.3.0/armtools/bin/../lib/gcc/arm-atollic-eabi/6.3.1/../../../../arm-atollic-eabi/lib/armv7-m\libc_nano.a(lib_a-nano-reallocr.o)
 .ARM.attributes
                0x00000b35       0x2d c:/program files/atollic/truestudio for stm32 9.3.0/armtools/bin/../lib/gcc/arm-atollic-eabi/6.3.1/../../../../arm-atollic-eabi/lib/armv7-m\libc_nano.a(lib_a-nano-msizer.o)
 .ARM.attributes
                0x00000b62       0x1d c:/program files/atollic/truestudio for stm32 9.3.0/armtools/bin/../lib/gcc/arm-atollic-eabi/6.3.1/armv7-m/crtn.o
OUTPUT(DMX_CTRL.elf elf32-littlearm)

.debug_info     0x00000000    0x1d24c
 .debug_info    0x00000000      0x7cd Drivers\STM32F1xx_HAL_Driver\Src\stm32f1xx_hal.o
 .debug_info    0x000007cd      0xea0 Drivers\STM32F1xx_HAL_Driver\Src\stm32f1xx_hal_adc.o
 .debug_info    0x0000166d      0xca7 Drivers\STM32F1xx_HAL_Driver\Src\stm32f1xx_hal_cortex.o
 .debug_info    0x00002314      0x837 Drivers\STM32F1xx_HAL_Driver\Src\stm32f1xx_hal_dma.o
 .debug_info    0x00002b4b      0x691 Drivers\STM32F1xx_HAL_Driver\Src\stm32f1xx_hal_gpio.o
 .debug_info    0x000031dc     0x12df Drivers\STM32F1xx_HAL_Driver\Src\stm32f1xx_hal_pcd.o
 .debug_info    0x000044bb      0xa01 Drivers\STM32F1xx_HAL_Driver\Src\stm32f1xx_hal_rcc.o
 .debug_info    0x00004ebc      0x48b Drivers\STM32F1xx_HAL_Driver\Src\stm32f1xx_hal_rcc_ex.o
 .debug_info    0x00005347     0x34cc Drivers\STM32F1xx_HAL_Driver\Src\stm32f1xx_hal_tim.o
 .debug_info    0x00008813     0x1632 Drivers\STM32F1xx_HAL_Driver\Src\stm32f1xx_hal_uart.o
 .debug_info    0x00009e45     0x1575 Drivers\STM32F1xx_HAL_Driver\Src\stm32f1xx_ll_usb.o
 .debug_info    0x0000b3ba     0x14fa Middlewares\ST\STM32_USB_Device_Library\Core\Src\usbd_core.o
 .debug_info    0x0000c8b4     0x1534 Middlewares\ST\STM32_USB_Device_Library\Core\Src\usbd_ctlreq.o
 .debug_info    0x0000dde8     0x101d Middlewares\ST\STM32_USB_Device_Library\Core\Src\usbd_ioreq.o
 .debug_info    0x0000ee05      0xb83 Src\dmx512_config.o
 .debug_info    0x0000f988     0x1124 Src\dmx512_rec.o
 .debug_info    0x00010aac      0x3b8 Src\gpio_control.o
 .debug_info    0x00010e64      0xe34 Src\light_update.o
 .debug_info    0x00011c98     0x1e45 Src\main.o
 .debug_info    0x00013add     0x137e Src\pwm_control.o
 .debug_info    0x00014e5b      0xea7 Src\serial_tracer.o
 .debug_info    0x00015d02     0x12e4 Src\shell.o
 .debug_info    0x00016fe6      0xdf2 Src\shell_cmd.o
 .debug_info    0x00017dd8      0xc14 Src\stm32f1xx_hal_msp.o
 .debug_info    0x000189ec      0x69c Src\stm32f1xx_it.o
 .debug_info    0x00019088      0xfe1 Src\syscalls.o
 .debug_info    0x0001a069      0x437 Src\system_stm32f1xx.o
 .debug_info    0x0001a4a0     0x213c Src\usbd_conf.o
 .debug_info    0x0001c5dc      0xbf6 Src\vt100.o
 .debug_info    0x0001d1d2       0x7a startup\startup_stm32f103xb.o

.debug_abbrev   0x00000000     0x4961
 .debug_abbrev  0x00000000      0x24a Drivers\STM32F1xx_HAL_Driver\Src\stm32f1xx_hal.o
 .debug_abbrev  0x0000024a      0x299 Drivers\STM32F1xx_HAL_Driver\Src\stm32f1xx_hal_adc.o
 .debug_abbrev  0x000004e3      0x2f8 Drivers\STM32F1xx_HAL_Driver\Src\stm32f1xx_hal_cortex.o
 .debug_abbrev  0x000007db      0x22d Drivers\STM32F1xx_HAL_Driver\Src\stm32f1xx_hal_dma.o
 .debug_abbrev  0x00000a08      0x1e4 Drivers\STM32F1xx_HAL_Driver\Src\stm32f1xx_hal_gpio.o
 .debug_abbrev  0x00000bec      0x313 Drivers\STM32F1xx_HAL_Driver\Src\stm32f1xx_hal_pcd.o
 .debug_abbrev  0x00000eff      0x2c1 Drivers\STM32F1xx_HAL_Driver\Src\stm32f1xx_hal_rcc.o
 .debug_abbrev  0x000011c0      0x1c4 Drivers\STM32F1xx_HAL_Driver\Src\stm32f1xx_hal_rcc_ex.o
 .debug_abbrev  0x00001384      0x335 Drivers\STM32F1xx_HAL_Driver\Src\stm32f1xx_hal_tim.o
 .debug_abbrev  0x000016b9      0x2f3 Drivers\STM32F1xx_HAL_Driver\Src\stm32f1xx_hal_uart.o
 .debug_abbrev  0x000019ac      0x2b7 Drivers\STM32F1xx_HAL_Driver\Src\stm32f1xx_ll_usb.o
 .debug_abbrev  0x00001c63      0x322 Middlewares\ST\STM32_USB_Device_Library\Core\Src\usbd_core.o
 .debug_abbrev  0x00001f85      0x3b9 Middlewares\ST\STM32_USB_Device_Library\Core\Src\usbd_ctlreq.o
 .debug_abbrev  0x0000233e      0x1f7 Middlewares\ST\STM32_USB_Device_Library\Core\Src\usbd_ioreq.o
 .debug_abbrev  0x00002535      0x2e8 Src\dmx512_config.o
 .debug_abbrev  0x0000281d      0x2a1 Src\dmx512_rec.o
 .debug_abbrev  0x00002abe      0x129 Src\gpio_control.o
 .debug_abbrev  0x00002be7      0x252 Src\light_update.o
 .debug_abbrev  0x00002e39      0x351 Src\main.o
 .debug_abbrev  0x0000318a      0x280 Src\pwm_control.o
 .debug_abbrev  0x0000340a      0x21e Src\serial_tracer.o
 .debug_abbrev  0x00003628      0x3e7 Src\shell.o
 .debug_abbrev  0x00003a0f      0x24c Src\shell_cmd.o
 .debug_abbrev  0x00003c5b      0x1d5 Src\stm32f1xx_hal_msp.o
 .debug_abbrev  0x00003e30      0x1a1 Src\stm32f1xx_it.o
 .debug_abbrev  0x00003fd1      0x2d9 Src\syscalls.o
 .debug_abbrev  0x000042aa      0x12f Src\system_stm32f1xx.o
 .debug_abbrev  0x000043d9      0x326 Src\usbd_conf.o
 .debug_abbrev  0x000046ff      0x250 Src\vt100.o
 .debug_abbrev  0x0000494f       0x12 startup\startup_stm32f103xb.o

.debug_loc      0x00000000     0xa785
 .debug_loc     0x00000000      0x10c Drivers\STM32F1xx_HAL_Driver\Src\stm32f1xx_hal.o
 .debug_loc     0x0000010c      0x873 Drivers\STM32F1xx_HAL_Driver\Src\stm32f1xx_hal_adc.o
 .debug_loc     0x0000097f      0x487 Drivers\STM32F1xx_HAL_Driver\Src\stm32f1xx_hal_cortex.o
 .debug_loc     0x00000e06      0x5ed Drivers\STM32F1xx_HAL_Driver\Src\stm32f1xx_hal_dma.o
 .debug_loc     0x000013f3      0x2f5 Drivers\STM32F1xx_HAL_Driver\Src\stm32f1xx_hal_gpio.o
 .debug_loc     0x000016e8      0xa55 Drivers\STM32F1xx_HAL_Driver\Src\stm32f1xx_hal_pcd.o
 .debug_loc     0x0000213d      0x478 Drivers\STM32F1xx_HAL_Driver\Src\stm32f1xx_hal_rcc.o
 .debug_loc     0x000025b5      0x29d Drivers\STM32F1xx_HAL_Driver\Src\stm32f1xx_hal_rcc_ex.o
 .debug_loc     0x00002852     0x2f5a Drivers\STM32F1xx_HAL_Driver\Src\stm32f1xx_hal_tim.o
 .debug_loc     0x000057ac     0x1362 Drivers\STM32F1xx_HAL_Driver\Src\stm32f1xx_hal_uart.o
 .debug_loc     0x00006b0e     0x1042 Drivers\STM32F1xx_HAL_Driver\Src\stm32f1xx_ll_usb.o
 .debug_loc     0x00007b50      0x705 Middlewares\ST\STM32_USB_Device_Library\Core\Src\usbd_core.o
 .debug_loc     0x00008255      0x953 Middlewares\ST\STM32_USB_Device_Library\Core\Src\usbd_ctlreq.o
 .debug_loc     0x00008ba8      0x23c Middlewares\ST\STM32_USB_Device_Library\Core\Src\usbd_ioreq.o
 .debug_loc     0x00008de4       0xb0 Src\dmx512_config.o
 .debug_loc     0x00008e94       0x4d Src\dmx512_rec.o
 .debug_loc     0x00008ee1       0x3e Src\gpio_control.o
 .debug_loc     0x00008f1f       0xe1 Src\light_update.o
 .debug_loc     0x00009000       0x39 Src\main.o
 .debug_loc     0x00009039       0xa1 Src\pwm_control.o
 .debug_loc     0x000090da       0x6c Src\serial_tracer.o
 .debug_loc     0x00009146      0x3cf Src\shell.o
 .debug_loc     0x00009515      0x2ec Src\shell_cmd.o
 .debug_loc     0x00009801       0xb8 Src\stm32f1xx_hal_msp.o
 .debug_loc     0x000098b9      0x3ef Src\syscalls.o
 .debug_loc     0x00009ca8       0xcd Src\system_stm32f1xx.o
 .debug_loc     0x00009d75      0x8ec Src\usbd_conf.o
 .debug_loc     0x0000a661      0x124 Src\vt100.o

.debug_aranges  0x00000000      0xfb0
 .debug_aranges
                0x00000000       0xd8 Drivers\STM32F1xx_HAL_Driver\Src\stm32f1xx_hal.o
 .debug_aranges
                0x000000d8       0xc8 Drivers\STM32F1xx_HAL_Driver\Src\stm32f1xx_hal_adc.o
 .debug_aranges
                0x000001a0       0x90 Drivers\STM32F1xx_HAL_Driver\Src\stm32f1xx_hal_cortex.o
 .debug_aranges
                0x00000230       0x78 Drivers\STM32F1xx_HAL_Driver\Src\stm32f1xx_hal_dma.o
 .debug_aranges
                0x000002a8       0x58 Drivers\STM32F1xx_HAL_Driver\Src\stm32f1xx_hal_gpio.o
 .debug_aranges
                0x00000300       0xc0 Drivers\STM32F1xx_HAL_Driver\Src\stm32f1xx_hal_pcd.o
 .debug_aranges
                0x000003c0       0x88 Drivers\STM32F1xx_HAL_Driver\Src\stm32f1xx_hal_rcc.o
 .debug_aranges
                0x00000448       0x30 Drivers\STM32F1xx_HAL_Driver\Src\stm32f1xx_hal_rcc_ex.o
 .debug_aranges
                0x00000478      0x278 Drivers\STM32F1xx_HAL_Driver\Src\stm32f1xx_hal_tim.o
 .debug_aranges
                0x000006f0      0x170 Drivers\STM32F1xx_HAL_Driver\Src\stm32f1xx_hal_uart.o
 .debug_aranges
                0x00000860       0xe0 Drivers\STM32F1xx_HAL_Driver\Src\stm32f1xx_ll_usb.o
 .debug_aranges
                0x00000940       0xa8 Middlewares\ST\STM32_USB_Device_Library\Core\Src\usbd_core.o
 .debug_aranges
                0x000009e8       0x50 Middlewares\ST\STM32_USB_Device_Library\Core\Src\usbd_ctlreq.o
 .debug_aranges
                0x00000a38       0x50 Middlewares\ST\STM32_USB_Device_Library\Core\Src\usbd_ioreq.o
 .debug_aranges
                0x00000a88       0x70 Src\dmx512_config.o
 .debug_aranges
                0x00000af8       0x50 Src\dmx512_rec.o
 .debug_aranges
                0x00000b48       0x30 Src\gpio_control.o
 .debug_aranges
                0x00000b78       0x30 Src\light_update.o
 .debug_aranges
                0x00000ba8       0x30 Src\main.o
 .debug_aranges
                0x00000bd8       0x38 Src\pwm_control.o
 .debug_aranges
                0x00000c10       0x30 Src\serial_tracer.o
 .debug_aranges
                0x00000c40       0x58 Src\shell.o
 .debug_aranges
                0x00000c98       0x50 Src\shell_cmd.o
 .debug_aranges
                0x00000ce8       0x40 Src\stm32f1xx_hal_msp.o
 .debug_aranges
                0x00000d28       0x50 Src\stm32f1xx_it.o
 .debug_aranges
                0x00000d78       0xb0 Src\syscalls.o
 .debug_aranges
                0x00000e28       0x28 Src\system_stm32f1xx.o
 .debug_aranges
                0x00000e50      0x110 Src\usbd_conf.o
 .debug_aranges
                0x00000f60       0x28 Src\vt100.o
 .debug_aranges
                0x00000f88       0x28 startup\startup_stm32f103xb.o

.debug_ranges   0x00000000     0x16d0
 .debug_ranges  0x00000000       0xc8 Drivers\STM32F1xx_HAL_Driver\Src\stm32f1xx_hal.o
 .debug_ranges  0x000000c8       0xb8 Drivers\STM32F1xx_HAL_Driver\Src\stm32f1xx_hal_adc.o
 .debug_ranges  0x00000180      0x128 Drivers\STM32F1xx_HAL_Driver\Src\stm32f1xx_hal_cortex.o
 .debug_ranges  0x000002a8       0xa8 Drivers\STM32F1xx_HAL_Driver\Src\stm32f1xx_hal_dma.o
 .debug_ranges  0x00000350       0x60 Drivers\STM32F1xx_HAL_Driver\Src\stm32f1xx_hal_gpio.o
 .debug_ranges  0x000003b0      0x170 Drivers\STM32F1xx_HAL_Driver\Src\stm32f1xx_hal_pcd.o
 .debug_ranges  0x00000520       0xa0 Drivers\STM32F1xx_HAL_Driver\Src\stm32f1xx_hal_rcc.o
 .debug_ranges  0x000005c0       0x40 Drivers\STM32F1xx_HAL_Driver\Src\stm32f1xx_hal_rcc_ex.o
 .debug_ranges  0x00000600      0x348 Drivers\STM32F1xx_HAL_Driver\Src\stm32f1xx_hal_tim.o
 .debug_ranges  0x00000948      0x190 Drivers\STM32F1xx_HAL_Driver\Src\stm32f1xx_hal_uart.o
 .debug_ranges  0x00000ad8      0x2c0 Drivers\STM32F1xx_HAL_Driver\Src\stm32f1xx_ll_usb.o
 .debug_ranges  0x00000d98       0x98 Middlewares\ST\STM32_USB_Device_Library\Core\Src\usbd_core.o
 .debug_ranges  0x00000e30       0x78 Middlewares\ST\STM32_USB_Device_Library\Core\Src\usbd_ctlreq.o
 .debug_ranges  0x00000ea8       0x40 Middlewares\ST\STM32_USB_Device_Library\Core\Src\usbd_ioreq.o
 .debug_ranges  0x00000ee8       0x78 Src\dmx512_config.o
 .debug_ranges  0x00000f60       0x58 Src\dmx512_rec.o
 .debug_ranges  0x00000fb8       0x20 Src\gpio_control.o
 .debug_ranges  0x00000fd8       0x20 Src\light_update.o
 .debug_ranges  0x00000ff8      0x180 Src\main.o
 .debug_ranges  0x00001178       0x58 Src\pwm_control.o
 .debug_ranges  0x000011d0       0x20 Src\serial_tracer.o
 .debug_ranges  0x000011f0      0x110 Src\shell.o
 .debug_ranges  0x00001300       0x58 Src\shell_cmd.o
 .debug_ranges  0x00001358      0x100 Src\stm32f1xx_hal_msp.o
 .debug_ranges  0x00001458       0x40 Src\stm32f1xx_it.o
 .debug_ranges  0x00001498       0xa0 Src\syscalls.o
 .debug_ranges  0x00001538       0x18 Src\system_stm32f1xx.o
 .debug_ranges  0x00001550      0x128 Src\usbd_conf.o
 .debug_ranges  0x00001678       0x38 Src\vt100.o
 .debug_ranges  0x000016b0       0x20 startup\startup_stm32f103xb.o

.debug_line     0x00000000     0x8b3a
 .debug_line    0x00000000      0x3df Drivers\STM32F1xx_HAL_Driver\Src\stm32f1xx_hal.o
 .debug_line    0x000003df      0x7cf Drivers\STM32F1xx_HAL_Driver\Src\stm32f1xx_hal_adc.o
 .debug_line    0x00000bae      0x3da Drivers\STM32F1xx_HAL_Driver\Src\stm32f1xx_hal_cortex.o
 .debug_line    0x00000f88      0x5ef Drivers\STM32F1xx_HAL_Driver\Src\stm32f1xx_hal_dma.o
 .debug_line    0x00001577      0x39f Drivers\STM32F1xx_HAL_Driver\Src\stm32f1xx_hal_gpio.o
 .debug_line    0x00001916      0x693 Drivers\STM32F1xx_HAL_Driver\Src\stm32f1xx_hal_pcd.o
 .debug_line    0x00001fa9      0x576 Drivers\STM32F1xx_HAL_Driver\Src\stm32f1xx_hal_rcc.o
 .debug_line    0x0000251f      0x32a Drivers\STM32F1xx_HAL_Driver\Src\stm32f1xx_hal_rcc_ex.o
 .debug_line    0x00002849     0x116d Drivers\STM32F1xx_HAL_Driver\Src\stm32f1xx_hal_tim.o
 .debug_line    0x000039b6      0xbce Drivers\STM32F1xx_HAL_Driver\Src\stm32f1xx_hal_uart.o
 .debug_line    0x00004584      0x5b5 Drivers\STM32F1xx_HAL_Driver\Src\stm32f1xx_ll_usb.o
 .debug_line    0x00004b39      0x533 Middlewares\ST\STM32_USB_Device_Library\Core\Src\usbd_core.o
 .debug_line    0x0000506c      0x4e8 Middlewares\ST\STM32_USB_Device_Library\Core\Src\usbd_ctlreq.o
 .debug_line    0x00005554      0x3aa Middlewares\ST\STM32_USB_Device_Library\Core\Src\usbd_ioreq.o
 .debug_line    0x000058fe      0x309 Src\dmx512_config.o
 .debug_line    0x00005c07      0x393 Src\dmx512_rec.o
 .debug_line    0x00005f9a      0x222 Src\gpio_control.o
 .debug_line    0x000061bc      0x2db Src\light_update.o
 .debug_line    0x00006497      0x566 Src\main.o
 .debug_line    0x000069fd      0x371 Src\pwm_control.o
 .debug_line    0x00006d6e      0x2ce Src\serial_tracer.o
 .debug_line    0x0000703c      0x3c9 Src\shell.o
 .debug_line    0x00007405      0x2e8 Src\shell_cmd.o
 .debug_line    0x000076ed      0x314 Src\stm32f1xx_hal_msp.o
 .debug_line    0x00007a01      0x277 Src\stm32f1xx_it.o
 .debug_line    0x00007c78      0x3a8 Src\syscalls.o
 .debug_line    0x00008020      0x21c Src\system_stm32f1xx.o
 .debug_line    0x0000823c      0x622 Src\usbd_conf.o
 .debug_line    0x0000885e      0x25f Src\vt100.o
 .debug_line    0x00008abd       0x7d startup\startup_stm32f103xb.o

.debug_str      0x00000000     0x53d9
 .debug_str     0x00000000      0x802 Drivers\STM32F1xx_HAL_Driver\Src\stm32f1xx_hal.o
                                0x86b (size before relaxing)
 .debug_str     0x00000802      0x672 Drivers\STM32F1xx_HAL_Driver\Src\stm32f1xx_hal_adc.o
                                0x98f (size before relaxing)
 .debug_str     0x00000e74      0x3c5 Drivers\STM32F1xx_HAL_Driver\Src\stm32f1xx_hal_cortex.o
                                0x98d (size before relaxing)
 .debug_str     0x00001239      0x220 Drivers\STM32F1xx_HAL_Driver\Src\stm32f1xx_hal_dma.o
                                0x6db (size before relaxing)
 .debug_str     0x00001459      0x1c4 Drivers\STM32F1xx_HAL_Driver\Src\stm32f1xx_hal_gpio.o
                                0x4de (size before relaxing)
 .debug_str     0x0000161d      0x799 Drivers\STM32F1xx_HAL_Driver\Src\stm32f1xx_hal_pcd.o
                                0xae5 (size before relaxing)
 .debug_str     0x00001db6      0x322 Drivers\STM32F1xx_HAL_Driver\Src\stm32f1xx_hal_rcc.o
                                0x6c7 (size before relaxing)
 .debug_str     0x000020d8      0x110 Drivers\STM32F1xx_HAL_Driver\Src\stm32f1xx_hal_rcc_ex.o
                                0x49f (size before relaxing)
 .debug_str     0x000021e8      0xfe8 Drivers\STM32F1xx_HAL_Driver\Src\stm32f1xx_hal_tim.o
                               0x150f (size before relaxing)
 .debug_str     0x000031d0      0x6dd Drivers\STM32F1xx_HAL_Driver\Src\stm32f1xx_hal_uart.o
                                0xc57 (size before relaxing)
 .debug_str     0x000038ad      0x191 Drivers\STM32F1xx_HAL_Driver\Src\stm32f1xx_ll_usb.o
                                0x7e5 (size before relaxing)
 .debug_str     0x00003a3e      0x9da Middlewares\ST\STM32_USB_Device_Library\Core\Src\usbd_core.o
                                0xd23 (size before relaxing)
 .debug_str     0x00004418      0x13f Middlewares\ST\STM32_USB_Device_Library\Core\Src\usbd_ctlreq.o
                                0xc3d (size before relaxing)
 .debug_str     0x00004557       0x8a Middlewares\ST\STM32_USB_Device_Library\Core\Src\usbd_ioreq.o
                                0xb6a (size before relaxing)
 .debug_str     0x000045e1       0xdf Src\dmx512_config.o
                                0x6c8 (size before relaxing)
 .debug_str     0x000046c0       0xd3 Src\dmx512_rec.o
                                0xbe4 (size before relaxing)
 .debug_str     0x00004793       0x49 Src\gpio_control.o
                                0x308 (size before relaxing)
 .debug_str     0x000047dc       0xac Src\light_update.o
                                0x6d8 (size before relaxing)
 .debug_str     0x00004888      0x115 Src\main.o
                               0x13de (size before relaxing)
 .debug_str     0x0000499d       0xc5 Src\pwm_control.o
                                0xd0e (size before relaxing)
 .debug_str     0x00004a62       0x41 Src\serial_tracer.o
                                0xab4 (size before relaxing)
 .debug_str     0x00004aa3      0x350 Src\shell.o
                                0x999 (size before relaxing)
 .debug_str     0x00004df3       0xa4 Src\shell_cmd.o
                                0x767 (size before relaxing)
 .debug_str     0x00004e97       0x1b Src\stm32f1xx_hal_msp.o
                                0x879 (size before relaxing)
 .debug_str     0x00004eb2       0xcd Src\stm32f1xx_it.o
                                0x68f (size before relaxing)
 .debug_str     0x00004f7f      0x23f Src\syscalls.o
                                0x859 (size before relaxing)
 .debug_str     0x000051be       0x4d Src\system_stm32f1xx.o
                                0x34d (size before relaxing)
 .debug_str     0x0000520b       0xab Src\usbd_conf.o
                               0x1670 (size before relaxing)
 .debug_str     0x000052b6      0x123 Src\vt100.o
                                0x86f (size before relaxing)

.comment        0x00000000       0x7c
 .comment       0x00000000       0x7c Drivers\STM32F1xx_HAL_Driver\Src\stm32f1xx_hal.o
                                 0x7d (size before relaxing)
 .comment       0x0000007c       0x7d Drivers\STM32F1xx_HAL_Driver\Src\stm32f1xx_hal_adc.o
 .comment       0x0000007c       0x7d Drivers\STM32F1xx_HAL_Driver\Src\stm32f1xx_hal_cortex.o
 .comment       0x0000007c       0x7d Drivers\STM32F1xx_HAL_Driver\Src\stm32f1xx_hal_dma.o
 .comment       0x0000007c       0x7d Drivers\STM32F1xx_HAL_Driver\Src\stm32f1xx_hal_gpio.o
 .comment       0x0000007c       0x7d Drivers\STM32F1xx_HAL_Driver\Src\stm32f1xx_hal_pcd.o
 .comment       0x0000007c       0x7d Drivers\STM32F1xx_HAL_Driver\Src\stm32f1xx_hal_rcc.o
 .comment       0x0000007c       0x7d Drivers\STM32F1xx_HAL_Driver\Src\stm32f1xx_hal_rcc_ex.o
 .comment       0x0000007c       0x7d Drivers\STM32F1xx_HAL_Driver\Src\stm32f1xx_hal_tim.o
 .comment       0x0000007c       0x7d Drivers\STM32F1xx_HAL_Driver\Src\stm32f1xx_hal_uart.o
 .comment       0x0000007c       0x7d Drivers\STM32F1xx_HAL_Driver\Src\stm32f1xx_ll_usb.o
 .comment       0x0000007c       0x7d Middlewares\ST\STM32_USB_Device_Library\Core\Src\usbd_core.o
 .comment       0x0000007c       0x7d Middlewares\ST\STM32_USB_Device_Library\Core\Src\usbd_ctlreq.o
 .comment       0x0000007c       0x7d Middlewares\ST\STM32_USB_Device_Library\Core\Src\usbd_ioreq.o
 .comment       0x0000007c       0x7d Src\dmx512_config.o
 .comment       0x0000007c       0x7d Src\dmx512_rec.o
 .comment       0x0000007c       0x7d Src\gpio_control.o
 .comment       0x0000007c       0x7d Src\light_update.o
 .comment       0x0000007c       0x7d Src\main.o
 .comment       0x0000007c       0x7d Src\pwm_control.o
 .comment       0x0000007c       0x7d Src\serial_tracer.o
 .comment       0x0000007c       0x7d Src\shell.o
 .comment       0x0000007c       0x7d Src\shell_cmd.o
 .comment       0x0000007c       0x7d Src\stm32f1xx_hal_msp.o
 .comment       0x0000007c       0x7d Src\stm32f1xx_it.o
 .comment       0x0000007c       0x7d Src\syscalls.o
 .comment       0x0000007c       0x7d Src\system_stm32f1xx.o
 .comment       0x0000007c       0x7d Src\usbd_conf.o
 .comment       0x0000007c       0x7d Src\vt100.o

.debug_frame    0x00000000     0x30fc
 .debug_frame   0x00000000      0x1d4 Drivers\STM32F1xx_HAL_Driver\Src\stm32f1xx_hal.o
 .debug_frame   0x000001d4      0x298 Drivers\STM32F1xx_HAL_Driver\Src\stm32f1xx_hal_adc.o
 .debug_frame   0x0000046c      0x120 Drivers\STM32F1xx_HAL_Driver\Src\stm32f1xx_hal_cortex.o
 .debug_frame   0x0000058c      0x144 Drivers\STM32F1xx_HAL_Driver\Src\stm32f1xx_hal_dma.o
 .debug_frame   0x000006d0       0xd4 Drivers\STM32F1xx_HAL_Driver\Src\stm32f1xx_hal_gpio.o
 .debug_frame   0x000007a4      0x2bc Drivers\STM32F1xx_HAL_Driver\Src\stm32f1xx_hal_pcd.o
 .debug_frame   0x00000a60      0x150 Drivers\STM32F1xx_HAL_Driver\Src\stm32f1xx_hal_rcc.o
 .debug_frame   0x00000bb0       0x6c Drivers\STM32F1xx_HAL_Driver\Src\stm32f1xx_hal_rcc_ex.o
 .debug_frame   0x00000c1c      0x928 Drivers\STM32F1xx_HAL_Driver\Src\stm32f1xx_hal_tim.o
 .debug_frame   0x00001544      0x498 Drivers\STM32F1xx_HAL_Driver\Src\stm32f1xx_hal_uart.o
 .debug_frame   0x000019dc      0x240 Drivers\STM32F1xx_HAL_Driver\Src\stm32f1xx_ll_usb.o
 .debug_frame   0x00001c1c      0x1c0 Middlewares\ST\STM32_USB_Device_Library\Core\Src\usbd_core.o
 .debug_frame   0x00001ddc       0xcc Middlewares\ST\STM32_USB_Device_Library\Core\Src\usbd_ctlreq.o
 .debug_frame   0x00001ea8       0xb0 Middlewares\ST\STM32_USB_Device_Library\Core\Src\usbd_ioreq.o
 .debug_frame   0x00001f58       0xd4 Src\dmx512_config.o
 .debug_frame   0x0000202c       0xc0 Src\dmx512_rec.o
 .debug_frame   0x000020ec       0x58 Src\gpio_control.o
 .debug_frame   0x00002144       0x68 Src\light_update.o
 .debug_frame   0x000021ac       0x5c Src\main.o
 .debug_frame   0x00002208       0x74 Src\pwm_control.o
 .debug_frame   0x0000227c       0x54 Src\serial_tracer.o
 .debug_frame   0x000022d0      0x124 Src\shell.o
 .debug_frame   0x000023f4       0xc8 Src\shell_cmd.o
 .debug_frame   0x000024bc       0x8c Src\stm32f1xx_hal_msp.o
 .debug_frame   0x00002548       0xb0 Src\stm32f1xx_it.o
 .debug_frame   0x000025f8      0x1a8 Src\syscalls.o
 .debug_frame   0x000027a0       0x30 Src\system_stm32f1xx.o
 .debug_frame   0x000027d0      0x27c Src\usbd_conf.o
 .debug_frame   0x00002a4c       0x50 Src\vt100.o
 .debug_frame   0x00002a9c       0x30 c:/program files/atollic/truestudio for stm32 9.3.0/armtools/bin/../lib/gcc/arm-atollic-eabi/6.3.1/../../../../arm-atollic-eabi/lib/armv7-m\libc_nano.a(lib_a-atoi.o)
 .debug_frame   0x00002acc       0x20 c:/program files/atollic/truestudio for stm32 9.3.0/armtools/bin/../lib/gcc/arm-atollic-eabi/6.3.1/../../../../arm-atollic-eabi/lib/armv7-m\libc_nano.a(lib_a-errno.o)
 .debug_frame   0x00002aec       0x2c c:/program files/atollic/truestudio for stm32 9.3.0/armtools/bin/../lib/gcc/arm-atollic-eabi/6.3.1/../../../../arm-atollic-eabi/lib/armv7-m\libc_nano.a(lib_a-init.o)
 .debug_frame   0x00002b18       0x30 c:/program files/atollic/truestudio for stm32 9.3.0/armtools/bin/../lib/gcc/arm-atollic-eabi/6.3.1/../../../../arm-atollic-eabi/lib/armv7-m\libc_nano.a(lib_a-malloc.o)
 .debug_frame   0x00002b48       0x20 c:/program files/atollic/truestudio for stm32 9.3.0/armtools/bin/../lib/gcc/arm-atollic-eabi/6.3.1/../../../../arm-atollic-eabi/lib/armv7-m\libc_nano.a(lib_a-memset.o)
 .debug_frame   0x00002b68       0x38 c:/program files/atollic/truestudio for stm32 9.3.0/armtools/bin/../lib/gcc/arm-atollic-eabi/6.3.1/../../../../arm-atollic-eabi/lib/armv7-m\libc_nano.a(lib_a-nano-freer.o)
 .debug_frame   0x00002ba0       0x2c c:/program files/atollic/truestudio for stm32 9.3.0/armtools/bin/../lib/gcc/arm-atollic-eabi/6.3.1/../../../../arm-atollic-eabi/lib/armv7-m\libc_nano.a(lib_a-nano-mallocr.o)
 .debug_frame   0x00002bcc       0x2c c:/program files/atollic/truestudio for stm32 9.3.0/armtools/bin/../lib/gcc/arm-atollic-eabi/6.3.1/../../../../arm-atollic-eabi/lib/armv7-m\libc_nano.a(lib_a-sbrkr.o)
 .debug_frame   0x00002bf8       0x28 c:/program files/atollic/truestudio for stm32 9.3.0/armtools/bin/../lib/gcc/arm-atollic-eabi/6.3.1/../../../../arm-atollic-eabi/lib/armv7-m\libc_nano.a(lib_a-strcat.o)
 .debug_frame   0x00002c20       0x28 c:/program files/atollic/truestudio for stm32 9.3.0/armtools/bin/../lib/gcc/arm-atollic-eabi/6.3.1/../../../../arm-atollic-eabi/lib/armv7-m\libc_nano.a(lib_a-strncmp.o)
 .debug_frame   0x00002c48       0x2c c:/program files/atollic/truestudio for stm32 9.3.0/armtools/bin/../lib/gcc/arm-atollic-eabi/6.3.1/../../../../arm-atollic-eabi/lib/armv7-m\libc_nano.a(lib_a-strncpy.o)
 .debug_frame   0x00002c74       0x38 c:/program files/atollic/truestudio for stm32 9.3.0/armtools/bin/../lib/gcc/arm-atollic-eabi/6.3.1/../../../../arm-atollic-eabi/lib/armv7-m\libc_nano.a(lib_a-strtok.o)
 .debug_frame   0x00002cac       0x40 c:/program files/atollic/truestudio for stm32 9.3.0/armtools/bin/../lib/gcc/arm-atollic-eabi/6.3.1/../../../../arm-atollic-eabi/lib/armv7-m\libc_nano.a(lib_a-strtok_r.o)
 .debug_frame   0x00002cec       0x88 c:/program files/atollic/truestudio for stm32 9.3.0/armtools/bin/../lib/gcc/arm-atollic-eabi/6.3.1/../../../../arm-atollic-eabi/lib/armv7-m\libc_nano.a(lib_a-strtol.o)
 .debug_frame   0x00002d74       0x4c c:/program files/atollic/truestudio for stm32 9.3.0/armtools/bin/../lib/gcc/arm-atollic-eabi/6.3.1/../../../../arm-atollic-eabi/lib/armv7-m\libc_nano.a(lib_a-vsnprintf.o)
 .debug_frame   0x00002dc0       0x68 c:/program files/atollic/truestudio for stm32 9.3.0/armtools/bin/../lib/gcc/arm-atollic-eabi/6.3.1/../../../../arm-atollic-eabi/lib/armv7-m\libc_nano.a(lib_a-locale.o)
 .debug_frame   0x00002e28       0x48 c:/program files/atollic/truestudio for stm32 9.3.0/armtools/bin/../lib/gcc/arm-atollic-eabi/6.3.1/../../../../arm-atollic-eabi/lib/armv7-m\libc_nano.a(lib_a-mbtowc_r.o)
 .debug_frame   0x00002e70       0x30 c:/program files/atollic/truestudio for stm32 9.3.0/armtools/bin/../lib/gcc/arm-atollic-eabi/6.3.1/../../../../arm-atollic-eabi/lib/armv7-m\libc_nano.a(lib_a-mlock.o)
 .debug_frame   0x00002ea0       0x90 c:/program files/atollic/truestudio for stm32 9.3.0/armtools/bin/../lib/gcc/arm-atollic-eabi/6.3.1/../../../../arm-atollic-eabi/lib/armv7-m\libc_nano.a(lib_a-nano-svfprintf.o)
 .debug_frame   0x00002f30       0x60 c:/program files/atollic/truestudio for stm32 9.3.0/armtools/bin/../lib/gcc/arm-atollic-eabi/6.3.1/../../../../arm-atollic-eabi/lib/armv7-m\libc_nano.a(lib_a-nano-vfprintf_i.o)
 .debug_frame   0x00002f90       0x5c c:/program files/atollic/truestudio for stm32 9.3.0/armtools/bin/../lib/gcc/arm-atollic-eabi/6.3.1/../../../../arm-atollic-eabi/lib/armv7-m\libc_nano.a(lib_a-reent.o)
 .debug_frame   0x00002fec       0x3c c:/program files/atollic/truestudio for stm32 9.3.0/armtools/bin/../lib/gcc/arm-atollic-eabi/6.3.1/../../../../arm-atollic-eabi/lib/armv7-m\libc_nano.a(lib_a-wctomb_r.o)
 .debug_frame   0x00003028       0x28 c:/program files/atollic/truestudio for stm32 9.3.0/armtools/bin/../lib/gcc/arm-atollic-eabi/6.3.1/../../../../arm-atollic-eabi/lib/armv7-m\libc_nano.a(lib_a-memchr-stub.o)
 .debug_frame   0x00003050       0x28 c:/program files/atollic/truestudio for stm32 9.3.0/armtools/bin/../lib/gcc/arm-atollic-eabi/6.3.1/../../../../arm-atollic-eabi/lib/armv7-m\libc_nano.a(lib_a-memcpy-stub.o)
 .debug_frame   0x00003078       0x28 c:/program files/atollic/truestudio for stm32 9.3.0/armtools/bin/../lib/gcc/arm-atollic-eabi/6.3.1/../../../../arm-atollic-eabi/lib/armv7-m\libc_nano.a(lib_a-memmove.o)
 .debug_frame   0x000030a0       0x3c c:/program files/atollic/truestudio for stm32 9.3.0/armtools/bin/../lib/gcc/arm-atollic-eabi/6.3.1/../../../../arm-atollic-eabi/lib/armv7-m\libc_nano.a(lib_a-nano-reallocr.o)
 .debug_frame   0x000030dc       0x20 c:/program files/atollic/truestudio for stm32 9.3.0/armtools/bin/../lib/gcc/arm-atollic-eabi/6.3.1/../../../../arm-atollic-eabi/lib/armv7-m\libc_nano.a(lib_a-nano-msizer.o)