Archive member included to satisfy reference by file (symbol)

c:/st/stm32cubeide_1.3.0/stm32cubeide/plugins/com.st.stm32cube.ide.mcu.externaltools.gnu-tools-for-stm32.7-2018-q2-update.win32_1.0.0.201904181610/tools/bin/../lib/gcc/arm-none-eabi/7.3.1/../../../../arm-none-eabi/lib/thumb/v7-m\libc_nano.a(lib_a-atoi.o)
                              Src/shell_cmd.o (atoi)
c:/st/stm32cubeide_1.3.0/stm32cubeide/plugins/com.st.stm32cube.ide.mcu.externaltools.gnu-tools-for-stm32.7-2018-q2-update.win32_1.0.0.201904181610/tools/bin/../lib/gcc/arm-none-eabi/7.3.1/../../../../arm-none-eabi/lib/thumb/v7-m\libc_nano.a(lib_a-errno.o)
                              Src/syscalls.o (__errno)
c:/st/stm32cubeide_1.3.0/stm32cubeide/plugins/com.st.stm32cube.ide.mcu.externaltools.gnu-tools-for-stm32.7-2018-q2-update.win32_1.0.0.201904181610/tools/bin/../lib/gcc/arm-none-eabi/7.3.1/../../../../arm-none-eabi/lib/thumb/v7-m\libc_nano.a(lib_a-exit.o)
                              c:/st/stm32cubeide_1.3.0/stm32cubeide/plugins/com.st.stm32cube.ide.mcu.externaltools.gnu-tools-for-stm32.7-2018-q2-update.win32_1.0.0.201904181610/tools/bin/../lib/gcc/arm-none-eabi/7.3.1/../../../../arm-none-eabi/lib/thumb/v7-m/crt0.o (exit)
c:/st/stm32cubeide_1.3.0/stm32cubeide/plugins/com.st.stm32cube.ide.mcu.externaltools.gnu-tools-for-stm32.7-2018-q2-update.win32_1.0.0.201904181610/tools/bin/../lib/gcc/arm-none-eabi/7.3.1/../../../../arm-none-eabi/lib/thumb/v7-m\libc_nano.a(lib_a-impure.o)
                              c:/st/stm32cubeide_1.3.0/stm32cubeide/plugins/com.st.stm32cube.ide.mcu.externaltools.gnu-tools-for-stm32.7-2018-q2-update.win32_1.0.0.201904181610/tools/bin/../lib/gcc/arm-none-eabi/7.3.1/../../../../arm-none-eabi/lib/thumb/v7-m\libc_nano.a(lib_a-exit.o) (_global_impure_ptr)
c:/st/stm32cubeide_1.3.0/stm32cubeide/plugins/com.st.stm32cube.ide.mcu.externaltools.gnu-tools-for-stm32.7-2018-q2-update.win32_1.0.0.201904181610/tools/bin/../lib/gcc/arm-none-eabi/7.3.1/../../../../arm-none-eabi/lib/thumb/v7-m\libc_nano.a(lib_a-init.o)
                              c:/st/stm32cubeide_1.3.0/stm32cubeide/plugins/com.st.stm32cube.ide.mcu.externaltools.gnu-tools-for-stm32.7-2018-q2-update.win32_1.0.0.201904181610/tools/bin/../lib/gcc/arm-none-eabi/7.3.1/../../../../arm-none-eabi/lib/thumb/v7-m/crt0.o (__libc_init_array)
c:/st/stm32cubeide_1.3.0/stm32cubeide/plugins/com.st.stm32cube.ide.mcu.externaltools.gnu-tools-for-stm32.7-2018-q2-update.win32_1.0.0.201904181610/tools/bin/../lib/gcc/arm-none-eabi/7.3.1/../../../../arm-none-eabi/lib/thumb/v7-m\libc_nano.a(lib_a-malloc.o)
                              Src/WS2812B.o (malloc)
c:/st/stm32cubeide_1.3.0/stm32cubeide/plugins/com.st.stm32cube.ide.mcu.externaltools.gnu-tools-for-stm32.7-2018-q2-update.win32_1.0.0.201904181610/tools/bin/../lib/gcc/arm-none-eabi/7.3.1/../../../../arm-none-eabi/lib/thumb/v7-m\libc_nano.a(lib_a-memcpy-stub.o)
                              Src/WS2812B.o (memcpy)
c:/st/stm32cubeide_1.3.0/stm32cubeide/plugins/com.st.stm32cube.ide.mcu.externaltools.gnu-tools-for-stm32.7-2018-q2-update.win32_1.0.0.201904181610/tools/bin/../lib/gcc/arm-none-eabi/7.3.1/../../../../arm-none-eabi/lib/thumb/v7-m\libc_nano.a(lib_a-memset.o)
                              c:/st/stm32cubeide_1.3.0/stm32cubeide/plugins/com.st.stm32cube.ide.mcu.externaltools.gnu-tools-for-stm32.7-2018-q2-update.win32_1.0.0.201904181610/tools/bin/../lib/gcc/arm-none-eabi/7.3.1/../../../../arm-none-eabi/lib/thumb/v7-m/crt0.o (memset)
c:/st/stm32cubeide_1.3.0/stm32cubeide/plugins/com.st.stm32cube.ide.mcu.externaltools.gnu-tools-for-stm32.7-2018-q2-update.win32_1.0.0.201904181610/tools/bin/../lib/gcc/arm-none-eabi/7.3.1/../../../../arm-none-eabi/lib/thumb/v7-m\libc_nano.a(lib_a-nano-freer.o)
                              c:/st/stm32cubeide_1.3.0/stm32cubeide/plugins/com.st.stm32cube.ide.mcu.externaltools.gnu-tools-for-stm32.7-2018-q2-update.win32_1.0.0.201904181610/tools/bin/../lib/gcc/arm-none-eabi/7.3.1/../../../../arm-none-eabi/lib/thumb/v7-m\libc_nano.a(lib_a-malloc.o) (_free_r)
c:/st/stm32cubeide_1.3.0/stm32cubeide/plugins/com.st.stm32cube.ide.mcu.externaltools.gnu-tools-for-stm32.7-2018-q2-update.win32_1.0.0.201904181610/tools/bin/../lib/gcc/arm-none-eabi/7.3.1/../../../../arm-none-eabi/lib/thumb/v7-m\libc_nano.a(lib_a-nano-mallocr.o)
                              c:/st/stm32cubeide_1.3.0/stm32cubeide/plugins/com.st.stm32cube.ide.mcu.externaltools.gnu-tools-for-stm32.7-2018-q2-update.win32_1.0.0.201904181610/tools/bin/../lib/gcc/arm-none-eabi/7.3.1/../../../../arm-none-eabi/lib/thumb/v7-m\libc_nano.a(lib_a-malloc.o) (_malloc_r)
c:/st/stm32cubeide_1.3.0/stm32cubeide/plugins/com.st.stm32cube.ide.mcu.externaltools.gnu-tools-for-stm32.7-2018-q2-update.win32_1.0.0.201904181610/tools/bin/../lib/gcc/arm-none-eabi/7.3.1/../../../../arm-none-eabi/lib/thumb/v7-m\libc_nano.a(lib_a-sbrkr.o)
[...]
Memory Configuration

Name             Origin             Length             Attributes
RAM              0x0000000020000000 0x0000000000005000 xrw
FLASH            0x0000000008000000 0x0000000000020000 xr
*default*        0x0000000000000000 0xffffffffffffffff

Linker script and memory map

LOAD c:/st/stm32cubeide_1.3.0/stm32cubeide/plugins/com.st.stm32cube.ide.mcu.externaltools.gnu-tools-for-stm32.7-2018-q2-update.win32_1.0.0.201904181610/tools/bin/../lib/gcc/arm-none-eabi/7.3.1/thumb/v7-m/crti.o
LOAD c:/st/stm32cubeide_1.3.0/stm32cubeide/plugins/com.st.stm32cube.ide.mcu.externaltools.gnu-tools-for-stm32.7-2018-q2-update.win32_1.0.0.201904181610/tools/bin/../lib/gcc/arm-none-eabi/7.3.1/thumb/v7-m/crtbegin.o
LOAD c:/st/stm32cubeide_1.3.0/stm32cubeide/plugins/com.st.stm32cube.ide.mcu.externaltools.gnu-tools-for-stm32.7-2018-q2-update.win32_1.0.0.201904181610/tools/bin/../lib/gcc/arm-none-eabi/7.3.1/../../../../arm-none-eabi/lib/thumb/v7-m/crt0.o
LOAD Drivers/STM32F1xx_HAL_Driver/Src/stm32f1xx_hal.o
LOAD Drivers/STM32F1xx_HAL_Driver/Src/stm32f1xx_hal_adc.o
LOAD Drivers/STM32F1xx_HAL_Driver/Src/stm32f1xx_hal_adc_ex.o
LOAD Drivers/STM32F1xx_HAL_Driver/Src/stm32f1xx_hal_cortex.o
LOAD Drivers/STM32F1xx_HAL_Driver/Src/stm32f1xx_hal_dma.o
LOAD Drivers/STM32F1xx_HAL_Driver/Src/stm32f1xx_hal_exti.o
LOAD Drivers/STM32F1xx_HAL_Driver/Src/stm32f1xx_hal_flash.o
LOAD Drivers/STM32F1xx_HAL_Driver/Src/stm32f1xx_hal_flash_ex.o
LOAD Drivers/STM32F1xx_HAL_Driver/Src/stm32f1xx_hal_gpio.o
LOAD Drivers/STM32F1xx_HAL_Driver/Src/stm32f1xx_hal_gpio_ex.o
LOAD Drivers/STM32F1xx_HAL_Driver/Src/stm32f1xx_hal_iwdg.o
LOAD Drivers/STM32F1xx_HAL_Driver/Src/stm32f1xx_hal_pcd.o
LOAD Drivers/STM32F1xx_HAL_Driver/Src/stm32f1xx_hal_pcd_ex.o
LOAD Drivers/STM32F1xx_HAL_Driver/Src/stm32f1xx_hal_pwr.o
LOAD Drivers/STM32F1xx_HAL_Driver/Src/stm32f1xx_hal_rcc.o
LOAD Drivers/STM32F1xx_HAL_Driver/Src/stm32f1xx_hal_rcc_ex.o
LOAD Drivers/STM32F1xx_HAL_Driver/Src/stm32f1xx_hal_spi.o
LOAD Drivers/STM32F1xx_HAL_Driver/Src/stm32f1xx_hal_tim.o
LOAD Drivers/STM32F1xx_HAL_Driver/Src/stm32f1xx_hal_tim_ex.o
LOAD Drivers/STM32F1xx_HAL_Driver/Src/stm32f1xx_hal_uart.o
LOAD Drivers/STM32F1xx_HAL_Driver/Src/stm32f1xx_ll_usb.o
LOAD Middlewares/ST/STM32_USB_Device_Library/Class/CDC/Src/usbd_cdc.o
LOAD Middlewares/ST/STM32_USB_Device_Library/Core/Src/usbd_core.o
LOAD Middlewares/ST/STM32_USB_Device_Library/Core/Src/usbd_ctlreq.o
LOAD Middlewares/ST/STM32_USB_Device_Library/Core/Src/usbd_ioreq.o
LOAD Src/WS2812B.o
LOAD Src/dmx512_config.o
LOAD Src/dmx512_rec.o
LOAD Src/eeprom.o
LOAD Src/fx_api.o
LOAD Src/fx_list.o
LOAD Src/fx_manager.o
LOAD Src/fx_pwm_pulsing_light.o
LOAD Src/fx_pwm_running_light.o
LOAD Src/gpio_control.o
LOAD Src/light_update.o
LOAD Src/main.o
LOAD Src/pwm_control.o
LOAD Src/serial_tracer.o
LOAD Src/settings.o
LOAD Src/shell.o
LOAD Src/shell_cmd.o
LOAD Src/stm32f1xx_hal_msp.o
LOAD Src/stm32f1xx_it.o
LOAD Src/syscalls.o
LOAD Src/system_stm32f1xx.o
LOAD Src/testmode.o
LOAD Src/triggers.o
LOAD Src/usb_device.o
LOAD Src/usbd_cdc_if.o
LOAD Src/usbd_conf.o
LOAD Src/usbd_desc.o
LOAD Src/vt100.o
LOAD startup/startup_stm32f103xb.o
START GROUP
LOAD c:/st/stm32cubeide_1.3.0/stm32cubeide/plugins/com.st.stm32cube.ide.mcu.externaltools.gnu-tools-for-stm32.7-2018-q2-update.win32_1.0.0.201904181610/tools/bin/../lib/gcc/arm-none-eabi/7.3.1/../../../../arm-none-eabi/lib/thumb/v7-m\libc_nano.a
LOAD c:/st/stm32cubeide_1.3.0/stm32cubeide/plugins/com.st.stm32cube.ide.mcu.externaltools.gnu-tools-for-stm32.7-2018-q2-update.win32_1.0.0.201904181610/tools/bin/../lib/gcc/arm-none-eabi/7.3.1/../../../../arm-none-eabi/lib/thumb/v7-m\libm.a
END GROUP
START GROUP
LOAD c:/st/stm32cubeide_1.3.0/stm32cubeide/plugins/com.st.stm32cube.ide.mcu.externaltools.gnu-tools-for-stm32.7-2018-q2-update.win32_1.0.0.201904181610/tools/bin/../lib/gcc/arm-none-eabi/7.3.1/thumb/v7-m\libgcc.a
LOAD c:/st/stm32cubeide_1.3.0/stm32cubeide/plugins/com.st.stm32cube.ide.mcu.externaltools.gnu-tools-for-stm32.7-2018-q2-update.win32_1.0.0.201904181610/tools/bin/../lib/gcc/arm-none-eabi/7.3.1/../../../../arm-none-eabi/lib/thumb/v7-m\libc_nano.a
END GROUP
START GROUP
LOAD c:/st/stm32cubeide_1.3.0/stm32cubeide/plugins/com.st.stm32cube.ide.mcu.externaltools.gnu-tools-for-stm32.7-2018-q2-update.win32_1.0.0.201904181610/tools/bin/../lib/gcc/arm-none-eabi/7.3.1/thumb/v7-m\libgcc.a
LOAD c:/st/stm32cubeide_1.3.0/stm32cubeide/plugins/com.st.stm32cube.ide.mcu.externaltools.gnu-tools-for-stm32.7-2018-q2-update.win32_1.0.0.201904181610/tools/bin/../lib/gcc/arm-none-eabi/7.3.1/../../../../arm-none-eabi/lib/thumb/v7-m\libc_nano.a
LOAD c:/st/stm32cubeide_1.3.0/stm32cubeide/plugins/com.st.stm32cube.ide.mcu.externaltools.gnu-tools-for-stm32.7-2018-q2-update.win32_1.0.0.201904181610/tools/bin/../lib/gcc/arm-none-eabi/7.3.1/../../../../arm-none-eabi/lib/thumb/v7-m\libnosys.a
END GROUP
START GROUP
LOAD c:/st/stm32cubeide_1.3.0/stm32cubeide/plugins/com.st.stm32cube.ide.mcu.externaltools.gnu-tools-for-stm32.7-2018-q2-update.win32_1.0.0.201904181610/tools/bin/../lib/gcc/arm-none-eabi/7.3.1/thumb/v7-m\libgcc.a
LOAD c:/st/stm32cubeide_1.3.0/stm32cubeide/plugins/com.st.stm32cube.ide.mcu.externaltools.gnu-tools-for-stm32.7-2018-q2-update.win32_1.0.0.201904181610/tools/bin/../lib/gcc/arm-none-eabi/7.3.1/../../../../arm-none-eabi/lib/thumb/v7-m\libc_nano.a
LOAD c:/st/stm32cubeide_1.3.0/stm32cubeide/plugins/com.st.stm32cube.ide.mcu.externaltools.gnu-tools-for-stm32.7-2018-q2-update.win32_1.0.0.201904181610/tools/bin/../lib/gcc/arm-none-eabi/7.3.1/../../../../arm-none-eabi/lib/thumb/v7-m\libnosys.a
END GROUP
LOAD c:/st/stm32cubeide_1.3.0/stm32cubeide/plugins/com.st.stm32cube.ide.mcu.externaltools.gnu-tools-for-stm32.7-2018-q2-update.win32_1.0.0.201904181610/tools/bin/../lib/gcc/arm-none-eabi/7.3.1/thumb/v7-m/crtend.o
LOAD c:/st/stm32cubeide_1.3.0/stm32cubeide/plugins/com.st.stm32cube.ide.mcu.externaltools.gnu-tools-for-stm32.7-2018-q2-update.win32_1.0.0.201904181610/tools/bin/../lib/gcc/arm-none-eabi/7.3.1/thumb/v7-m/crtn.o
                0x0000000020005000                _estack = 0x20005000
                0x0000000000000200                _Min_Heap_Size = 0x200
                0x0000000000000400                _Min_Stack_Size = 0x400

.isr_vector     0x0000000008000000      0x10c
                0x0000000008000000                . = ALIGN (0x4)
 *(.isr_vector)
 .isr_vector    0x0000000008000000      0x10c startup/startup_stm32f103xb.o
                0x0000000008000000                g_pfnVectors
                0x000000000800010c                . = ALIGN (0x4)

.text           0x000000000800010c     0x69b4
                0x000000000800010c                . = ALIGN (0x4)
 *(.text)
 .text          0x000000000800010c       0x40 c:/st/stm32cubeide_1.3.0/stm32cubeide/plugins/com.st.stm32cube.ide.mcu.externaltools.gnu-tools-for-stm32.7-2018-q2-update.win32_1.0.0.201904181610/tools/bin/../lib/gcc/arm-none-eabi/7.3.1/thumb/v7-m/crtbegin.o
 .text          0x000000000800014c       0x10 c:/st/stm32cubeide_1.3.0/stm32cubeide/plugins/com.st.stm32cube.ide.mcu.externaltools.gnu-tools-for-stm32.7-2018-q2-update.win32_1.0.0.201904181610/tools/bin/../lib/gcc/arm-none-eabi/7.3.1/../../../../arm-none-eabi/lib/thumb/v7-m\libc_nano.a(lib_a-strlen.o)
                0x000000000800014c                strlen
 .text          0x000000000800015c      0x21c c:/st/stm32cubeide_1.3.0/stm32cubeide/plugins/com.st.stm32cube.ide.mcu.externaltools.gnu-tools-for-stm32.7-2018-q2-update.win32_1.0.0.201904181610/tools/bin/../lib/gcc/arm-none-eabi/7.3.1/thumb/v7-m\libgcc.a(_arm_addsubsf3.o)
                0x000000000800015c                __aeabi_frsub
                0x0000000008000164                __subsf3
                0x0000000008000164                __aeabi_fsub
                0x0000000008000168                __aeabi_fadd
                0x0000000008000168                __addsf3
                0x00000000080002c8                __aeabi_ui2f
                0x00000000080002c8                __floatunsisf
                0x00000000080002d0                __aeabi_i2f
                0x00000000080002d0                __floatsisf
                0x00000000080002ec                __aeabi_ul2f
                0x00000000080002ec                __floatundisf
                0x00000000080002fc                __aeabi_l2f
                0x00000000080002fc                __floatdisf
 .text          0x0000000008000378      0x2a0 c:/st/stm32cubeide_1.3.0/stm32cubeide/plugins/com.st.stm32cube.ide.mcu.externaltools.gnu-tools-for-stm32.7-2018-q2-update.win32_1.0.0.201904181610/tools/bin/../lib/gcc/arm-none-eabi/7.3.1/thumb/v7-m\libgcc.a(_arm_muldivsf3.o)
                0x0000000008000378                __mulsf3
                0x0000000008000378                __aeabi_fmul
                0x00000000080004e0                __aeabi_fdiv
                0x00000000080004e0                __divsf3
 .text          0x0000000008000618       0x4c c:/st/stm32cubeide_1.3.0/stm32cubeide/plugins/com.st.stm32cube.ide.mcu.externaltools.gnu-tools-for-stm32.7-2018-q2-update.win32_1.0.0.201904181610/tools/bin/../lib/gcc/arm-none-eabi/7.3.1/thumb/v7-m\libgcc.a(_arm_fixsfsi.o)
                0x0000000008000618                __aeabi_f2iz
                0x0000000008000618                __fixsfsi
 *(.text*)
 .text.HAL_InitTick
                0x0000000008000664       0x48 Drivers/STM32F1xx_HAL_Driver/Src/stm32f1xx_hal.o
                0x0000000008000664                HAL_InitTick
 .text.HAL_Init
                0x00000000080006ac       0x24 Drivers/STM32F1xx_HAL_Driver/Src/stm32f1xx_hal.o
                0x00000000080006ac                HAL_Init
 .text.HAL_IncTick
                0x00000000080006d0       0x18 Drivers/STM32F1xx_HAL_Driver/Src/stm32f1xx_hal.o
                0x00000000080006d0                HAL_IncTick
 .text.HAL_GetTick
                0x00000000080006e8        0xc Drivers/STM32F1xx_HAL_Driver/Src/stm32f1xx_hal.o
                0x00000000080006e8                HAL_GetTick
 .text.HAL_ADC_GetValue
                0x00000000080006f4        0x6 Drivers/STM32F1xx_HAL_Driver/Src/stm32f1xx_hal_adc.o
                0x00000000080006f4                HAL_ADC_GetValue
 .text.HAL_ADC_LevelOutOfWindowCallback
                0x00000000080006fa        0x2 Drivers/STM32F1xx_HAL_Driver/Src/stm32f1xx_hal_adc.o
                0x00000000080006fa                HAL_ADC_LevelOutOfWindowCallback
 .text.HAL_ADC_IRQHandler
                0x00000000080006fc       0xec Drivers/STM32F1xx_HAL_Driver/Src/stm32f1xx_hal_adc.o
                0x00000000080006fc                HAL_ADC_IRQHandler
 .text.HAL_ADC_ConfigChannel
                0x00000000080007e8       0xfc Drivers/STM32F1xx_HAL_Driver/Src/stm32f1xx_hal_adc.o
                0x00000000080007e8                HAL_ADC_ConfigChannel
 .text.ADC_Enable
                0x00000000080008e4       0x70 Drivers/STM32F1xx_HAL_Driver/Src/stm32f1xx_hal_adc.o
                0x00000000080008e4                ADC_Enable
 .text.HAL_ADC_Start_IT
                0x0000000008000954       0xcc Drivers/STM32F1xx_HAL_Driver/Src/stm32f1xx_hal_adc.o
                0x0000000008000954                HAL_ADC_Start_IT
 .text.ADC_ConversionStop_Disable
                0x0000000008000a20       0x44 Drivers/STM32F1xx_HAL_Driver/Src/stm32f1xx_hal_adc.o
                0x0000000008000a20                ADC_ConversionStop_Disable
 .text.HAL_ADC_Init
                0x0000000008000a64      0x100 Drivers/STM32F1xx_HAL_Driver/Src/stm32f1xx_hal_adc.o
                0x0000000008000a64                HAL_ADC_Init
 .text.HAL_ADCEx_InjectedConvCpltCallback
                0x0000000008000b64        0x2 Drivers/STM32F1xx_HAL_Driver/Src/stm32f1xx_hal_adc_ex.o
                0x0000000008000b64                HAL_ADCEx_InjectedConvCpltCallback
 *fill*         0x0000000008000b66        0x2 
 .text.HAL_NVIC_SetPriorityGrouping
                0x0000000008000b68       0x24 Drivers/STM32F1xx_HAL_Driver/Src/stm32f1xx_hal_cortex.o
                0x0000000008000b68                HAL_NVIC_SetPriorityGrouping
 .text.HAL_NVIC_SetPriority
                0x0000000008000b8c       0x68 Drivers/STM32F1xx_HAL_Driver/Src/stm32f1xx_hal_cortex.o
                0x0000000008000b8c                HAL_NVIC_SetPriority
 .text.HAL_NVIC_EnableIRQ
                0x0000000008000bf4       0x1c Drivers/STM32F1xx_HAL_Driver/Src/stm32f1xx_hal_cortex.o
                0x0000000008000bf4                HAL_NVIC_EnableIRQ
 .text.HAL_SYSTICK_Config
                0x0000000008000c10       0x2c Drivers/STM32F1xx_HAL_Driver/Src/stm32f1xx_hal_cortex.o
                0x0000000008000c10                HAL_SYSTICK_Config
 .text.HAL_DMA_Init
                0x0000000008000c3c       0x60 Drivers/STM32F1xx_HAL_Driver/Src/stm32f1xx_hal_dma.o
                0x0000000008000c3c                HAL_DMA_Init
 .text.HAL_DMA_Start_IT
                0x0000000008000c9c       0x7a Drivers/STM32F1xx_HAL_Driver/Src/stm32f1xx_hal_dma.o
                0x0000000008000c9c                HAL_DMA_Start_IT
 *fill*         0x0000000008000d16        0x2 
 .text.HAL_DMA_Abort_IT
                0x0000000008000d18       0x90 Drivers/STM32F1xx_HAL_Driver/Src/stm32f1xx_hal_dma.o
                0x0000000008000d18                HAL_DMA_Abort_IT
 .text.HAL_DMA_IRQHandler
                0x0000000008000da8      0x128 Drivers/STM32F1xx_HAL_Driver/Src/stm32f1xx_hal_dma.o
                0x0000000008000da8                HAL_DMA_IRQHandler
 .text.FLASH_SetErrorCode
                0x0000000008000ed0       0x50 Drivers/STM32F1xx_HAL_Driver/Src/stm32f1xx_hal_flash.o
 .text.HAL_FLASH_Unlock
                0x0000000008000f20       0x24 Drivers/STM32F1xx_HAL_Driver/Src/stm32f1xx_hal_flash.o
                0x0000000008000f20                HAL_FLASH_Unlock
 .text.HAL_FLASH_Lock
                0x0000000008000f44       0x14 Drivers/STM32F1xx_HAL_Driver/Src/stm32f1xx_hal_flash.o
                0x0000000008000f44                HAL_FLASH_Lock
 .text.FLASH_WaitForLastOperation
                0x0000000008000f58       0x54 Drivers/STM32F1xx_HAL_Driver/Src/stm32f1xx_hal_flash.o
                0x0000000008000f58                FLASH_WaitForLastOperation
 .text.HAL_FLASH_Program
                0x0000000008000fac       0xa0 Drivers/STM32F1xx_HAL_Driver/Src/stm32f1xx_hal_flash.o
                0x0000000008000fac                HAL_FLASH_Program
 .text.FLASH_MassErase.isra.0
                0x000000000800104c       0x24 Drivers/STM32F1xx_HAL_Driver/Src/stm32f1xx_hal_flash_ex.o
 .text.FLASH_PageErase
                0x0000000008001070       0x24 Drivers/STM32F1xx_HAL_Driver/Src/stm32f1xx_hal_flash_ex.o
                0x0000000008001070                FLASH_PageErase
 .text.HAL_FLASHEx_Erase
                0x0000000008001094       0x98 Drivers/STM32F1xx_HAL_Driver/Src/stm32f1xx_hal_flash_ex.o
                0x0000000008001094                HAL_FLASHEx_Erase
 .text.HAL_GPIO_Init
                0x000000000800112c      0x1c0 Drivers/STM32F1xx_HAL_Driver/Src/stm32f1xx_hal_gpio.o
                0x000000000800112c                HAL_GPIO_Init
 .text.HAL_GPIO_ReadPin
                0x00000000080012ec        0xc Drivers/STM32F1xx_HAL_Driver/Src/stm32f1xx_hal_gpio.o
                0x00000000080012ec                HAL_GPIO_ReadPin
 .text.HAL_GPIO_WritePin
                0x00000000080012f8        0xa Drivers/STM32F1xx_HAL_Driver/Src/stm32f1xx_hal_gpio.o
                0x00000000080012f8                HAL_GPIO_WritePin
 .text.HAL_PCD_SetAddress
                0x0000000008001302       0x28 Drivers/STM32F1xx_HAL_Driver/Src/stm32f1xx_hal_pcd.o
                0x0000000008001302                HAL_PCD_SetAddress
 .text.HAL_PCD_EP_Open
                0x000000000800132a       0x66 Drivers/STM32F1xx_HAL_Driver/Src/stm32f1xx_hal_pcd.o
                0x000000000800132a                HAL_PCD_EP_Open
 .text.HAL_PCD_EP_Receive
                0x0000000008001390       0x30 Drivers/STM32F1xx_HAL_Driver/Src/stm32f1xx_hal_pcd.o
                0x0000000008001390                HAL_PCD_EP_Receive
 .text.HAL_PCD_EP_Transmit
                0x00000000080013c0       0x2c Drivers/STM32F1xx_HAL_Driver/Src/stm32f1xx_hal_pcd.o
                0x00000000080013c0                HAL_PCD_EP_Transmit
 .text.HAL_PCD_IRQHandler
                0x00000000080013ec      0x42c Drivers/STM32F1xx_HAL_Driver/Src/stm32f1xx_hal_pcd.o
                0x00000000080013ec                HAL_PCD_IRQHandler
 .text.HAL_PCD_EP_SetStall
                0x0000000008001818       0x68 Drivers/STM32F1xx_HAL_Driver/Src/stm32f1xx_hal_pcd.o
                0x0000000008001818                HAL_PCD_EP_SetStall
 .text.HAL_PCD_EP_ClrStall
                0x0000000008001880       0x66 Drivers/STM32F1xx_HAL_Driver/Src/stm32f1xx_hal_pcd.o
                0x0000000008001880                HAL_PCD_EP_ClrStall
 *fill*         0x00000000080018e6        0x2 
 .text.HAL_RCC_OscConfig
                0x00000000080018e8      0x33c Drivers/STM32F1xx_HAL_Driver/Src/stm32f1xx_hal_rcc.o
                0x00000000080018e8                HAL_RCC_OscConfig
 .text.HAL_RCC_GetSysClockFreq
                0x0000000008001c24       0x74 Drivers/STM32F1xx_HAL_Driver/Src/stm32f1xx_hal_rcc.o
                0x0000000008001c24                HAL_RCC_GetSysClockFreq
 .text.HAL_RCC_ClockConfig
                0x0000000008001c98      0x138 Drivers/STM32F1xx_HAL_Driver/Src/stm32f1xx_hal_rcc.o
                0x0000000008001c98                HAL_RCC_ClockConfig
 .text.HAL_RCC_GetPCLK1Freq
                0x0000000008001dd0       0x20 Drivers/STM32F1xx_HAL_Driver/Src/stm32f1xx_hal_rcc.o
                0x0000000008001dd0                HAL_RCC_GetPCLK1Freq
 .text.HAL_RCC_GetPCLK2Freq
                0x0000000008001df0       0x20 Drivers/STM32F1xx_HAL_Driver/Src/stm32f1xx_hal_rcc.o
                0x0000000008001df0                HAL_RCC_GetPCLK2Freq
 .text.HAL_RCCEx_PeriphCLKConfig
                0x0000000008001e10       0xf0 Drivers/STM32F1xx_HAL_Driver/Src/stm32f1xx_hal_rcc_ex.o
                0x0000000008001e10                HAL_RCCEx_PeriphCLKConfig
 .text.SPI_WaitFlagStateUntilTimeout.constprop.6
                0x0000000008001f00       0x76 Drivers/STM32F1xx_HAL_Driver/Src/stm32f1xx_hal_spi.o
 .text.SPI_EndRxTxTransaction
                0x0000000008001f76       0x1c Drivers/STM32F1xx_HAL_Driver/Src/stm32f1xx_hal_spi.o
 .text.HAL_SPI_MspInit
                0x0000000008001f92        0x2 Drivers/STM32F1xx_HAL_Driver/Src/stm32f1xx_hal_spi.o
                0x0000000008001f92                HAL_SPI_MspInit
 .text.HAL_SPI_Init
                0x0000000008001f94       0x76 Drivers/STM32F1xx_HAL_Driver/Src/stm32f1xx_hal_spi.o
                0x0000000008001f94                HAL_SPI_Init
 .text.HAL_SPI_Transmit
                0x000000000800200a      0x152 Drivers/STM32F1xx_HAL_Driver/Src/stm32f1xx_hal_spi.o
                0x000000000800200a                HAL_SPI_Transmit
 .text.HAL_SPI_Transmit_DMA
                0x000000000800215c       0xbc Drivers/STM32F1xx_HAL_Driver/Src/stm32f1xx_hal_spi.o
                0x000000000800215c                HAL_SPI_Transmit_DMA
 .text.HAL_SPI_TxCpltCallback
                0x0000000008002218        0x2 Drivers/STM32F1xx_HAL_Driver/Src/stm32f1xx_hal_spi.o
                0x0000000008002218                HAL_SPI_TxCpltCallback
 .text.HAL_SPI_TxHalfCpltCallback
                0x000000000800221a        0x2 Drivers/STM32F1xx_HAL_Driver/Src/stm32f1xx_hal_spi.o
                0x000000000800221a                HAL_SPI_TxHalfCpltCallback
 .text.SPI_DMAHalfTransmitCplt
                0x000000000800221c        0xa Drivers/STM32F1xx_HAL_Driver/Src/stm32f1xx_hal_spi.o
 .text.HAL_SPI_ErrorCallback
                0x0000000008002226        0x2 Drivers/STM32F1xx_HAL_Driver/Src/stm32f1xx_hal_spi.o
                0x0000000008002226                HAL_SPI_ErrorCallback
 .text.SPI_DMAError
                0x0000000008002228       0x22 Drivers/STM32F1xx_HAL_Driver/Src/stm32f1xx_hal_spi.o
 .text.SPI_DMATransmitCplt
                0x000000000800224a       0x6a Drivers/STM32F1xx_HAL_Driver/Src/stm32f1xx_hal_spi.o
 .text.TIM_OC1_SetConfig
                0x00000000080022b4       0x50 Drivers/STM32F1xx_HAL_Driver/Src/stm32f1xx_hal_tim.o
 .text.TIM_OC3_SetConfig
                0x0000000008002304       0x54 Drivers/STM32F1xx_HAL_Driver/Src/stm32f1xx_hal_tim.o
 .text.TIM_OC4_SetConfig
                0x0000000008002358       0x44 Drivers/STM32F1xx_HAL_Driver/Src/stm32f1xx_hal_tim.o
 .text.HAL_TIM_Base_MspInit
                0x000000000800239c        0x2 Drivers/STM32F1xx_HAL_Driver/Src/stm32f1xx_hal_tim.o
                0x000000000800239c                HAL_TIM_Base_MspInit
 .text.HAL_TIM_Base_Start
                0x000000000800239e       0x24 Drivers/STM32F1xx_HAL_Driver/Src/stm32f1xx_hal_tim.o
                0x000000000800239e                HAL_TIM_Base_Start
 .text.HAL_TIM_PWM_MspInit
                0x00000000080023c2        0x2 Drivers/STM32F1xx_HAL_Driver/Src/stm32f1xx_hal_tim.o
                0x00000000080023c2                HAL_TIM_PWM_MspInit
 .text.TIM_Base_SetConfig
                0x00000000080023c4       0x70 Drivers/STM32F1xx_HAL_Driver/Src/stm32f1xx_hal_tim.o
                0x00000000080023c4                TIM_Base_SetConfig
 .text.HAL_TIM_Base_Init
                0x0000000008002434       0x34 Drivers/STM32F1xx_HAL_Driver/Src/stm32f1xx_hal_tim.o
                0x0000000008002434                HAL_TIM_Base_Init
 .text.HAL_TIM_PWM_Init
                0x0000000008002468       0x34 Drivers/STM32F1xx_HAL_Driver/Src/stm32f1xx_hal_tim.o
                0x0000000008002468                HAL_TIM_PWM_Init
 .text.TIM_OC2_SetConfig
                0x000000000800249c       0x58 Drivers/STM32F1xx_HAL_Driver/Src/stm32f1xx_hal_tim.o
                0x000000000800249c                TIM_OC2_SetConfig
 .text.HAL_TIM_PWM_ConfigChannel
                0x00000000080024f4       0xc4 Drivers/STM32F1xx_HAL_Driver/Src/stm32f1xx_hal_tim.o
                0x00000000080024f4                HAL_TIM_PWM_ConfigChannel
 .text.TIM_ETR_SetConfig
                0x00000000080025b8       0x14 Drivers/STM32F1xx_HAL_Driver/Src/stm32f1xx_hal_tim.o
                0x00000000080025b8                TIM_ETR_SetConfig
 .text.HAL_TIM_ConfigClockSource
                0x00000000080025cc      0x128 Drivers/STM32F1xx_HAL_Driver/Src/stm32f1xx_hal_tim.o
                0x00000000080025cc                HAL_TIM_ConfigClockSource
 .text.TIM_CCxChannelCmd
                0x00000000080026f4       0x1c Drivers/STM32F1xx_HAL_Driver/Src/stm32f1xx_hal_tim.o
                0x00000000080026f4                TIM_CCxChannelCmd
 .text.HAL_TIM_OC_Start
                0x0000000008002710       0x38 Drivers/STM32F1xx_HAL_Driver/Src/stm32f1xx_hal_tim.o
                0x0000000008002710                HAL_TIM_OC_Start
 .text.HAL_TIM_PWM_Start
                0x0000000008002748        0x4 Drivers/STM32F1xx_HAL_Driver/Src/stm32f1xx_hal_tim.o
                0x0000000008002748                HAL_TIM_PWM_Start
 .text.UART_EndRxTransfer
                0x000000000800274c       0x1a Drivers/STM32F1xx_HAL_Driver/Src/stm32f1xx_hal_uart.o
 *fill*         0x0000000008002766        0x2 
 .text.UART_SetConfig
                0x0000000008002768       0x74 Drivers/STM32F1xx_HAL_Driver/Src/stm32f1xx_hal_uart.o
 .text.UART_WaitOnFlagUntilTimeout.constprop.3
                0x00000000080027dc       0x50 Drivers/STM32F1xx_HAL_Driver/Src/stm32f1xx_hal_uart.o
 .text.HAL_UART_Init
                0x000000000800282c       0x5c Drivers/STM32F1xx_HAL_Driver/Src/stm32f1xx_hal_uart.o
                0x000000000800282c                HAL_UART_Init
 .text.HAL_HalfDuplex_Init
                0x0000000008002888       0x64 Drivers/STM32F1xx_HAL_Driver/Src/stm32f1xx_hal_uart.o
                0x0000000008002888                HAL_HalfDuplex_Init
 .text.HAL_UART_Transmit
                0x00000000080028ec       0xb2 Drivers/STM32F1xx_HAL_Driver/Src/stm32f1xx_hal_uart.o
                0x00000000080028ec                HAL_UART_Transmit
 .text.HAL_UART_Receive
                0x000000000800299e       0xbe Drivers/STM32F1xx_HAL_Driver/Src/stm32f1xx_hal_uart.o
                0x000000000800299e                HAL_UART_Receive
 .text.HAL_UART_Receive_IT
                0x0000000008002a5c       0x4e Drivers/STM32F1xx_HAL_Driver/Src/stm32f1xx_hal_uart.o
                0x0000000008002a5c                HAL_UART_Receive_IT
 .text.HAL_UART_TxCpltCallback
                0x0000000008002aaa        0x2 Drivers/STM32F1xx_HAL_Driver/Src/stm32f1xx_hal_uart.o
                0x0000000008002aaa                HAL_UART_TxCpltCallback
 .text.UART_Receive_IT
                0x0000000008002aac       0x76 Drivers/STM32F1xx_HAL_Driver/Src/stm32f1xx_hal_uart.o
 .text.HAL_UART_ErrorCallback
                0x0000000008002b22        0x2 Drivers/STM32F1xx_HAL_Driver/Src/stm32f1xx_hal_uart.o
                0x0000000008002b22                HAL_UART_ErrorCallback
 .text.HAL_UART_IRQHandler
                0x0000000008002b24      0x140 Drivers/STM32F1xx_HAL_Driver/Src/stm32f1xx_hal_uart.o
                0x0000000008002b24                HAL_UART_IRQHandler
 .text.UART_DMAAbortOnError
                0x0000000008002c64       0x10 Drivers/STM32F1xx_HAL_Driver/Src/stm32f1xx_hal_uart.o
 .text.HAL_HalfDuplex_EnableReceiver
                0x0000000008002c74       0x30 Drivers/STM32F1xx_HAL_Driver/Src/stm32f1xx_hal_uart.o
                0x0000000008002c74                HAL_HalfDuplex_EnableReceiver
 .text.USB_ActivateEndpoint
                0x0000000008002ca4      0x2b4 Drivers/STM32F1xx_HAL_Driver/Src/stm32f1xx_ll_usb.o
                0x0000000008002ca4                USB_ActivateEndpoint
 .text.USB_EPSetStall
                0x0000000008002f58       0x38 Drivers/STM32F1xx_HAL_Driver/Src/stm32f1xx_ll_usb.o
                0x0000000008002f58                USB_EPSetStall
 .text.USB_EPClearStall
                0x0000000008002f90       0x86 Drivers/STM32F1xx_HAL_Driver/Src/stm32f1xx_ll_usb.o
                0x0000000008002f90                USB_EPClearStall
 .text.USB_SetDevAddress
                0x0000000008003016        0xc Drivers/STM32F1xx_HAL_Driver/Src/stm32f1xx_ll_usb.o
                0x0000000008003016                USB_SetDevAddress
 .text.USB_ReadInterrupts
                0x0000000008003022        0x6 Drivers/STM32F1xx_HAL_Driver/Src/stm32f1xx_ll_usb.o
                0x0000000008003022                USB_ReadInterrupts
 .text.USB_EP0_OutStart
                0x0000000008003028        0x4 Drivers/STM32F1xx_HAL_Driver/Src/stm32f1xx_ll_usb.o
                0x0000000008003028                USB_EP0_OutStart
 .text.USB_WritePMA
                0x000000000800302c       0x20 Drivers/STM32F1xx_HAL_Driver/Src/stm32f1xx_ll_usb.o
                0x000000000800302c                USB_WritePMA
 .text.USB_EPStartXfer
                0x000000000800304c      0x1a8 Drivers/STM32F1xx_HAL_Driver/Src/stm32f1xx_ll_usb.o
                0x000000000800304c                USB_EPStartXfer
 .text.USB_ReadPMA
                0x00000000080031f4       0x38 Drivers/STM32F1xx_HAL_Driver/Src/stm32f1xx_ll_usb.o
                0x00000000080031f4                USB_ReadPMA
 .text.USBD_SetClassConfig
                0x000000000800322c       0x16 Middlewares/ST/STM32_USB_Device_Library/Core/Src/usbd_core.o
                0x000000000800322c                USBD_SetClassConfig
 .text.USBD_ClrClassConfig
                0x0000000008003242        0xe Middlewares/ST/STM32_USB_Device_Library/Core/Src/usbd_core.o
                0x0000000008003242                USBD_ClrClassConfig
 .text.USBD_LL_SetupStage
                0x0000000008003250       0x5a Middlewares/ST/STM32_USB_Device_Library/Core/Src/usbd_core.o
                0x0000000008003250                USBD_LL_SetupStage
 .text.USBD_LL_DataOutStage
                0x00000000080032aa       0x74 Middlewares/ST/STM32_USB_Device_Library/Core/Src/usbd_core.o
                0x00000000080032aa                USBD_LL_DataOutStage
 .text.USBD_LL_DataInStage
                0x000000000800331e       0xb6 Middlewares/ST/STM32_USB_Device_Library/Core/Src/usbd_core.o
                0x000000000800331e                USBD_LL_DataInStage
 .text.USBD_LL_Reset
                0x00000000080033d4       0x4e Middlewares/ST/STM32_USB_Device_Library/Core/Src/usbd_core.o
                0x00000000080033d4                USBD_LL_Reset
 .text.USBD_LL_SetSpeed
                0x0000000008003422        0x6 Middlewares/ST/STM32_USB_Device_Library/Core/Src/usbd_core.o
                0x0000000008003422                USBD_LL_SetSpeed
 .text.USBD_LL_Suspend
                0x0000000008003428       0x12 Middlewares/ST/STM32_USB_Device_Library/Core/Src/usbd_core.o
                0x0000000008003428                USBD_LL_Suspend
 .text.USBD_LL_Resume
                0x000000000800343a       0x14 Middlewares/ST/STM32_USB_Device_Library/Core/Src/usbd_core.o
                0x000000000800343a                USBD_LL_Resume
 .text.USBD_LL_SOF
                0x000000000800344e       0x18 Middlewares/ST/STM32_USB_Device_Library/Core/Src/usbd_core.o
                0x000000000800344e                USBD_LL_SOF
 .text.USBD_CtlError.constprop.1
                0x0000000008003466       0x16 Middlewares/ST/STM32_USB_Device_Library/Core/Src/usbd_ctlreq.o
 .text.USBD_StdDevReq
                0x000000000800347c      0x248 Middlewares/ST/STM32_USB_Device_Library/Core/Src/usbd_ctlreq.o
                0x000000000800347c                USBD_StdDevReq
 .text.USBD_StdItfReq
                0x00000000080036c4       0x4a Middlewares/ST/STM32_USB_Device_Library/Core/Src/usbd_ctlreq.o
                0x00000000080036c4                USBD_StdItfReq
 .text.USBD_StdEPReq
                0x000000000800370e      0x112 Middlewares/ST/STM32_USB_Device_Library/Core/Src/usbd_ctlreq.o
                0x000000000800370e                USBD_StdEPReq
 .text.USBD_ParseSetupRequest
                0x0000000008003820       0x28 Middlewares/ST/STM32_USB_Device_Library/Core/Src/usbd_ctlreq.o
                0x0000000008003820                USBD_ParseSetupRequest
 .text.USBD_CtlSendData
                0x0000000008003848       0x1a Middlewares/ST/STM32_USB_Device_Library/Core/Src/usbd_ioreq.o
                0x0000000008003848                USBD_CtlSendData
 .text.USBD_CtlContinueSendData
                0x0000000008003862       0x10 Middlewares/ST/STM32_USB_Device_Library/Core/Src/usbd_ioreq.o
                0x0000000008003862                USBD_CtlContinueSendData
 .text.USBD_CtlContinueRx
                0x0000000008003872       0x10 Middlewares/ST/STM32_USB_Device_Library/Core/Src/usbd_ioreq.o
                0x0000000008003872                USBD_CtlContinueRx
 .text.USBD_CtlSendStatus
                0x0000000008003882       0x16 Middlewares/ST/STM32_USB_Device_Library/Core/Src/usbd_ioreq.o
                0x0000000008003882                USBD_CtlSendStatus
 .text.USBD_CtlReceiveStatus
                0x0000000008003898       0x16 Middlewares/ST/STM32_USB_Device_Library/Core/Src/usbd_ioreq.o
                0x0000000008003898                USBD_CtlReceiveStatus
 *fill*         0x00000000080038ae        0x2 
 .text.WS2812B_show
                0x00000000080038b0       0x60 Src/WS2812B.o
                0x00000000080038b0                WS2812B_show
 .text.WS2812B_setPixelColor
                0x0000000008003910       0x50 Src/WS2812B.o
                0x0000000008003910                WS2812B_setPixelColor
 .text.WS2812B_clear
                0x0000000008003960       0x38 Src/WS2812B.o
                0x0000000008003960                WS2812B_clear
 .text.WS2812B_init
                0x0000000008003998       0xac Src/WS2812B.o
                0x0000000008003998                WS2812B_init
 .text.WS2812B_test
                0x0000000008003a44       0x90 Src/WS2812B.o
                0x0000000008003a44                WS2812B_test
 .text.get_addr
                0x0000000008003ad4        0xc Src/dmx512_config.o
                0x0000000008003ad4                get_addr
 .text.get_mode
                0x0000000008003ae0        0xc Src/dmx512_config.o
                0x0000000008003ae0                get_mode
 .text.get_reg_length
                0x0000000008003aec        0xc Src/dmx512_config.o
                0x0000000008003aec                get_reg_length
 .text.init_regs
                0x0000000008003af8       0x2c Src/dmx512_config.o
                0x0000000008003af8                init_regs
 .text.dmx512_init
                0x0000000008003b24       0x24 Src/dmx512_config.o
                0x0000000008003b24                dmx512_init
 .text.set_reg  0x0000000008003b48       0x1c Src/dmx512_config.o
                0x0000000008003b48                set_reg
 .text.get_reg  0x0000000008003b64       0x20 Src/dmx512_config.o
                0x0000000008003b64                get_reg
 .text.get_reg_name
                0x0000000008003b84       0x1c Src/dmx512_config.o
                0x0000000008003b84                get_reg_name
 .text.USART1_IRQHandler
                0x0000000008003ba0       0x30 Src/dmx512_rec.o
                0x0000000008003ba0                USART1_IRQHandler
 .text.HAL_UART_RxCpltCallback
                0x0000000008003bd0       0xe8 Src/dmx512_rec.o
                0x0000000008003bd0                HAL_UART_RxCpltCallback
 .text.dmx512_setRx
                0x0000000008003cb8       0x20 Src/dmx512_rec.o
                0x0000000008003cb8                dmx512_setRx
 .text.dmx512_rec_enable.part.0
                0x0000000008003cd8       0x28 Src/dmx512_rec.o
 .text.dmx512_rec_init
                0x0000000008003d00        0x4 Src/dmx512_rec.o
                0x0000000008003d00                dmx512_rec_init
 .text.EE_LL_Format
                0x0000000008003d04       0x40 Src/eeprom.o
                0x0000000008003d04                EE_LL_Format
 .text.EE_Format
                0x0000000008003d44        0x8 Src/eeprom.o
                0x0000000008003d44                EE_Format
 .text.EE_Reads
                0x0000000008003d4c       0x28 Src/eeprom.o
                0x0000000008003d4c                EE_Reads
 .text.EE_Writes
                0x0000000008003d74       0x50 Src/eeprom.o
                0x0000000008003d74                EE_Writes
 .text.reset_frame_delay
                0x0000000008003dc4        0xc Src/fx_api.o
                0x0000000008003dc4                reset_frame_delay
 .text.check_frame_delay
                0x0000000008003dd0       0x1c Src/fx_api.o
                0x0000000008003dd0                check_frame_delay
 .text.set_pwm_light
                0x0000000008003dec        0x6 Src/fx_api.o
                0x0000000008003dec                set_pwm_light
 .text.get_DMX_variable
                0x0000000008003df2        0x4 Src/fx_api.o
                0x0000000008003df2                get_DMX_variable
 *fill*         0x0000000008003df6        0x2 
 .text.register_fx
                0x0000000008003df8       0x34 Src/fx_list.o
                0x0000000008003df8                register_fx
 .text.fx_install
                0x0000000008003e2c       0x16 Src/fx_manager.o
                0x0000000008003e2c                fx_install
 .text.install_fx
                0x0000000008003e42        0x4 Src/fx_manager.o
                0x0000000008003e42                install_fx
 *fill*         0x0000000008003e46        0x2 
 .text.start_fx
                0x0000000008003e48       0x74 Src/fx_manager.o
                0x0000000008003e48                start_fx
 .text.fx_done  0x0000000008003ebc       0x4c Src/fx_manager.o
                0x0000000008003ebc                fx_done
 .text.run_fx   0x0000000008003f08       0x7c Src/fx_manager.o
                0x0000000008003f08                run_fx
 .text.fx_pwm_pulsing_light_run
                0x0000000008003f84       0x68 Src/fx_pwm_pulsing_light.o
                0x0000000008003f84                fx_pwm_pulsing_light_run
 .text.fx_pwm_pulsing_light
                0x0000000008003fec       0x28 Src/fx_pwm_pulsing_light.o
                0x0000000008003fec                fx_pwm_pulsing_light
 .text.fx_pwm_pulsing_pulse_light
                0x0000000008004014       0x2c Src/fx_pwm_pulsing_light.o
                0x0000000008004014                fx_pwm_pulsing_pulse_light
 .text.fx_pwm_running_light_run
                0x0000000008004040       0xc0 Src/fx_pwm_running_light.o
                0x0000000008004040                fx_pwm_running_light_run
 .text.fx_pwm_running_light
                0x0000000008004100       0x28 Src/fx_pwm_running_light.o
                0x0000000008004100                fx_pwm_running_light
 .text.fx_pwm_running_pulse_light
                0x0000000008004128       0x2c Src/fx_pwm_running_light.o
                0x0000000008004128                fx_pwm_running_pulse_light
 .text.get_mode_from_pins
                0x0000000008004154       0x2c Src/gpio_control.o
                0x0000000008004154                get_mode_from_pins
 .text.get_addr_from_pins
                0x0000000008004180       0x8c Src/gpio_control.o
                0x0000000008004180                get_addr_from_pins
 .text.check_button
                0x000000000800420c       0x18 Src/gpio_control.o
                0x000000000800420c                check_button
 .text.scale_value
                0x0000000008004224       0x54 Src/light_update.o
                0x0000000008004224                scale_value
 .text.update_pwm_lights
                0x0000000008004278      0x2e8 Src/light_update.o
                0x0000000008004278                update_pwm_lights
 .text.init_update_lights
                0x0000000008004560       0x3c Src/light_update.o
                0x0000000008004560                init_update_lights
 .text.SystemClock_Config
                0x000000000800459c       0x78 Src/main.o
                0x000000000800459c                SystemClock_Config
 .text.startup.main
                0x0000000008004614      0x3e4 Src/main.o
                0x0000000008004614                main
 .text.Error_Handler
                0x00000000080049f8        0x2 Src/main.o
                0x00000000080049f8                Error_Handler
 *fill*         0x00000000080049fa        0x2 
 .text.PWM_Timer_Init
                0x00000000080049fc      0x12c Src/pwm_control.o
                0x00000000080049fc                PWM_Timer_Init
 .text.init_timers
                0x0000000008004b28       0x58 Src/pwm_control.o
                0x0000000008004b28                init_timers
 .text.configPWM
                0x0000000008004b80       0x38 Src/pwm_control.o
                0x0000000008004b80                configPWM
 .text.tracer_puts
                0x0000000008004bb8       0x14 Src/serial_tracer.o
                0x0000000008004bb8                tracer_puts
 .text.tracer_getchar
                0x0000000008004bcc       0x24 Src/serial_tracer.o
                0x0000000008004bcc                tracer_getchar
 .text.init_settings
                0x0000000008004bf0       0x64 Src/settings.o
                0x0000000008004bf0                init_settings
 .text.apply_settings
                0x0000000008004c54       0xf0 Src/settings.o
                0x0000000008004c54                apply_settings
 .text.load_settings
                0x0000000008004d44       0x10 Src/settings.o
                0x0000000008004d44                load_settings
 .text.save_settings
                0x0000000008004d54       0x10 Src/settings.o
                0x0000000008004d54                save_settings
 .text.print_settings
                0x0000000008004d64      0x304 Src/settings.o
                0x0000000008004d64                print_settings
 .text.cmd_buf_reset
                0x0000000008005068       0x18 Src/shell.o
 .text.send_vt100_key
                0x0000000008005080       0x16 Src/shell.o
 *fill*         0x0000000008005096        0x2 
 .text.load_command_from_command_history
                0x0000000008005098       0x7c Src/shell.o
 .text.uart_receive_byte
                0x0000000008005114       0x12 Src/shell.o
                0x0000000008005114                uart_receive_byte
 *fill*         0x0000000008005126        0x2 
 .text.print    0x0000000008005128       0x40 Src/shell.o
                0x0000000008005128                print
 .text.print_no_newline
                0x0000000008005168       0x34 Src/shell.o
                0x0000000008005168                print_no_newline
 .text.shell_process
                0x000000000800519c      0x204 Src/shell.o
                0x000000000800519c                shell_process
 .text.shell_cmd_dumpadc
                0x00000000080053a0        0xa Src/shell_cmd.o
 *fill*         0x00000000080053aa        0x2 
 .text.shell_cmd_storedefaultregs
                0x00000000080053ac       0xf0 Src/shell_cmd.o
 .text.shell_cmd_getmode
                0x000000000800549c       0x30 Src/shell_cmd.o
 .text.shell_cmd_savesettings
                0x00000000080054cc        0xa Src/shell_cmd.o
 .text.shell_cmd_dumpconfig
                0x00000000080054d6        0xa Src/shell_cmd.o
 .text.shell_cmd_getaddr
                0x00000000080054e0       0x18 Src/shell_cmd.o
 .text.shell_cmd_dumpregs
                0x00000000080054f8       0x78 Src/shell_cmd.o
 .text.shell_cmd_settriggerctrl
                0x0000000008005570       0x7c Src/shell_cmd.o
 .text.shell_cmd_settriggerconfig
                0x00000000080055ec       0x68 Src/shell_cmd.o
 .text.shell_cmd_setgamma
                0x0000000008005654       0x44 Src/shell_cmd.o
 .text.shell_cmd_setoffset
                0x0000000008005698       0x40 Src/shell_cmd.o
 .text.shell_cmd_setgain
                0x00000000080056d8       0x44 Src/shell_cmd.o
 .text.shell_cmd_setfxmultiplier
                0x000000000800571c       0x34 Src/shell_cmd.o
 .text.shell_cmd_test
                0x0000000008005750       0x1c Src/shell_cmd.o
 .text.shell_cmd_setreg
                0x000000000800576c       0x26 Src/shell_cmd.o
 .text.shell_cmd_setbrightness
                0x0000000008005792       0x1e Src/shell_cmd.o
 .text.shell_cmd_setpwm
                0x00000000080057b0       0x30 Src/shell_cmd.o
 .text.HAL_MspInit
                0x00000000080057e0       0x44 Src/stm32f1xx_hal_msp.o
                0x00000000080057e0                HAL_MspInit
 .text.HAL_ADC_MspInit
                0x0000000008005824       0xa0 Src/stm32f1xx_hal_msp.o
                0x0000000008005824                HAL_ADC_MspInit
 .text.HAL_UART_MspInit
                0x00000000080058c4       0xd4 Src/stm32f1xx_hal_msp.o
                0x00000000080058c4                HAL_UART_MspInit
 .text.NMI_Handler
                0x0000000008005998        0x2 Src/stm32f1xx_it.o
                0x0000000008005998                NMI_Handler
 .text.HardFault_Handler
                0x000000000800599a        0x2 Src/stm32f1xx_it.o
                0x000000000800599a                HardFault_Handler
 .text.MemManage_Handler
                0x000000000800599c        0x2 Src/stm32f1xx_it.o
                0x000000000800599c                MemManage_Handler
 .text.BusFault_Handler
                0x000000000800599e        0x2 Src/stm32f1xx_it.o
                0x000000000800599e                BusFault_Handler
 .text.UsageFault_Handler
                0x00000000080059a0        0x2 Src/stm32f1xx_it.o
                0x00000000080059a0                UsageFault_Handler
 .text.SVC_Handler
                0x00000000080059a2        0x2 Src/stm32f1xx_it.o
                0x00000000080059a2                SVC_Handler
 .text.DebugMon_Handler
                0x00000000080059a4        0x2 Src/stm32f1xx_it.o
                0x00000000080059a4                DebugMon_Handler
 .text.PendSV_Handler
                0x00000000080059a6        0x2 Src/stm32f1xx_it.o
                0x00000000080059a6                PendSV_Handler
 .text.SysTick_Handler
                0x00000000080059a8        0x4 Src/stm32f1xx_it.o
                0x00000000080059a8                SysTick_Handler
 .text.DMA1_Channel3_IRQHandler
                0x00000000080059ac        0xc Src/stm32f1xx_it.o
                0x00000000080059ac                DMA1_Channel3_IRQHandler
 .text.USB_LP_CAN1_RX0_IRQHandler
                0x00000000080059b8        0xc Src/stm32f1xx_it.o
                0x00000000080059b8                USB_LP_CAN1_RX0_IRQHandler
 .text._sbrk    0x00000000080059c4       0x34 Src/syscalls.o
                0x00000000080059c4                _sbrk
 .text.SystemInit
                0x00000000080059f8       0x4c Src/system_stm32f1xx.o
                0x00000000080059f8                SystemInit
 .text.lights_off
                0x0000000008005a44       0x20 Src/testmode.o
                0x0000000008005a44                lights_off
 .text.process_testmode
                0x0000000008005a64       0xa0 Src/testmode.o
                0x0000000008005a64                process_testmode
 .text.ADC1_2_IRQHandler
                0x0000000008005b04        0xc Src/triggers.o
                0x0000000008005b04                ADC1_2_IRQHandler
 .text.HAL_ADC_ConvCpltCallback
                0x0000000008005b10       0x88 Src/triggers.o
                0x0000000008005b10                HAL_ADC_ConvCpltCallback
 .text.init_trigger
                0x0000000008005b98       0x40 Src/triggers.o
                0x0000000008005b98                init_trigger
 .text.process_trigger
                0x0000000008005bd8       0xb0 Src/triggers.o
                0x0000000008005bd8                process_trigger
 .text.print_adc_data
                0x0000000008005c88       0x6c Src/triggers.o
                0x0000000008005c88                print_adc_data
 .text.HAL_PCD_SetupStageCallback
                0x0000000008005cf4        0xc Src/usbd_conf.o
                0x0000000008005cf4                HAL_PCD_SetupStageCallback
 .text.HAL_PCD_DataOutStageCallback
                0x0000000008005d00       0x10 Src/usbd_conf.o
                0x0000000008005d00                HAL_PCD_DataOutStageCallback
 .text.HAL_PCD_DataInStageCallback
                0x0000000008005d10        0xe Src/usbd_conf.o
                0x0000000008005d10                HAL_PCD_DataInStageCallback
 .text.HAL_PCD_SOFCallback
                0x0000000008005d1e        0x8 Src/usbd_conf.o
                0x0000000008005d1e                HAL_PCD_SOFCallback
 .text.HAL_PCD_ResetCallback
                0x0000000008005d26       0x24 Src/usbd_conf.o
                0x0000000008005d26                HAL_PCD_ResetCallback
 *fill*         0x0000000008005d4a        0x2 
 .text.HAL_PCD_SuspendCallback
                0x0000000008005d4c       0x20 Src/usbd_conf.o
                0x0000000008005d4c                HAL_PCD_SuspendCallback
 .text.HAL_PCD_ResumeCallback
                0x0000000008005d6c        0x8 Src/usbd_conf.o
                0x0000000008005d6c                HAL_PCD_ResumeCallback
 .text.USBD_LL_OpenEP
                0x0000000008005d74       0x20 Src/usbd_conf.o
                0x0000000008005d74                USBD_LL_OpenEP
 .text.USBD_LL_StallEP
                0x0000000008005d94       0x1c Src/usbd_conf.o
                0x0000000008005d94                USBD_LL_StallEP
 .text.USBD_LL_ClearStallEP
                0x0000000008005db0       0x1c Src/usbd_conf.o
                0x0000000008005db0                USBD_LL_ClearStallEP
 .text.USBD_LL_IsStallEP
                0x0000000008005dcc       0x20 Src/usbd_conf.o
                0x0000000008005dcc                USBD_LL_IsStallEP
 .text.USBD_LL_SetUSBAddress
                0x0000000008005dec       0x1c Src/usbd_conf.o
                0x0000000008005dec                USBD_LL_SetUSBAddress
 .text.USBD_LL_Transmit
                0x0000000008005e08       0x1c Src/usbd_conf.o
                0x0000000008005e08                USBD_LL_Transmit
 .text.USBD_LL_PrepareReceive
                0x0000000008005e24       0x1c Src/usbd_conf.o
                0x0000000008005e24                USBD_LL_PrepareReceive
 .text.vt100_process_byte
                0x0000000008005e40       0x90 Src/vt100.o
                0x0000000008005e40                vt100_process_byte
 .text.vt100_get_keycode
                0x0000000008005ed0       0x28 Src/vt100.o
                0x0000000008005ed0                vt100_get_keycode
 .text.Reset_Handler
                0x0000000008005ef8       0x48 startup/startup_stm32f103xb.o
                0x0000000008005ef8                Reset_Handler
 .text.Default_Handler
                0x0000000008005f40        0x2 startup/startup_stm32f103xb.o
                0x0000000008005f40                RTC_Alarm_IRQHandler
                0x0000000008005f40                EXTI2_IRQHandler
                0x0000000008005f40                TIM1_CC_IRQHandler
                0x0000000008005f40                PVD_IRQHandler
                0x0000000008005f40                EXTI3_IRQHandler
                0x0000000008005f40                EXTI0_IRQHandler
                0x0000000008005f40                I2C2_EV_IRQHandler
                0x0000000008005f40                SPI1_IRQHandler
                0x0000000008005f40                TAMPER_IRQHandler
                0x0000000008005f40                DMA1_Channel4_IRQHandler
                0x0000000008005f40                USART3_IRQHandler
                0x0000000008005f40                RTC_IRQHandler
                0x0000000008005f40                DMA1_Channel7_IRQHandler
                0x0000000008005f40                CAN1_RX1_IRQHandler
                0x0000000008005f40                TIM4_IRQHandler
                0x0000000008005f40                I2C1_EV_IRQHandler
                0x0000000008005f40                DMA1_Channel6_IRQHandler
                0x0000000008005f40                TIM3_IRQHandler
                0x0000000008005f40                RCC_IRQHandler
                0x0000000008005f40                TIM1_TRG_COM_IRQHandler
                0x0000000008005f40                DMA1_Channel1_IRQHandler
                0x0000000008005f40                Default_Handler
                0x0000000008005f40                EXTI15_10_IRQHandler
                0x0000000008005f40                EXTI9_5_IRQHandler
                0x0000000008005f40                SPI2_IRQHandler
                0x0000000008005f40                DMA1_Channel5_IRQHandler
                0x0000000008005f40                EXTI4_IRQHandler
                0x0000000008005f40                USB_HP_CAN1_TX_IRQHandler
                0x0000000008005f40                TIM1_UP_IRQHandler
                0x0000000008005f40                WWDG_IRQHandler
                0x0000000008005f40                TIM2_IRQHandler
                0x0000000008005f40                TIM1_BRK_IRQHandler
                0x0000000008005f40                EXTI1_IRQHandler
                0x0000000008005f40                USART2_IRQHandler
                0x0000000008005f40                I2C2_ER_IRQHandler
                0x0000000008005f40                DMA1_Channel2_IRQHandler
                0x0000000008005f40                CAN1_SCE_IRQHandler
                0x0000000008005f40                FLASH_IRQHandler
                0x0000000008005f40                I2C1_ER_IRQHandler
                0x0000000008005f40                USBWakeUp_IRQHandler
 .text.atoi     0x0000000008005f42        0x8 c:/st/stm32cubeide_1.3.0/stm32cubeide/plugins/com.st.stm32cube.ide.mcu.externaltools.gnu-tools-for-stm32.7-2018-q2-update.win32_1.0.0.201904181610/tools/bin/../lib/gcc/arm-none-eabi/7.3.1/../../../../arm-none-eabi/lib/thumb/v7-m\libc_nano.a(lib_a-atoi.o)
                0x0000000008005f42                atoi
 *fill*         0x0000000008005f4a        0x2 
 .text.__errno  0x0000000008005f4c        0xc c:/st/stm32cubeide_1.3.0/stm32cubeide/plugins/com.st.stm32cube.ide.mcu.externaltools.gnu-tools-for-stm32.7-2018-q2-update.win32_1.0.0.201904181610/tools/bin/../lib/gcc/arm-none-eabi/7.3.1/../../../../arm-none-eabi/lib/thumb/v7-m\libc_nano.a(lib_a-errno.o)
                0x0000000008005f4c                __errno
 .text.__libc_init_array
                0x0000000008005f58       0x48 c:/st/stm32cubeide_1.3.0/stm32cubeide/plugins/com.st.stm32cube.ide.mcu.externaltools.gnu-tools-for-stm32.7-2018-q2-update.win32_1.0.0.201904181610/tools/bin/../lib/gcc/arm-none-eabi/7.3.1/../../../../arm-none-eabi/lib/thumb/v7-m\libc_nano.a(lib_a-init.o)
                0x0000000008005f58                __libc_init_array
 .text.malloc   0x0000000008005fa0       0x10 c:/st/stm32cubeide_1.3.0/stm32cubeide/plugins/com.st.stm32cube.ide.mcu.externaltools.gnu-tools-for-stm32.7-2018-q2-update.win32_1.0.0.201904181610/tools/bin/../lib/gcc/arm-none-eabi/7.3.1/../../../../arm-none-eabi/lib/thumb/v7-m\libc_nano.a(lib_a-malloc.o)
                0x0000000008005fa0                malloc
 .text.free     0x0000000008005fb0       0x10 c:/st/stm32cubeide_1.3.0/stm32cubeide/plugins/com.st.stm32cube.ide.mcu.externaltools.gnu-tools-for-stm32.7-2018-q2-update.win32_1.0.0.201904181610/tools/bin/../lib/gcc/arm-none-eabi/7.3.1/../../../../arm-none-eabi/lib/thumb/v7-m\libc_nano.a(lib_a-malloc.o)
                0x0000000008005fb0                free
 .text.memcpy   0x0000000008005fc0       0x16 c:/st/stm32cubeide_1.3.0/stm32cubeide/plugins/com.st.stm32cube.ide.mcu.externaltools.gnu-tools-for-stm32.7-2018-q2-update.win32_1.0.0.201904181610/tools/bin/../lib/gcc/arm-none-eabi/7.3.1/../../../../arm-none-eabi/lib/thumb/v7-m\libc_nano.a(lib_a-memcpy-stub.o)
                0x0000000008005fc0                memcpy
 .text.memset   0x0000000008005fd6       0x10 c:/st/stm32cubeide_1.3.0/stm32cubeide/plugins/com.st.stm32cube.ide.mcu.externaltools.gnu-tools-for-stm32.7-2018-q2-update.win32_1.0.0.201904181610/tools/bin/../lib/gcc/arm-none-eabi/7.3.1/../../../../arm-none-eabi/lib/thumb/v7-m\libc_nano.a(lib_a-memset.o)
                0x0000000008005fd6                memset
 *fill*         0x0000000008005fe6        0x2 
 .text._free_r  0x0000000008005fe8       0x98 c:/st/stm32cubeide_1.3.0/stm32cubeide/plugins/com.st.stm32cube.ide.mcu.externaltools.gnu-tools-for-stm32.7-2018-q2-update.win32_1.0.0.201904181610/tools/bin/../lib/gcc/arm-none-eabi/7.3.1/../../../../arm-none-eabi/lib/thumb/v7-m\libc_nano.a(lib_a-nano-freer.o)
                0x0000000008005fe8                _free_r
 .text._malloc_r
                0x0000000008006080       0xb4 c:/st/stm32cubeide_1.3.0/stm32cubeide/plugins/com.st.stm32cube.ide.mcu.externaltools.gnu-tools-for-stm32.7-2018-q2-update.win32_1.0.0.201904181610/tools/bin/../lib/gcc/arm-none-eabi/7.3.1/../../../../arm-none-eabi/lib/thumb/v7-m\libc_nano.a(lib_a-nano-mallocr.o)
                0x0000000008006080                _malloc_r
 .text._sbrk_r  0x0000000008006134       0x20 c:/st/stm32cubeide_1.3.0/stm32cubeide/plugins/com.st.stm32cube.ide.mcu.externaltools.gnu-tools-for-stm32.7-2018-q2-update.win32_1.0.0.201904181610/tools/bin/../lib/gcc/arm-none-eabi/7.3.1/../../../../arm-none-eabi/lib/thumb/v7-m\libc_nano.a(lib_a-sbrkr.o)
                0x0000000008006134                _sbrk_r
 .text.strcat   0x0000000008006154       0x1e c:/st/stm32cubeide_1.3.0/stm32cubeide/plugins/com.st.stm32cube.ide.mcu.externaltools.gnu-tools-for-stm32.7-2018-q2-update.win32_1.0.0.201904181610/tools/bin/../lib/gcc/arm-none-eabi/7.3.1/../../../../arm-none-eabi/lib/thumb/v7-m\libc_nano.a(lib_a-strcat.o)
                0x0000000008006154                strcat
 .text.strncmp  0x0000000008006172       0x24 c:/st/stm32cubeide_1.3.0/stm32cubeide/plugins/com.st.stm32cube.ide.mcu.externaltools.gnu-tools-for-stm32.7-2018-q2-update.win32_1.0.0.201904181610/tools/bin/../lib/gcc/arm-none-eabi/7.3.1/../../../../arm-none-eabi/lib/thumb/v7-m\libc_nano.a(lib_a-strncmp.o)
                0x0000000008006172                strncmp
 .text.strncpy  0x0000000008006196       0x2a c:/st/stm32cubeide_1.3.0/stm32cubeide/plugins/com.st.stm32cube.ide.mcu.externaltools.gnu-tools-for-stm32.7-2018-q2-update.win32_1.0.0.201904181610/tools/bin/../lib/gcc/arm-none-eabi/7.3.1/../../../../arm-none-eabi/lib/thumb/v7-m\libc_nano.a(lib_a-strncpy.o)
                0x0000000008006196                strncpy
 .text.strtok   0x00000000080061c0       0x54 c:/st/stm32cubeide_1.3.0/stm32cubeide/plugins/com.st.stm32cube.ide.mcu.externaltools.gnu-tools-for-stm32.7-2018-q2-update.win32_1.0.0.201904181610/tools/bin/../lib/gcc/arm-none-eabi/7.3.1/../../../../arm-none-eabi/lib/thumb/v7-m\libc_nano.a(lib_a-strtok.o)
                0x00000000080061c0                strtok
 .text.__strtok_r
                0x0000000008006214       0x54 c:/st/stm32cubeide_1.3.0/stm32cubeide/plugins/com.st.stm32cube.ide.mcu.externaltools.gnu-tools-for-stm32.7-2018-q2-update.win32_1.0.0.201904181610/tools/bin/../lib/gcc/arm-none-eabi/7.3.1/../../../../arm-none-eabi/lib/thumb/v7-m\libc_nano.a(lib_a-strtok_r.o)
                0x0000000008006214                __strtok_r
 .text._strtol_l.isra.0
                0x0000000008006268       0xf6 c:/st/stm32cubeide_1.3.0/stm32cubeide/plugins/com.st.stm32cube.ide.mcu.externaltools.gnu-tools-for-stm32.7-2018-q2-update.win32_1.0.0.201904181610/tools/bin/../lib/gcc/arm-none-eabi/7.3.1/../../../../arm-none-eabi/lib/thumb/v7-m\libc_nano.a(lib_a-strtol.o)
 *fill*         0x000000000800635e        0x2 
 .text.strtol   0x0000000008006360       0x2c c:/st/stm32cubeide_1.3.0/stm32cubeide/plugins/com.st.stm32cube.ide.mcu.externaltools.gnu-tools-for-stm32.7-2018-q2-update.win32_1.0.0.201904181610/tools/bin/../lib/gcc/arm-none-eabi/7.3.1/../../../../arm-none-eabi/lib/thumb/v7-m\libc_nano.a(lib_a-strtol.o)
                0x0000000008006360                strtol
 .text._vsnprintf_r
                0x000000000800638c       0x58 c:/st/stm32cubeide_1.3.0/stm32cubeide/plugins/com.st.stm32cube.ide.mcu.externaltools.gnu-tools-for-stm32.7-2018-q2-update.win32_1.0.0.201904181610/tools/bin/../lib/gcc/arm-none-eabi/7.3.1/../../../../arm-none-eabi/lib/thumb/v7-m\libc_nano.a(lib_a-vsnprintf.o)
                0x000000000800638c                _vsniprintf_r
                0x000000000800638c                _vsnprintf_r
 .text.vsnprintf
                0x00000000080063e4       0x1c c:/st/stm32cubeide_1.3.0/stm32cubeide/plugins/com.st.stm32cube.ide.mcu.externaltools.gnu-tools-for-stm32.7-2018-q2-update.win32_1.0.0.201904181610/tools/bin/../lib/gcc/arm-none-eabi/7.3.1/../../../../arm-none-eabi/lib/thumb/v7-m\libc_nano.a(lib_a-vsnprintf.o)
                0x00000000080063e4                vsniprintf
                0x00000000080063e4                vsnprintf
 .text.__locale_ctype_ptr_l
                0x0000000008006400        0x6 c:/st/stm32cubeide_1.3.0/stm32cubeide/plugins/com.st.stm32cube.ide.mcu.externaltools.gnu-tools-for-stm32.7-2018-q2-update.win32_1.0.0.201904181610/tools/bin/../lib/gcc/arm-none-eabi/7.3.1/../../../../arm-none-eabi/lib/thumb/v7-m\libc_nano.a(lib_a-locale.o)
                0x0000000008006400                __locale_ctype_ptr_l
 .text.__ascii_mbtowc
                0x0000000008006406       0x24 c:/st/stm32cubeide_1.3.0/stm32cubeide/plugins/com.st.stm32cube.ide.mcu.externaltools.gnu-tools-for-stm32.7-2018-q2-update.win32_1.0.0.201904181610/tools/bin/../lib/gcc/arm-none-eabi/7.3.1/../../../../arm-none-eabi/lib/thumb/v7-m\libc_nano.a(lib_a-mbtowc_r.o)
                0x0000000008006406                __ascii_mbtowc
 .text.__malloc_lock
                0x000000000800642a        0x2 c:/st/stm32cubeide_1.3.0/stm32cubeide/plugins/com.st.stm32cube.ide.mcu.externaltools.gnu-tools-for-stm32.7-2018-q2-update.win32_1.0.0.201904181610/tools/bin/../lib/gcc/arm-none-eabi/7.3.1/../../../../arm-none-eabi/lib/thumb/v7-m\libc_nano.a(lib_a-mlock.o)
                0x000000000800642a                __malloc_lock
 .text.__malloc_unlock
                0x000000000800642c        0x2 c:/st/stm32cubeide_1.3.0/stm32cubeide/plugins/com.st.stm32cube.ide.mcu.externaltools.gnu-tools-for-stm32.7-2018-q2-update.win32_1.0.0.201904181610/tools/bin/../lib/gcc/arm-none-eabi/7.3.1/../../../../arm-none-eabi/lib/thumb/v7-m\libc_nano.a(lib_a-mlock.o)
                0x000000000800642c                __malloc_unlock
 .text.__ssputs_r
                0x000000000800642e       0xb4 c:/st/stm32cubeide_1.3.0/stm32cubeide/plugins/com.st.stm32cube.ide.mcu.externaltools.gnu-tools-for-stm32.7-2018-q2-update.win32_1.0.0.201904181610/tools/bin/../lib/gcc/arm-none-eabi/7.3.1/../../../../arm-none-eabi/lib/thumb/v7-m\libc_nano.a(lib_a-nano-svfprintf.o)
                0x000000000800642e                __ssputs_r
 *fill*         0x00000000080064e2        0x2 
 .text._svfprintf_r
                0x00000000080064e4      0x1f0 c:/st/stm32cubeide_1.3.0/stm32cubeide/plugins/com.st.stm32cube.ide.mcu.externaltools.gnu-tools-for-stm32.7-2018-q2-update.win32_1.0.0.201904181610/tools/bin/../lib/gcc/arm-none-eabi/7.3.1/../../../../arm-none-eabi/lib/thumb/v7-m\libc_nano.a(lib_a-nano-svfprintf.o)
                0x00000000080064e4                _svfiprintf_r
                0x00000000080064e4                _svfprintf_r
 .text._printf_common
                0x00000000080066d4       0xec c:/st/stm32cubeide_1.3.0/stm32cubeide/plugins/com.st.stm32cube.ide.mcu.externaltools.gnu-tools-for-stm32.7-2018-q2-update.win32_1.0.0.201904181610/tools/bin/../lib/gcc/arm-none-eabi/7.3.1/../../../../arm-none-eabi/lib/thumb/v7-m\libc_nano.a(lib_a-nano-vfprintf_i.o)
                0x00000000080066d4                _printf_common
 .text._printf_i
                0x00000000080067c0      0x224 c:/st/stm32cubeide_1.3.0/stm32cubeide/plugins/com.st.stm32cube.ide.mcu.externaltools.gnu-tools-for-stm32.7-2018-q2-update.win32_1.0.0.201904181610/tools/bin/../lib/gcc/arm-none-eabi/7.3.1/../../../../arm-none-eabi/lib/thumb/v7-m\libc_nano.a(lib_a-nano-vfprintf_i.o)
                0x00000000080067c0                _printf_i
 .text.__ascii_wctomb
                0x00000000080069e4       0x1a c:/st/stm32cubeide_1.3.0/stm32cubeide/plugins/com.st.stm32cube.ide.mcu.externaltools.gnu-tools-for-stm32.7-2018-q2-update.win32_1.0.0.201904181610/tools/bin/../lib/gcc/arm-none-eabi/7.3.1/../../../../arm-none-eabi/lib/thumb/v7-m\libc_nano.a(lib_a-wctomb_r.o)
                0x00000000080069e4                __ascii_wctomb
 .text.memchr   0x00000000080069fe       0x1c c:/st/stm32cubeide_1.3.0/stm32cubeide/plugins/com.st.stm32cube.ide.mcu.externaltools.gnu-tools-for-stm32.7-2018-q2-update.win32_1.0.0.201904181610/tools/bin/../lib/gcc/arm-none-eabi/7.3.1/../../../../arm-none-eabi/lib/thumb/v7-m\libc_nano.a(lib_a-memchr-stub.o)
                0x00000000080069fe                memchr
 .text.memmove  0x0000000008006a1a       0x32 c:/st/stm32cubeide_1.3.0/stm32cubeide/plugins/com.st.stm32cube.ide.mcu.externaltools.gnu-tools-for-stm32.7-2018-q2-update.win32_1.0.0.201904181610/tools/bin/../lib/gcc/arm-none-eabi/7.3.1/../../../../arm-none-eabi/lib/thumb/v7-m\libc_nano.a(lib_a-memmove.o)
                0x0000000008006a1a                memmove
 .text._realloc_r
                0x0000000008006a4c       0x4c c:/st/stm32cubeide_1.3.0/stm32cubeide/plugins/com.st.stm32cube.ide.mcu.externaltools.gnu-tools-for-stm32.7-2018-q2-update.win32_1.0.0.201904181610/tools/bin/../lib/gcc/arm-none-eabi/7.3.1/../../../../arm-none-eabi/lib/thumb/v7-m\libc_nano.a(lib_a-nano-reallocr.o)
                0x0000000008006a4c                _realloc_r
 .text._malloc_usable_size_r
                0x0000000008006a98       0x10 c:/st/stm32cubeide_1.3.0/stm32cubeide/plugins/com.st.stm32cube.ide.mcu.externaltools.gnu-tools-for-stm32.7-2018-q2-update.win32_1.0.0.201904181610/tools/bin/../lib/gcc/arm-none-eabi/7.3.1/../../../../arm-none-eabi/lib/thumb/v7-m\libc_nano.a(lib_a-nano-msizer.o)
                0x0000000008006a98                _malloc_usable_size_r
 *(.glue_7)
 .glue_7        0x0000000008006aa8        0x0 linker stubs
 *(.glue_7t)
 .glue_7t       0x0000000008006aa8        0x0 linker stubs
 *(.eh_frame)
 .eh_frame      0x0000000008006aa8        0x0 c:/st/stm32cubeide_1.3.0/stm32cubeide/plugins/com.st.stm32cube.ide.mcu.externaltools.gnu-tools-for-stm32.7-2018-q2-update.win32_1.0.0.201904181610/tools/bin/../lib/gcc/arm-none-eabi/7.3.1/thumb/v7-m/crtbegin.o
 *(.init)
 .init          0x0000000008006aa8        0x4 c:/st/stm32cubeide_1.3.0/stm32cubeide/plugins/com.st.stm32cube.ide.mcu.externaltools.gnu-tools-for-stm32.7-2018-q2-update.win32_1.0.0.201904181610/tools/bin/../lib/gcc/arm-none-eabi/7.3.1/thumb/v7-m/crti.o
                0x0000000008006aa8                _init
 .init          0x0000000008006aac        0x8 c:/st/stm32cubeide_1.3.0/stm32cubeide/plugins/com.st.stm32cube.ide.mcu.externaltools.gnu-tools-for-stm32.7-2018-q2-update.win32_1.0.0.201904181610/tools/bin/../lib/gcc/arm-none-eabi/7.3.1/thumb/v7-m/crtn.o
 *(.fini)
 .fini          0x0000000008006ab4        0x4 c:/st/stm32cubeide_1.3.0/stm32cubeide/plugins/com.st.stm32cube.ide.mcu.externaltools.gnu-tools-for-stm32.7-2018-q2-update.win32_1.0.0.201904181610/tools/bin/../lib/gcc/arm-none-eabi/7.3.1/thumb/v7-m/crti.o
                0x0000000008006ab4                _fini
 .fini          0x0000000008006ab8        0x8 c:/st/stm32cubeide_1.3.0/stm32cubeide/plugins/com.st.stm32cube.ide.mcu.externaltools.gnu-tools-for-stm32.7-2018-q2-update.win32_1.0.0.201904181610/tools/bin/../lib/gcc/arm-none-eabi/7.3.1/thumb/v7-m/crtn.o
                0x0000000008006ac0                . = ALIGN (0x4)
                0x0000000008006ac0                _etext = .

.vfp11_veneer   0x0000000008006ac0        0x0
 .vfp11_veneer  0x0000000008006ac0        0x0 linker stubs

.v4_bx          0x0000000008006ac0        0x0
 .v4_bx         0x0000000008006ac0        0x0 linker stubs

.iplt           0x0000000008006ac0        0x0
 .iplt          0x0000000008006ac0        0x0 c:/st/stm32cubeide_1.3.0/stm32cubeide/plugins/com.st.stm32cube.ide.mcu.externaltools.gnu-tools-for-stm32.7-2018-q2-update.win32_1.0.0.201904181610/tools/bin/../lib/gcc/arm-none-eabi/7.3.1/thumb/v7-m/crtbegin.o

.rodata         0x0000000008006ac0     0x10a0
                0x0000000008006ac0                . = ALIGN (0x4)
 *(.rodata)
 .rodata        0x0000000008006ac0       0x10 Drivers/STM32F1xx_HAL_Driver/Src/stm32f1xx_hal_rcc.o
 *(.rodata*)
 .rodata.encoderLookup
                0x0000000008006ad0      0x300 Src/WS2812B.o
 .rodata.str1.1
                0x0000000008006dd0      0x11b Src/dmx512_config.o
 .rodata.main.str1.1
                0x0000000008006eeb      0x124 Src/main.o
                                        0x133 (size before relaxing)
 .rodata.PWM_Timer_Init.str1.1
                0x000000000800700f       0x5f Src/pwm_control.o
 *fill*         0x000000000800706e        0x2 
 .rodata.channelinfo
                0x0000000008007070       0x30 Src/pwm_control.o
                0x0000000008007070                channelinfo
 .rodata.print_settings.str1.1
                0x00000000080070a0      0x3af Src/settings.o
                                        0x3cc (size before relaxing)
 .rodata.print.str1.1
                0x000000000800744f        0x3 Src/shell.o
 .rodata.shell_process.str1.1
                0x0000000008007452        0xd Src/shell.o
                                         0x15 (size before relaxing)
 *fill*         0x000000000800745f        0x1 
 .rodata.SHELL_CMD_NUM
                0x0000000008007460        0x4 Src/shell_cmd.o
                0x0000000008007460                SHELL_CMD_NUM
 .rodata.shell_cmd_dumpregs.str1.1
                0x0000000008007464       0x5e Src/shell_cmd.o
 .rodata.shell_cmd_getaddr.str1.1
                0x00000000080074c2       0x13 Src/shell_cmd.o
 .rodata.shell_cmd_getmode.str1.1
                0x00000000080074d5       0x3c Src/shell_cmd.o
 *fill*         0x0000000008007511        0x3 
 .rodata.shell_cmd_list
                0x0000000008007514       0xcc Src/shell_cmd.o
                0x0000000008007514                shell_cmd_list
 .rodata.shell_cmd_setfxmultiplier.str1.1
                0x00000000080075e0       0x13 Src/shell_cmd.o
 .rodata.shell_cmd_test.str1.1
                0x00000000080075f3       0x12 Src/shell_cmd.o
 .rodata.str1.1
                0x0000000008007605      0x2f5 Src/shell_cmd.o
 .rodata.AHBPrescTable
                0x00000000080078fa       0x10 Src/system_stm32f1xx.o
                0x00000000080078fa                AHBPrescTable
 .rodata.APBPrescTable
                0x000000000800790a        0x8 Src/system_stm32f1xx.o
                0x000000000800790a                APBPrescTable
 .rodata.print_adc_data.str1.1
                0x0000000008007912       0x33 Src/triggers.o
                                         0x3c (size before relaxing)
 .rodata.CSWTCH.3
                0x0000000008007945        0x4 Src/usbd_conf.o
 .rodata.key_backspace_seq
                0x0000000008007949        0x1 Src/vt100.o
 .rodata.key_clear_entire_line
                0x000000000800794a        0x4 Src/vt100.o
 .rodata.key_clear_eol
                0x000000000800794e        0x3 Src/vt100.o
 .rodata.key_clear_screen
                0x0000000008007951        0x4 Src/vt100.o
 .rodata.key_cursor_down_seq
                0x0000000008007955        0x3 Src/vt100.o
 .rodata.key_cursor_left_seq
                0x0000000008007958        0x3 Src/vt100.o
 .rodata.key_cursor_right_seq
                0x000000000800795b        0x3 Src/vt100.o
 .rodata.key_cursor_up_seq
                0x000000000800795e        0x3 Src/vt100.o
 .rodata.key_delete_seq
                0x0000000008007961        0x1 Src/vt100.o
 .rodata.key_move_cursor_home
                0x0000000008007962        0x3 Src/vt100.o
 .rodata.key_move_cursor_left
                0x0000000008007965        0x4 Src/vt100.o
 .rodata.key_tab_seq
                0x0000000008007969        0x1 Src/vt100.o
 *fill*         0x000000000800796a        0x2 
 .rodata.vt100_keycodes
                0x000000000800796c       0xb4 Src/vt100.o
 .rodata._setlocale_r.str1.1
                0x0000000008007a20        0x8 c:/st/stm32cubeide_1.3.0/stm32cubeide/plugins/com.st.stm32cube.ide.mcu.externaltools.gnu-tools-for-stm32.7-2018-q2-update.win32_1.0.0.201904181610/tools/bin/../lib/gcc/arm-none-eabi/7.3.1/../../../../arm-none-eabi/lib/thumb/v7-m\libc_nano.a(lib_a-locale.o)
                                          0x9 (size before relaxing)
 .rodata.str1.1
                0x0000000008007a28        0x2 c:/st/stm32cubeide_1.3.0/stm32cubeide/plugins/com.st.stm32cube.ide.mcu.externaltools.gnu-tools-for-stm32.7-2018-q2-update.win32_1.0.0.201904181610/tools/bin/../lib/gcc/arm-none-eabi/7.3.1/../../../../arm-none-eabi/lib/thumb/v7-m\libc_nano.a(lib_a-locale.o)
 .rodata._svfprintf_r.str1.1
                0x0000000008007a2a       0x11 c:/st/stm32cubeide_1.3.0/stm32cubeide/plugins/com.st.stm32cube.ide.mcu.externaltools.gnu-tools-for-stm32.7-2018-q2-update.win32_1.0.0.201904181610/tools/bin/../lib/gcc/arm-none-eabi/7.3.1/../../../../arm-none-eabi/lib/thumb/v7-m\libc_nano.a(lib_a-nano-svfprintf.o)
 .rodata._printf_i.str1.1
                0x0000000008007a3b       0x22 c:/st/stm32cubeide_1.3.0/stm32cubeide/plugins/com.st.stm32cube.ide.mcu.externaltools.gnu-tools-for-stm32.7-2018-q2-update.win32_1.0.0.201904181610/tools/bin/../lib/gcc/arm-none-eabi/7.3.1/../../../../arm-none-eabi/lib/thumb/v7-m\libc_nano.a(lib_a-nano-vfprintf_i.o)
 .rodata._ctype_
                0x0000000008007a5d      0x101 c:/st/stm32cubeide_1.3.0/stm32cubeide/plugins/com.st.stm32cube.ide.mcu.externaltools.gnu-tools-for-stm32.7-2018-q2-update.win32_1.0.0.201904181610/tools/bin/../lib/gcc/arm-none-eabi/7.3.1/../../../../arm-none-eabi/lib/thumb/v7-m\libc_nano.a(lib_a-ctype_.o)
                0x0000000008007a5d                _ctype_
                0x0000000008007b60                . = ALIGN (0x4)
 *fill*         0x0000000008007b5e        0x2 

.rel.dyn        0x0000000008007b60        0x0
 .rel.iplt      0x0000000008007b60        0x0 c:/st/stm32cubeide_1.3.0/stm32cubeide/plugins/com.st.stm32cube.ide.mcu.externaltools.gnu-tools-for-stm32.7-2018-q2-update.win32_1.0.0.201904181610/tools/bin/../lib/gcc/arm-none-eabi/7.3.1/thumb/v7-m/crtbegin.o

.ARM.extab
 *(.ARM.extab* .gnu.linkonce.armextab.*)

.ARM            0x0000000008007b60        0x0
                0x0000000008007b60                __exidx_start = .
 *(.ARM.exidx*)
                0x0000000008007b60                __exidx_end = .

.preinit_array  0x0000000008007b60        0x0
                0x0000000008007b60                PROVIDE (__preinit_array_start = .)
 *(.preinit_array*)
                0x0000000008007b60                PROVIDE (__preinit_array_end = .)

.init_array     0x0000000008007b60        0x4
                0x0000000008007b60                PROVIDE (__init_array_start = .)
 *(SORT_BY_NAME(.init_array.*))
 *(.init_array*)
 .init_array    0x0000000008007b60        0x4 c:/st/stm32cubeide_1.3.0/stm32cubeide/plugins/com.st.stm32cube.ide.mcu.externaltools.gnu-tools-for-stm32.7-2018-q2-update.win32_1.0.0.201904181610/tools/bin/../lib/gcc/arm-none-eabi/7.3.1/thumb/v7-m/crtbegin.o
                0x0000000008007b64                PROVIDE (__init_array_end = .)

.fini_array     0x0000000008007b64        0x4
                [!provide]                        PROVIDE (__fini_array_start = .)
 *(SORT_BY_NAME(.fini_array.*))
 *(.fini_array*)
 .fini_array    0x0000000008007b64        0x4 c:/st/stm32cubeide_1.3.0/stm32cubeide/plugins/com.st.stm32cube.ide.mcu.externaltools.gnu-tools-for-stm32.7-2018-q2-update.win32_1.0.0.201904181610/tools/bin/../lib/gcc/arm-none-eabi/7.3.1/thumb/v7-m/crtbegin.o
                [!provide]                        PROVIDE (__fini_array_end = .)
                0x0000000008007b68                _sidata = LOADADDR (.data)

.data           0x0000000020000000      0x264 load address 0x0000000008007b68
                0x0000000020000000                . = ALIGN (0x4)
                0x0000000020000000                _sdata = .
 *(.data)
 *(.data*)
 .data.uwTickFreq
                0x0000000020000000        0x1 Drivers/STM32F1xx_HAL_Driver/Src/stm32f1xx_hal.o
                0x0000000020000000                uwTickFreq
 *fill*         0x0000000020000001        0x3 
 .data.uwTickPrio
                0x0000000020000004        0x4 Drivers/STM32F1xx_HAL_Driver/Src/stm32f1xx_hal.o
                0x0000000020000004                uwTickPrio
 .data.regnames
                0x0000000020000008       0x68 Src/dmx512_config.o
                0x0000000020000008                regnames
 .data.dmx_error
                0x0000000020000070        0x1 Src/dmx512_rec.o
 *fill*         0x0000000020000071        0x3 
 .data.SystemCoreClock
                0x0000000020000074        0x4 Src/system_stm32f1xx.o
                0x0000000020000074                SystemCoreClock
 .data.last_button_state
                0x0000000020000078        0x1 Src/testmode.o
                0x0000000020000078                last_button_state
 .data.states   0x0000000020000079       0x14 Src/testmode.o
                0x0000000020000079                states
 *fill*         0x000000002000008d        0x3 
 .data.currentADCHandler
                0x0000000020000090        0x4 Src/triggers.o
                0x0000000020000090                currentADCHandler
 .data._impure_ptr
                0x0000000020000094        0x4 c:/st/stm32cubeide_1.3.0/stm32cubeide/plugins/com.st.stm32cube.ide.mcu.externaltools.gnu-tools-for-stm32.7-2018-q2-update.win32_1.0.0.201904181610/tools/bin/../lib/gcc/arm-none-eabi/7.3.1/../../../../arm-none-eabi/lib/thumb/v7-m\libc_nano.a(lib_a-impure.o)
                0x0000000020000094                _impure_ptr
 .data.impure_data
                0x0000000020000098       0x60 c:/st/stm32cubeide_1.3.0/stm32cubeide/plugins/com.st.stm32cube.ide.mcu.externaltools.gnu-tools-for-stm32.7-2018-q2-update.win32_1.0.0.201904181610/tools/bin/../lib/gcc/arm-none-eabi/7.3.1/../../../../arm-none-eabi/lib/thumb/v7-m\libc_nano.a(lib_a-impure.o)
 .data.__global_locale
                0x00000000200000f8      0x16c c:/st/stm32cubeide_1.3.0/stm32cubeide/plugins/com.st.stm32cube.ide.mcu.externaltools.gnu-tools-for-stm32.7-2018-q2-update.win32_1.0.0.201904181610/tools/bin/../lib/gcc/arm-none-eabi/7.3.1/../../../../arm-none-eabi/lib/thumb/v7-m\libc_nano.a(lib_a-locale.o)
                0x00000000200000f8                __global_locale
                0x0000000020000264                . = ALIGN (0x4)
                0x0000000020000264                _edata = .

.igot.plt       0x0000000020000264        0x0 load address 0x0000000008007dcc
 .igot.plt      0x0000000020000264        0x0 c:/st/stm32cubeide_1.3.0/stm32cubeide/plugins/com.st.stm32cube.ide.mcu.externaltools.gnu-tools-for-stm32.7-2018-q2-update.win32_1.0.0.201904181610/tools/bin/../lib/gcc/arm-none-eabi/7.3.1/thumb/v7-m/crtbegin.o
                0x0000000020000264                . = ALIGN (0x4)

.bss            0x0000000020000268      0xbac load address 0x0000000008007dcc
                0x0000000020000268                _sbss = .
                0x0000000020000268                __bss_start__ = _sbss
 *(.bss)
 .bss           0x0000000020000268       0x1c c:/st/stm32cubeide_1.3.0/stm32cubeide/plugins/com.st.stm32cube.ide.mcu.externaltools.gnu-tools-for-stm32.7-2018-q2-update.win32_1.0.0.201904181610/tools/bin/../lib/gcc/arm-none-eabi/7.3.1/thumb/v7-m/crtbegin.o
 *(.bss*)
 .bss.cfgidx.8521
                0x0000000020000284        0x1 Middlewares/ST/STM32_USB_Device_Library/Core/Src/usbd_ctlreq.o
 *fill*         0x0000000020000285        0x1 
 .bss.cnt.8288  0x0000000020000286        0x2 Src/WS2812B.o
 .bss.delay.8289
                0x0000000020000288        0x2 Src/WS2812B.o
 *fill*         0x000000002000028a        0x2 
 .bss.time.8206
                0x000000002000028c        0x4 Src/WS2812B.o
 .bss.dmx_mode  0x0000000020000290        0x1 Src/dmx512_config.o
 *fill*         0x0000000020000291        0x3 
 .bss.reg_addr  0x0000000020000294        0x4 Src/dmx512_config.o
 .bss.reg_data  0x0000000020000298        0x4 Src/dmx512_config.o
 .bss.reg_len   0x000000002000029c        0x4 Src/dmx512_config.o
 .bss.buffer    0x00000000200002a0        0x1 Src/dmx512_rec.o
 *fill*         0x00000000200002a1        0x1 
 .bss.byte_count
                0x00000000200002a2        0x2 Src/dmx512_rec.o
 .bss.led_status
                0x00000000200002a4        0x1 Src/dmx512_rec.o
 .bss.msg_cnt   0x00000000200002a5        0x1 Src/dmx512_rec.o
 .bss.packet_type
                0x00000000200002a6        0x1 Src/dmx512_rec.o
 *fill*         0x00000000200002a7        0x1 
 .bss.start_addr
                0x00000000200002a8        0x4 Src/dmx512_rec.o
 .bss.start_flag
                0x00000000200002ac        0x1 Src/dmx512_rec.o
 *fill*         0x00000000200002ad        0x3 
 .bss.delay_count
                0x00000000200002b0        0x4 Src/fx_api.o
                0x00000000200002b0                delay_count
 .bss.fxcnt     0x00000000200002b4        0x1 Src/fx_list.o
                0x00000000200002b4                fxcnt
 .bss.current_fx
                0x00000000200002b5        0x1 Src/fx_manager.o
                0x00000000200002b5                current_fx
 .bss.current_fx_state
                0x00000000200002b6        0x1 Src/fx_manager.o
                0x00000000200002b6                current_fx_state
 *fill*         0x00000000200002b7        0x1 
 .bss.fx_frame_count
                0x00000000200002b8        0x4 Src/fx_manager.o
                0x00000000200002b8                fx_frame_count
 .bss.last_fx   0x00000000200002bc        0x1 Src/fx_manager.o
                0x00000000200002bc                last_fx
 *fill*         0x00000000200002bd        0x1 
 .bss.brightness_scale
                0x00000000200002be        0x2 Src/light_update.o
                0x00000000200002be                brightness_scale
 .bss.reg_shadow
                0x00000000200002c0        0x4 Src/light_update.o
 .bss.testmode  0x00000000200002c4        0x1 Src/main.o
                0x00000000200002c4                testmode
 .bss.cmd_buf   0x00000000200002c5       0x40 Src/shell.o
 *fill*         0x0000000020000305        0x3 
 .bss.cmd_buf_idx
                0x0000000020000308        0x4 Src/shell.o
 .bss.cmd_hist  0x000000002000030c      0x200 Src/shell.o
 .bss.cmd_hist_get_idx
                0x000000002000050c        0x4 Src/shell.o
 .bss.cmd_hist_put_idx
                0x0000000020000510        0x4 Src/shell.o
 .bss.dbgMsg    0x0000000020000514       0x80 Src/shell.o
 .bss.heap_end.5887
                0x0000000020000594        0x4 Src/syscalls.o
 .bss.cnt       0x0000000020000598        0x2 Src/testmode.o
                0x0000000020000598                cnt
 .bss.done      0x000000002000059a        0x1 Src/testmode.o
                0x000000002000059a                done
 .bss.state     0x000000002000059b        0x1 Src/testmode.o
                0x000000002000059b                state
 .bss.cbuf.4586
                0x000000002000059c        0x8 Src/vt100.o
 .bss.cbuf_idx.4587
                0x00000000200005a4        0x1 Src/vt100.o
 *fill*         0x00000000200005a5        0x3 
 .bss.__malloc_free_list
                0x00000000200005a8        0x4 c:/st/stm32cubeide_1.3.0/stm32cubeide/plugins/com.st.stm32cube.ide.mcu.externaltools.gnu-tools-for-stm32.7-2018-q2-update.win32_1.0.0.201904181610/tools/bin/../lib/gcc/arm-none-eabi/7.3.1/../../../../arm-none-eabi/lib/thumb/v7-m\libc_nano.a(lib_a-nano-mallocr.o)
                0x00000000200005a8                __malloc_free_list
 .bss.__malloc_sbrk_start
                0x00000000200005ac        0x4 c:/st/stm32cubeide_1.3.0/stm32cubeide/plugins/com.st.stm32cube.ide.mcu.externaltools.gnu-tools-for-stm32.7-2018-q2-update.win32_1.0.0.201904181610/tools/bin/../lib/gcc/arm-none-eabi/7.3.1/../../../../arm-none-eabi/lib/thumb/v7-m\libc_nano.a(lib_a-nano-mallocr.o)
                0x00000000200005ac                __malloc_sbrk_start
 *(COMMON)
 COMMON         0x00000000200005b0        0x4 Drivers/STM32F1xx_HAL_Driver/Src/stm32f1xx_hal.o
                0x00000000200005b0                uwTick
 *fill*         0x00000000200005b4        0x4 
 COMMON         0x00000000200005b8       0x20 Drivers/STM32F1xx_HAL_Driver/Src/stm32f1xx_hal_flash.o
                0x00000000200005b8                pFlash
 COMMON         0x00000000200005d8       0x12 Src/WS2812B.o
                0x00000000200005d8                pixels
                0x00000000200005dc                numBytes
                0x00000000200005de                gOffset
                0x00000000200005df                brightness
                0x00000000200005e0                bOffset
                0x00000000200005e1                rOffset
                0x00000000200005e4                doubleBuffer
                0x00000000200005e8                numLEDs
 *fill*         0x00000000200005ea        0x2 
 COMMON         0x00000000200005ec      0x300 Src/fx_list.o
                0x00000000200005ec                fx_list
 COMMON         0x00000000200008ec        0x4 Src/fx_pwm_running_light.o
                0x00000000200008ec                data
 COMMON         0x00000000200008f0       0x4a Src/light_update.o
                0x00000000200008f0                settings
 *fill*         0x000000002000093a        0x2 
 COMMON         0x000000002000093c      0x188 Src/main.o
                0x000000002000093c                huart3
                0x000000002000097c                hadc2
                0x00000000200009ac                hiwdg
                0x00000000200009b8                hadc1
                0x00000000200009e8                huart1
                0x0000000020000a28                hspi1
                0x0000000020000a80                hdma_spi1_tx
 COMMON         0x0000000020000ac4       0xc0 Src/pwm_control.o
                0x0000000020000ac4                timerinfo
 COMMON         0x0000000020000b84       0x20 Src/triggers.o
                0x0000000020000b84                adcdata
 COMMON         0x0000000020000ba4      0x26c Src/usbd_conf.o
                0x0000000020000ba4                hpcd_USB_FS
 COMMON         0x0000000020000e10        0x4 c:/st/stm32cubeide_1.3.0/stm32cubeide/plugins/com.st.stm32cube.ide.mcu.externaltools.gnu-tools-for-stm32.7-2018-q2-update.win32_1.0.0.201904181610/tools/bin/../lib/gcc/arm-none-eabi/7.3.1/../../../../arm-none-eabi/lib/thumb/v7-m\libc_nano.a(lib_a-reent.o)
                0x0000000020000e10                errno
                0x0000000020000e14                . = ALIGN (0x4)
                0x0000000020000e14                _ebss = .
                0x0000000020000e14                __bss_end__ = _ebss

._user_heap_stack
                0x0000000020000e14      0x600 load address 0x0000000008007dcc
                0x0000000020000e14                . = ALIGN (0x4)
                0x0000000020000e14                PROVIDE (end = .)
                [!provide]                        PROVIDE (_end = .)
                0x0000000020001014                . = (. + _Min_Heap_Size)
 *fill*         0x0000000020000e14      0x200 
                0x0000000020001414                . = (. + _Min_Stack_Size)
 *fill*         0x0000000020001014      0x400 
                0x0000000020001414                . = ALIGN (0x4)

/DISCARD/
 libc.a(*)
 libm.a(*)
 libgcc.a(*)

.ARM.attributes
                0x0000000000000000       0x29
 *(.ARM.attributes)
 .ARM.attributes
                0x0000000000000000       0x1d c:/st/stm32cubeide_1.3.0/stm32cubeide/plugins/com.st.stm32cube.ide.mcu.externaltools.gnu-tools-for-stm32.7-2018-q2-update.win32_1.0.0.201904181610/tools/bin/../lib/gcc/arm-none-eabi/7.3.1/thumb/v7-m/crti.o
 .ARM.attributes
                0x000000000000001d       0x2d c:/st/stm32cubeide_1.3.0/stm32cubeide/plugins/com.st.stm32cube.ide.mcu.externaltools.gnu-tools-for-stm32.7-2018-q2-update.win32_1.0.0.201904181610/tools/bin/../lib/gcc/arm-none-eabi/7.3.1/thumb/v7-m/crtbegin.o
 .ARM.attributes
                0x000000000000004a       0x33 Drivers/STM32F1xx_HAL_Driver/Src/stm32f1xx_hal.o
 .ARM.attributes
                0x000000000000007d       0x33 Drivers/STM32F1xx_HAL_Driver/Src/stm32f1xx_hal_adc.o
 .ARM.attributes
                0x00000000000000b0       0x33 Drivers/STM32F1xx_HAL_Driver/Src/stm32f1xx_hal_adc_ex.o
 .ARM.attributes
                0x00000000000000e3       0x33 Drivers/STM32F1xx_HAL_Driver/Src/stm32f1xx_hal_cortex.o
 .ARM.attributes
                0x0000000000000116       0x33 Drivers/STM32F1xx_HAL_Driver/Src/stm32f1xx_hal_dma.o
 .ARM.attributes
                0x0000000000000149       0x33 Drivers/STM32F1xx_HAL_Driver/Src/stm32f1xx_hal_flash.o
 .ARM.attributes
                0x000000000000017c       0x33 Drivers/STM32F1xx_HAL_Driver/Src/stm32f1xx_hal_flash_ex.o
 .ARM.attributes
                0x00000000000001af       0x33 Drivers/STM32F1xx_HAL_Driver/Src/stm32f1xx_hal_gpio.o
 .ARM.attributes
                0x00000000000001e2       0x33 Drivers/STM32F1xx_HAL_Driver/Src/stm32f1xx_hal_pcd.o
 .ARM.attributes
                0x0000000000000215       0x33 Drivers/STM32F1xx_HAL_Driver/Src/stm32f1xx_hal_rcc.o
 .ARM.attributes
                0x0000000000000248       0x33 Drivers/STM32F1xx_HAL_Driver/Src/stm32f1xx_hal_rcc_ex.o
 .ARM.attributes
                0x000000000000027b       0x33 Drivers/STM32F1xx_HAL_Driver/Src/stm32f1xx_hal_spi.o
 .ARM.attributes
                0x00000000000002ae       0x33 Drivers/STM32F1xx_HAL_Driver/Src/stm32f1xx_hal_tim.o
 .ARM.attributes
                0x00000000000002e1       0x33 Drivers/STM32F1xx_HAL_Driver/Src/stm32f1xx_hal_uart.o
 .ARM.attributes
                0x0000000000000314       0x33 Drivers/STM32F1xx_HAL_Driver/Src/stm32f1xx_ll_usb.o
 .ARM.attributes
                0x0000000000000347       0x33 Middlewares/ST/STM32_USB_Device_Library/Core/Src/usbd_core.o
 .ARM.attributes
                0x000000000000037a       0x33 Middlewares/ST/STM32_USB_Device_Library/Core/Src/usbd_ctlreq.o
 .ARM.attributes
                0x00000000000003ad       0x33 Middlewares/ST/STM32_USB_Device_Library/Core/Src/usbd_ioreq.o
 .ARM.attributes
                0x00000000000003e0       0x33 Src/WS2812B.o
 .ARM.attributes
                0x0000000000000413       0x33 Src/dmx512_config.o
 .ARM.attributes
                0x0000000000000446       0x33 Src/dmx512_rec.o
 .ARM.attributes
                0x0000000000000479       0x33 Src/eeprom.o
 .ARM.attributes
                0x00000000000004ac       0x33 Src/fx_api.o
 .ARM.attributes
                0x00000000000004df       0x33 Src/fx_list.o
 .ARM.attributes
                0x0000000000000512       0x33 Src/fx_manager.o
 .ARM.attributes
                0x0000000000000545       0x33 Src/fx_pwm_pulsing_light.o
 .ARM.attributes
                0x0000000000000578       0x33 Src/fx_pwm_running_light.o
 .ARM.attributes
                0x00000000000005ab       0x33 Src/gpio_control.o
 .ARM.attributes
                0x00000000000005de       0x33 Src/light_update.o
 .ARM.attributes
                0x0000000000000611       0x33 Src/main.o
 .ARM.attributes
                0x0000000000000644       0x33 Src/pwm_control.o
 .ARM.attributes
                0x0000000000000677       0x33 Src/serial_tracer.o
 .ARM.attributes
                0x00000000000006aa       0x33 Src/settings.o
 .ARM.attributes
                0x00000000000006dd       0x33 Src/shell.o
 .ARM.attributes
                0x0000000000000710       0x33 Src/shell_cmd.o
 .ARM.attributes
                0x0000000000000743       0x33 Src/stm32f1xx_hal_msp.o
 .ARM.attributes
                0x0000000000000776       0x33 Src/stm32f1xx_it.o
 .ARM.attributes
                0x00000000000007a9       0x33 Src/syscalls.o
 .ARM.attributes
                0x00000000000007dc       0x33 Src/system_stm32f1xx.o
 .ARM.attributes
                0x000000000000080f       0x33 Src/testmode.o
 .ARM.attributes
                0x0000000000000842       0x33 Src/triggers.o
 .ARM.attributes
                0x0000000000000875       0x33 Src/usbd_conf.o
 .ARM.attributes
                0x00000000000008a8       0x33 Src/vt100.o
 .ARM.attributes
                0x00000000000008db       0x21 startup/startup_stm32f103xb.o
 .ARM.attributes
                0x00000000000008fc       0x2d c:/st/stm32cubeide_1.3.0/stm32cubeide/plugins/com.st.stm32cube.ide.mcu.externaltools.gnu-tools-for-stm32.7-2018-q2-update.win32_1.0.0.201904181610/tools/bin/../lib/gcc/arm-none-eabi/7.3.1/../../../../arm-none-eabi/lib/thumb/v7-m\libc_nano.a(lib_a-atoi.o)
 .ARM.attributes
                0x0000000000000929       0x2d c:/st/stm32cubeide_1.3.0/stm32cubeide/plugins/com.st.stm32cube.ide.mcu.externaltools.gnu-tools-for-stm32.7-2018-q2-update.win32_1.0.0.201904181610/tools/bin/../lib/gcc/arm-none-eabi/7.3.1/../../../../arm-none-eabi/lib/thumb/v7-m\libc_nano.a(lib_a-errno.o)
 .ARM.attributes
                0x0000000000000956       0x2d c:/st/stm32cubeide_1.3.0/stm32cubeide/plugins/com.st.stm32cube.ide.mcu.externaltools.gnu-tools-for-stm32.7-2018-q2-update.win32_1.0.0.201904181610/tools/bin/../lib/gcc/arm-none-eabi/7.3.1/../../../../arm-none-eabi/lib/thumb/v7-m\libc_nano.a(lib_a-impure.o)
 .ARM.attributes
                0x0000000000000983       0x2d c:/st/stm32cubeide_1.3.0/stm32cubeide/plugins/com.st.stm32cube.ide.mcu.externaltools.gnu-tools-for-stm32.7-2018-q2-update.win32_1.0.0.201904181610/tools/bin/../lib/gcc/arm-none-eabi/7.3.1/../../../../arm-none-eabi/lib/thumb/v7-m\libc_nano.a(lib_a-init.o)
 .ARM.attributes
                0x00000000000009b0       0x2d c:/st/stm32cubeide_1.3.0/stm32cubeide/plugins/com.st.stm32cube.ide.mcu.externaltools.gnu-tools-for-stm32.7-2018-q2-update.win32_1.0.0.201904181610/tools/bin/../lib/gcc/arm-none-eabi/7.3.1/../../../../arm-none-eabi/lib/thumb/v7-m\libc_nano.a(lib_a-malloc.o)
 .ARM.attributes
                0x00000000000009dd       0x2d c:/st/stm32cubeide_1.3.0/stm32cubeide/plugins/com.st.stm32cube.ide.mcu.externaltools.gnu-tools-for-stm32.7-2018-q2-update.win32_1.0.0.201904181610/tools/bin/../lib/gcc/arm-none-eabi/7.3.1/../../../../arm-none-eabi/lib/thumb/v7-m\libc_nano.a(lib_a-memcpy-stub.o)
 .ARM.attributes
                0x0000000000000a0a       0x2d c:/st/stm32cubeide_1.3.0/stm32cubeide/plugins/com.st.stm32cube.ide.mcu.externaltools.gnu-tools-for-stm32.7-2018-q2-update.win32_1.0.0.201904181610/tools/bin/../lib/gcc/arm-none-eabi/7.3.1/../../../../arm-none-eabi/lib/thumb/v7-m\libc_nano.a(lib_a-memset.o)
 .ARM.attributes
                0x0000000000000a37       0x2d c:/st/stm32cubeide_1.3.0/stm32cubeide/plugins/com.st.stm32cube.ide.mcu.externaltools.gnu-tools-for-stm32.7-2018-q2-update.win32_1.0.0.201904181610/tools/bin/../lib/gcc/arm-none-eabi/7.3.1/../../../../arm-none-eabi/lib/thumb/v7-m\libc_nano.a(lib_a-nano-freer.o)
 .ARM.attributes
                0x0000000000000a64       0x2d c:/st/stm32cubeide_1.3.0/stm32cubeide/plugins/com.st.stm32cube.ide.mcu.externaltools.gnu-tools-for-stm32.7-2018-q2-update.win32_1.0.0.201904181610/tools/bin/../lib/gcc/arm-none-eabi/7.3.1/../../../../arm-none-eabi/lib/thumb/v7-m\libc_nano.a(lib_a-nano-mallocr.o)
 .ARM.attributes
                0x0000000000000a91       0x2d c:/st/stm32cubeide_1.3.0/stm32cubeide/plugins/com.st.stm32cube.ide.mcu.externaltools.gnu-tools-for-stm32.7-2018-q2-update.win32_1.0.0.201904181610/tools/bin/../lib/gcc/arm-none-eabi/7.3.1/../../../../arm-none-eabi/lib/thumb/v7-m\libc_nano.a(lib_a-sbrkr.o)
 .ARM.attributes