shell_cmd.c:258:12:shell_cmd_dumpadc	8	static
shell_cmd.c:279:12:shell_cmd_storedefaultregs	8	static
shell_cmd.c:87:12:shell_cmd_getmode	8	static
shell_cmd.c:155:12:shell_cmd_savesettings	8	static
shell_cmd.c:120:12:shell_cmd_dumpconfig	8	static
shell_cmd.c:79:12:shell_cmd_getaddr	8	static
shell_cmd.c:106:12:shell_cmd_dumpregs	32	static
shell_cmd.c:422:12:shell_cmd_switchuartmode	8	static
shell_cmd.c:397:12:shell_cmd_setuartmode	16	static
shell_cmd.c:373:12:shell_cmd_setstriplength	16	static
shell_cmd.c:345:12:shell_cmd_settriggerctrl	16	static
shell_cmd.c:317:12:shell_cmd_settriggerconfig	16	static
shell_cmd.c:217:12:shell_cmd_setgamma	16	static
shell_cmd.c:191:12:shell_cmd_setoffset	16	static
shell_cmd.c:164:12:shell_cmd_setgain	16	static
shell_cmd.c:243:12:shell_cmd_setfxmultiplier	8	static
shell_cmd.c:67:12:shell_cmd_test	8	static
shell_cmd.c:265:12:shell_cmd_setreg	16	static
shell_cmd.c:141:12:shell_cmd_setbrightness	8	static
shell_cmd.c:127:12:shell_cmd_setpwm	16	static
