shell_cmd.c:255:12:shell_cmd_dumpadc	8	static
shell_cmd.c:276:12:shell_cmd_storedefaultregs	8	static
shell_cmd.c:87:12:shell_cmd_getmode	8	static
shell_cmd.c:152:12:shell_cmd_savesettings	8	static
shell_cmd.c:117:12:shell_cmd_dumpsettings	8	static
shell_cmd.c:79:12:shell_cmd_getaddr	8	static
shell_cmd.c:103:12:shell_cmd_dumpregs	32	static
shell_cmd.c:419:12:shell_cmd_switchuartmode	8	static
shell_cmd.c:394:12:shell_cmd_setuartmode	16	static
shell_cmd.c:370:12:shell_cmd_setstriplength	16	static
shell_cmd.c:342:12:shell_cmd_settriggerctrl	16	static
shell_cmd.c:314:12:shell_cmd_settriggerconfig	16	static
shell_cmd.c:214:12:shell_cmd_setgamma	16	static
shell_cmd.c:188:12:shell_cmd_setoffset	16	static
shell_cmd.c:161:12:shell_cmd_setgain	16	static
shell_cmd.c:240:12:shell_cmd_setfxmultiplier	8	static
shell_cmd.c:67:12:shell_cmd_test	8	static
shell_cmd.c:262:12:shell_cmd_setreg	16	static
shell_cmd.c:138:12:shell_cmd_setbrightness	8	static
shell_cmd.c:124:12:shell_cmd_setpwm	16	static
