shell_cmd.c:458:12:shell_cmd_settargetfps	8	static
shell_cmd.c:430:12:shell_cmd_switchuartmode	8	static
shell_cmd.c:405:12:shell_cmd_setuartmode	16	static
shell_cmd.c:381:12:shell_cmd_setstriplength	16	static
shell_cmd.c:353:12:shell_cmd_settriggerctrl	16	static
shell_cmd.c:325:12:shell_cmd_settriggerconfig	16	static
shell_cmd.c:194:12:shell_cmd_setoffset	8	static
shell_cmd.c:167:12:shell_cmd_setgain	8	static
shell_cmd.c:453:12:shell_cmd_currentfps	8	static
shell_cmd.c:251:12:shell_cmd_setfxmultiplier	8	static
shell_cmd.c:73:12:shell_cmd_test	8	static
shell_cmd.c:266:12:shell_cmd_dumpadc	8	static
shell_cmd.c:287:12:shell_cmd_storedefaultregs	8	static
shell_cmd.c:93:12:shell_cmd_getmode	8	static
shell_cmd.c:273:12:shell_cmd_setreg	16	static
shell_cmd.c:144:12:shell_cmd_setbrightness	8	static
shell_cmd.c:220:12:shell_cmd_setgamma	8	static
shell_cmd.c:158:12:shell_cmd_savesettings	8	static
shell_cmd.c:130:12:shell_cmd_setpwm	16	static
shell_cmd.c:123:12:shell_cmd_dumpsettings	8	static
shell_cmd.c:85:12:shell_cmd_getaddr	8	static
shell_cmd.c:109:12:shell_cmd_dumpregs	24	static
