shell_cmd.c:261:12:shell_cmd_dumpadc	8	static
shell_cmd.c:282:12:shell_cmd_storedefaultregs	8	static
shell_cmd.c:88:12:shell_cmd_getmode	8	static
shell_cmd.c:153:12:shell_cmd_savesettings	8	static
shell_cmd.c:118:12:shell_cmd_dumpsettings	8	static
shell_cmd.c:80:12:shell_cmd_getaddr	8	static
shell_cmd.c:104:12:shell_cmd_dumpregs	32	static
shell_cmd.c:425:12:shell_cmd_switchuartmode	8	static
shell_cmd.c:400:12:shell_cmd_setuartmode	16	static
shell_cmd.c:376:12:shell_cmd_setstriplength	16	static
shell_cmd.c:348:12:shell_cmd_settriggerctrl	16	static
shell_cmd.c:320:12:shell_cmd_settriggerconfig	16	static
shell_cmd.c:189:12:shell_cmd_setoffset	16	static
shell_cmd.c:162:12:shell_cmd_setgain	16	static
shell_cmd.c:246:12:shell_cmd_setfxmultiplier	8	static
shell_cmd.c:68:12:shell_cmd_test	8	static
shell_cmd.c:268:12:shell_cmd_setreg	16	static
shell_cmd.c:139:12:shell_cmd_setbrightness	8	static
shell_cmd.c:215:12:shell_cmd_setgamma	16	static
shell_cmd.c:125:12:shell_cmd_setpwm	16	static
