shell_cmd.c:132:12:shell_cmd_savesettings	8	static
shell_cmd.c:97:12:shell_cmd_dumpconfig	8	static
shell_cmd.c:56:12:shell_cmd_getaddr	8	static
shell_cmd.c:64:12:shell_cmd_getmode	8	static
shell_cmd.c:83:12:shell_cmd_dumpregs	32	static
shell_cmd.c:194:12:shell_cmd_setgamma	16	static
shell_cmd.c:168:12:shell_cmd_setoffset	16	static
shell_cmd.c:141:12:shell_cmd_setgain	16	static
shell_cmd.c:118:12:shell_cmd_setbrightness	8	static
shell_cmd.c:104:12:shell_cmd_setpwm	16	static
shell_cmd.c:44:12:shell_cmd_test	8	static
