shell_cmd.c:464:12:shell_cmd_settargetfps	8	static
shell_cmd.c:432:12:shell_cmd_switchuartmode	8	static
shell_cmd.c:407:12:shell_cmd_setuartmode	16	static
shell_cmd.c:383:12:shell_cmd_setstriplength	16	static
shell_cmd.c:355:12:shell_cmd_settriggerctrl	16	static
shell_cmd.c:327:12:shell_cmd_settriggerconfig	16	static
shell_cmd.c:197:12:shell_cmd_setoffset	8	static
shell_cmd.c:170:12:shell_cmd_setgain	8	static
shell_cmd.c:478:12:shell_cmd_timerinit	32	static
shell_cmd.c:455:12:shell_cmd_currentfps	8	static
shell_cmd.c:254:12:shell_cmd_setfxmultiplier	8	static
shell_cmd.c:76:12:shell_cmd_test	8	static
shell_cmd.c:269:12:shell_cmd_dumpadc	8	static
shell_cmd.c:290:12:shell_cmd_storedefaultregs	8	static
shell_cmd.c:96:12:shell_cmd_getmode	8	static
shell_cmd.c:276:12:shell_cmd_setreg	16	static
shell_cmd.c:147:12:shell_cmd_setbrightness	8	static
shell_cmd.c:223:12:shell_cmd_setgamma	8	static
shell_cmd.c:161:12:shell_cmd_savesettings	8	static
shell_cmd.c:133:12:shell_cmd_setpwm	16	static
shell_cmd.c:126:12:shell_cmd_dumpsettings	8	static
shell_cmd.c:88:12:shell_cmd_getaddr	8	static
shell_cmd.c:112:12:shell_cmd_dumpregs	24	static
