shell_cmd.c:224:12:shell_cmd_dumpadc	8	static
shell_cmd.c:135:12:shell_cmd_savesettings	8	static
shell_cmd.c:100:12:shell_cmd_dumpconfig	8	static
shell_cmd.c:59:12:shell_cmd_getaddr	8	static
shell_cmd.c:67:12:shell_cmd_getmode	8	static
shell_cmd.c:86:12:shell_cmd_dumpregs	32	static
shell_cmd.c:197:12:shell_cmd_setgamma	16	static
shell_cmd.c:171:12:shell_cmd_setoffset	16	static
shell_cmd.c:144:12:shell_cmd_setgain	16	static
shell_cmd.c:121:12:shell_cmd_setbrightness	8	static
shell_cmd.c:107:12:shell_cmd_setpwm	16	static
shell_cmd.c:47:12:shell_cmd_test	8	static
