shell_cmd.c:250:12:shell_cmd_dumpadc	8	static
shell_cmd.c:271:12:shell_cmd_storedefaultregs	8	static
shell_cmd.c:79:12:shell_cmd_getmode	8	static
shell_cmd.c:147:12:shell_cmd_savesettings	8	static
shell_cmd.c:112:12:shell_cmd_dumpconfig	8	static
shell_cmd.c:71:12:shell_cmd_getaddr	8	static
shell_cmd.c:98:12:shell_cmd_dumpregs	32	static
shell_cmd.c:365:12:shell_cmd_setstriplength	16	static
shell_cmd.c:337:12:shell_cmd_settriggerctrl	16	static
shell_cmd.c:309:12:shell_cmd_settriggerconfig	16	static
shell_cmd.c:209:12:shell_cmd_setgamma	16	static
shell_cmd.c:183:12:shell_cmd_setoffset	16	static
shell_cmd.c:156:12:shell_cmd_setgain	16	static
shell_cmd.c:235:12:shell_cmd_setfxmultiplier	8	static
shell_cmd.c:59:12:shell_cmd_test	8	static
shell_cmd.c:257:12:shell_cmd_setreg	16	static
shell_cmd.c:133:12:shell_cmd_setbrightness	8	static
shell_cmd.c:119:12:shell_cmd_setpwm	16	static
