shell_cmd.c:248:12:shell_cmd_dumpadc	8	static
shell_cmd.c:269:12:shell_cmd_storedefaultregs	8	static
shell_cmd.c:77:12:shell_cmd_getmode	8	static
shell_cmd.c:145:12:shell_cmd_savesettings	8	static
shell_cmd.c:110:12:shell_cmd_dumpconfig	8	static
shell_cmd.c:69:12:shell_cmd_getaddr	8	static
shell_cmd.c:96:12:shell_cmd_dumpregs	32	static
shell_cmd.c:335:12:shell_cmd_settriggerctrl	16	static
shell_cmd.c:307:12:shell_cmd_settriggerconfig	16	static
shell_cmd.c:207:12:shell_cmd_setgamma	16	static
shell_cmd.c:181:12:shell_cmd_setoffset	16	static
shell_cmd.c:154:12:shell_cmd_setgain	16	static
shell_cmd.c:233:12:shell_cmd_setfxmultiplier	8	static
shell_cmd.c:57:12:shell_cmd_test	8	static
shell_cmd.c:255:12:shell_cmd_setreg	16	static
shell_cmd.c:131:12:shell_cmd_setbrightness	8	static
shell_cmd.c:117:12:shell_cmd_setpwm	16	static
