WS2812B.c:70:6:WS2812B_show	16	static
WS2812B.c:117:6:WS2812B_setPixelColor	20	static
WS2812B.c:137:6:WS2812B_setPixelColorDirect	20	static
WS2812B.c:174:10:WS2812B_Color	0	static
WS2812B.c:180:10:WS2812B_numPixels	0	static
WS2812B.c:197:6:WS2812B_setBrightness	20	static
WS2812B.c:231:9:WS2812B_getBrightness	0	static
WS2812B.c:237:6:WS2812B_clear	16	static
WS2812B.c:10:9:WS2812B_init	40	static
WS2812B.c:252:6:WS2812B_setStripColor	24	static
WS2812B.c:262:10:WS2812B_colorWheel	0	static
WS2812B.c:285:6:WS2812B_rainbow	24	static
WS2812B.c:300:6:WS2812B_test	8	static
