fx_api.c:21:6:reset_frame_delay	0	static
fx_api.c:27:9:check_frame_delay	0	static
fx_api.c:40:9:check_custom_frame_delay	0	static
fx_api.c:53:6:set_pwm_light	0	static
fx_api.c:59:6:set_pwm_timer_channel	16	static
fx_api.c:67:6:set_pwm_brightness	0	static
fx_api.c:74:9:get_DMX_variable	0	static
fx_api.c:80:6:set_DMX_variable	0	static
fx_api.c:87:9:get_tigger_val	0	static
fx_api.c:92:10:millisec	0	static
fx_api.c:98:9:scale256	0	static
fx_api.c:103:9:create_rgb_buffer	16	static
fx_api.c:115:6:destroy_rgb_buffer	0	static
fx_api.c:120:6:set_buffer_pixel	8	static
fx_api.c:128:6:set_pixels_from_buf	32	static
fx_api.c:143:6:fade_rgb_buf	0	static
